Archive member included to satisfy reference by file (symbol)

/home/nicoladgg/wsFreedomStudio/SiFive_HiFive_RevB_Projects/bsp/install/lib/debug//libmetal.a(entry.o)
                              (_enter)
/home/nicoladgg/wsFreedomStudio/SiFive_HiFive_RevB_Projects/bsp/install/lib/debug//libmetal.a(scrub.o)
                              /home/nicoladgg/wsFreedomStudio/SiFive_HiFive_RevB_Projects/bsp/install/lib/debug//libmetal.a(entry.o) (__metal_before_start)
/home/nicoladgg/wsFreedomStudio/SiFive_HiFive_RevB_Projects/bsp/install/lib/debug//libmetal.a(trap.o)
                              /home/nicoladgg/wsFreedomStudio/SiFive_HiFive_RevB_Projects/bsp/install/lib/debug//libmetal.a(entry.o) (early_trap_vector)
/home/nicoladgg/wsFreedomStudio/SiFive_HiFive_RevB_Projects/bsp/install/lib/debug//libmetal-gloss.a(crt0.o)
                              /home/nicoladgg/wsFreedomStudio/SiFive_HiFive_RevB_Projects/bsp/install/lib/debug//libmetal.a(entry.o) (_start)
/home/nicoladgg/Scrivania/SiFive_HiFive1_RevB/FreedomStudio-4.18.0.2021-04-1-x86_64-linux-ubuntu14/SiFive/riscv64-unknown-elf-toolchain-10.2.0-2020.12.8/bin/../lib/gcc/riscv64-unknown-elf/10.2.0/../../../../riscv64-unknown-elf/lib/rv32imac/ilp32/libc_nano.a(lib_a-atexit.o)
                              /home/nicoladgg/wsFreedomStudio/SiFive_HiFive_RevB_Projects/bsp/install/lib/debug//libmetal-gloss.a(crt0.o) (atexit)
/home/nicoladgg/Scrivania/SiFive_HiFive1_RevB/FreedomStudio-4.18.0.2021-04-1-x86_64-linux-ubuntu14/SiFive/riscv64-unknown-elf-toolchain-10.2.0-2020.12.8/bin/../lib/gcc/riscv64-unknown-elf/10.2.0/../../../../riscv64-unknown-elf/lib/rv32imac/ilp32/libc_nano.a(lib_a-exit.o)
                              /home/nicoladgg/wsFreedomStudio/SiFive_HiFive_RevB_Projects/bsp/install/lib/debug//libmetal-gloss.a(crt0.o) (exit)
/home/nicoladgg/Scrivania/SiFive_HiFive1_RevB/FreedomStudio-4.18.0.2021-04-1-x86_64-linux-ubuntu14/SiFive/riscv64-unknown-elf-toolchain-10.2.0-2020.12.8/bin/../lib/gcc/riscv64-unknown-elf/10.2.0/../../../../riscv64-unknown-elf/lib/rv32imac/ilp32/libc_nano.a(lib_a-fini.o)
                              /home/nicoladgg/wsFreedomStudio/SiFive_HiFive_RevB_Projects/bsp/install/lib/debug//libmetal-gloss.a(crt0.o) (__libc_fini_array)
/home/nicoladgg/Scrivania/SiFive_HiFive1_RevB/FreedomStudio-4.18.0.2021-04-1-x86_64-linux-ubuntu14/SiFive/riscv64-unknown-elf-toolchain-10.2.0-2020.12.8/bin/../lib/gcc/riscv64-unknown-elf/10.2.0/../../../../riscv64-unknown-elf/lib/rv32imac/ilp32/libc_nano.a(lib_a-impure.o)
                              /home/nicoladgg/Scrivania/SiFive_HiFive1_RevB/FreedomStudio-4.18.0.2021-04-1-x86_64-linux-ubuntu14/SiFive/riscv64-unknown-elf-toolchain-10.2.0-2020.12.8/bin/../lib/gcc/riscv64-unknown-elf/10.2.0/../../../../riscv64-unknown-elf/lib/rv32imac/ilp32/libc_nano.a(lib_a-exit.o) (_global_impure_ptr)
/home/nicoladgg/Scrivania/SiFive_HiFive1_RevB/FreedomStudio-4.18.0.2021-04-1-x86_64-linux-ubuntu14/SiFive/riscv64-unknown-elf-toolchain-10.2.0-2020.12.8/bin/../lib/gcc/riscv64-unknown-elf/10.2.0/../../../../riscv64-unknown-elf/lib/rv32imac/ilp32/libc_nano.a(lib_a-init.o)
                              /home/nicoladgg/wsFreedomStudio/SiFive_HiFive_RevB_Projects/bsp/install/lib/debug//libmetal-gloss.a(crt0.o) (__libc_init_array)
/home/nicoladgg/Scrivania/SiFive_HiFive1_RevB/FreedomStudio-4.18.0.2021-04-1-x86_64-linux-ubuntu14/SiFive/riscv64-unknown-elf-toolchain-10.2.0-2020.12.8/bin/../lib/gcc/riscv64-unknown-elf/10.2.0/../../../../riscv64-unknown-elf/lib/rv32imac/ilp32/libc_nano.a(lib_a-__atexit.o)
                              /home/nicoladgg/Scrivania/SiFive_HiFive1_RevB/FreedomStudio-4.18.0.2021-04-1-x86_64-linux-ubuntu14/SiFive/riscv64-unknown-elf-toolchain-10.2.0-2020.12.8/bin/../lib/gcc/riscv64-unknown-elf/10.2.0/../../../../riscv64-unknown-elf/lib/rv32imac/ilp32/libc_nano.a(lib_a-atexit.o) (__register_exitproc)
/home/nicoladgg/Scrivania/SiFive_HiFive1_RevB/FreedomStudio-4.18.0.2021-04-1-x86_64-linux-ubuntu14/SiFive/riscv64-unknown-elf-toolchain-10.2.0-2020.12.8/bin/../lib/gcc/riscv64-unknown-elf/10.2.0/../../../../riscv64-unknown-elf/lib/rv32imac/ilp32/libc_nano.a(lib_a-__call_atexit.o)
                              /home/nicoladgg/Scrivania/SiFive_HiFive1_RevB/FreedomStudio-4.18.0.2021-04-1-x86_64-linux-ubuntu14/SiFive/riscv64-unknown-elf-toolchain-10.2.0-2020.12.8/bin/../lib/gcc/riscv64-unknown-elf/10.2.0/../../../../riscv64-unknown-elf/lib/rv32imac/ilp32/libc_nano.a(lib_a-__atexit.o) (__call_exitprocs)
/home/nicoladgg/wsFreedomStudio/SiFive_HiFive_RevB_Projects/bsp/install/lib/debug//libmetal.a(init.o)
                              /home/nicoladgg/wsFreedomStudio/SiFive_HiFive_RevB_Projects/bsp/install/lib/debug//libmetal-gloss.a(crt0.o) (metal_init_run)
/home/nicoladgg/wsFreedomStudio/SiFive_HiFive_RevB_Projects/bsp/install/lib/debug//libmetal.a(synchronize_harts.o)
[...]
Memory Configuration

Name             Origin             Length             Attributes
itim             0x0000000008000000 0x0000000000002000 axrwl
ram              0x0000000080000000 0x0000000000004000 arw !xl
rom              0x0000000020010000 0x000000000006a120 xrl !aw
*default*        0x0000000000000000 0xffffffffffffffff

Linker script and memory map

LOAD /tmp/cc0xU0ZT.o
START GROUP
LOAD /home/nicoladgg/Scrivania/SiFive_HiFive1_RevB/FreedomStudio-4.18.0.2021-04-1-x86_64-linux-ubuntu14/SiFive/riscv64-unknown-elf-toolchain-10.2.0-2020.12.8/bin/../lib/gcc/riscv64-unknown-elf/10.2.0/../../../../riscv64-unknown-elf/lib/rv32imac/ilp32/libc_nano.a
LOAD /home/nicoladgg/Scrivania/SiFive_HiFive1_RevB/FreedomStudio-4.18.0.2021-04-1-x86_64-linux-ubuntu14/SiFive/riscv64-unknown-elf-toolchain-10.2.0-2020.12.8/bin/../lib/gcc/riscv64-unknown-elf/10.2.0/rv32imac/ilp32/libgcc.a
LOAD /home/nicoladgg/Scrivania/SiFive_HiFive1_RevB/FreedomStudio-4.18.0.2021-04-1-x86_64-linux-ubuntu14/SiFive/riscv64-unknown-elf-toolchain-10.2.0-2020.12.8/bin/../lib/gcc/riscv64-unknown-elf/10.2.0/../../../../riscv64-unknown-elf/lib/rv32imac/ilp32/libm_nano.a
LOAD /home/nicoladgg/wsFreedomStudio/SiFive_HiFive_RevB_Projects/bsp/install/lib/debug//libmetal.a
LOAD /home/nicoladgg/wsFreedomStudio/SiFive_HiFive_RevB_Projects/bsp/install/lib/debug//libmetal-gloss.a
END GROUP
                0x0000000000000400                __stack_size = DEFINED (__stack_size)?__stack_size:0x400
                [!provide]                        PROVIDE (__stack_size = __stack_size)
                0x0000000000000800                __heap_size = DEFINED (__heap_size)?__heap_size:0x800
                0x0000000000000000                PROVIDE (__metal_boot_hart = 0x0)
                0x0000000000000001                PROVIDE (__metal_chicken_bit = 0x1)
                0x0000000000000000                PROVIDE (__metal_eccscrub_bit = 0x0)
                [!provide]                        PROVIDE (metal_dtim_0_memory_start = 0x80000000)
                [!provide]                        PROVIDE (metal_dtim_0_memory_end = 0x80004000)
                [!provide]                        PROVIDE (metal_itim_0_memory_start = 0x8000000)
                [!provide]                        PROVIDE (metal_itim_0_memory_end = 0x8002000)

.init           0x0000000020010000      0x2dc
 *(.text.metal.init.enter)
 .text.metal.init.enter
                0x0000000020010000       0x88 /home/nicoladgg/wsFreedomStudio/SiFive_HiFive_RevB_Projects/bsp/install/lib/debug//libmetal.a(entry.o)
                0x0000000020010000                _enter
 *(.text.metal.init.*)
 .text.metal.init.__register_frame_info
                0x0000000020010088        0x2 /home/nicoladgg/wsFreedomStudio/SiFive_HiFive_RevB_Projects/bsp/install/lib/debug//libmetal.a(entry.o)
                0x0000000020010088                __register_frame_info
 .text.metal.init.scrub
                0x000000002001008a       0xa8 /home/nicoladgg/wsFreedomStudio/SiFive_HiFive_RevB_Projects/bsp/install/lib/debug//libmetal.a(scrub.o)
                0x000000002001008a                metal_mem_scrub
                0x00000000200100cc                __metal_before_start
 *fill*         0x0000000020010132        0x2 
 .text.metal.init.trapvec
                0x0000000020010134        0xe /home/nicoladgg/wsFreedomStudio/SiFive_HiFive_RevB_Projects/bsp/install/lib/debug//libmetal.a(trap.o)
                0x0000000020010134                early_trap_vector
 *(SORT_NONE(.init))
 .init          0x0000000020010142        0xe /home/nicoladgg/wsFreedomStudio/SiFive_HiFive_RevB_Projects/bsp/install/lib/debug//libmetal.a(synchronize_harts.o)
                0x0000000020010142                __metal_synchronize_harts
 *(.text.libgloss.start)
 .text.libgloss.start
                0x0000000020010150      0x18c /home/nicoladgg/wsFreedomStudio/SiFive_HiFive_RevB_Projects/bsp/install/lib/debug//libmetal-gloss.a(crt0.o)
                0x0000000020010150                _start
                0x00000000200102ba                _init
                0x00000000200102ba                _fini
                0x00000000200102bc                secondary_main

.fini
 *(SORT_NONE(.fini))

.preinit_array  0x00000000200102e0        0x0
                0x00000000200102e0                PROVIDE (__preinit_array_start = .)
 *(.preinit_array)
                0x00000000200102e0                PROVIDE (__preinit_array_end = .)

.init_array     0x00000000200102e0        0x8
                0x00000000200102e0                PROVIDE (__init_array_start = .)
 *(SORT_BY_INIT_PRIORITY(.init_array.*) SORT_BY_INIT_PRIORITY(.ctors.*))
 *(.init_array EXCLUDE_FILE(*crtend?.o *crtend.o *crtbegin?.o *crtbegin.o) .ctors)
                0x00000000200102e0                PROVIDE (__init_array_end = .)
                0x00000000200102e0                PROVIDE (metal_constructors_start = .)
 *(SORT_BY_INIT_PRIORITY(.metal.init_array.*))
 .metal.init_array.5000
                0x00000000200102e0        0x8 /home/nicoladgg/wsFreedomStudio/SiFive_HiFive_RevB_Projects/bsp/install/lib/debug//libmetal.a(sifive_fe310-g000_pll.o)
                0x00000000200102e0                _metal_sifive_fe310_g000_pll_init_ptr
                0x00000000200102e4                _use_hfxosc_ptr
 *(.metal.init_array)
                0x00000000200102e8                PROVIDE (metal_constructors_end = .)

.fini_array     0x00000000200102e8        0x0
                0x00000000200102e8                PROVIDE (__fini_array_start = .)
 *(SORT_BY_INIT_PRIORITY(.fini_array.*) SORT_BY_INIT_PRIORITY(.dtors.*))
 *(.fini_array EXCLUDE_FILE(*crtend?.o *crtend.o *crtbegin?.o *crtbegin.o) .dtors)
                0x00000000200102e8                PROVIDE (__fini_array_end = .)
                0x00000000200102e8                PROVIDE (metal_destructors_start = .)
 *(SORT_BY_INIT_PRIORITY(.metal.fini_array.*))
 *(.metal.fini_array)
                0x00000000200102e8                PROVIDE (metal_destructors_end = .)

.ctors          0x00000000200102e8       0x56
 *crtbegin.o(.ctors)
 *crtbegin?.o(.ctors)
 *(EXCLUDE_FILE(*crtend?.o *crtend.o) .ctors)
 *(SORT_BY_NAME(.ctors.*))
 *(.ctors)
 *(.metal.ctors .metal.ctors.*)
 .metal.ctors   0x00000000200102e8       0x56 /home/nicoladgg/wsFreedomStudio/SiFive_HiFive_RevB_Projects/bsp/install/lib/debug//libmetal.a(sifive_fe310-g000_pll.o)
                0x00000000200102e8                metal_sifive_fe310_g000_pll_init
                0x0000000020010314                use_hfxosc

.dtors
 *crtbegin.o(.dtors)
 *crtbegin?.o(.dtors)
 *(EXCLUDE_FILE(*crtend?.o *crtend.o) .dtors)
 *(SORT_BY_NAME(.dtors.*))
 *(.dtors)
 *(.metal.dtors .metal.dtors.*)

.rodata         0x0000000020010340      0xa54
 *(.rdata)
 *(.rodata .rodata.*)
 .rodata.libgloss.start
                0x0000000020010340       0x11 /home/nicoladgg/wsFreedomStudio/SiFive_HiFive_RevB_Projects/bsp/install/lib/debug//libmetal-gloss.a(crt0.o)
 *fill*         0x0000000020010351        0x3 
 .rodata.__metal_driver_vtable_riscv_clint0
                0x0000000020010354       0x64 /home/nicoladgg/wsFreedomStudio/SiFive_HiFive_RevB_Projects/bsp/install/lib/debug//libmetal.a(riscv_clint0.o)
                0x0000000020010354                __metal_driver_vtable_riscv_clint0
 .rodata.__metal_local_interrupt_enable
                0x00000000200103b8       0x80 /home/nicoladgg/wsFreedomStudio/SiFive_HiFive_RevB_Projects/bsp/install/lib/debug//libmetal.a(riscv_cpu.o)
 .rodata.__metal_driver_vtable_riscv_cpu_intc
                0x0000000020010438       0x64 /home/nicoladgg/wsFreedomStudio/SiFive_HiFive_RevB_Projects/bsp/install/lib/debug//libmetal.a(riscv_cpu.o)
                0x0000000020010438                __metal_driver_vtable_riscv_cpu_intc
 .rodata.__metal_driver_vtable_cpu
                0x000000002001049c       0x44 /home/nicoladgg/wsFreedomStudio/SiFive_HiFive_RevB_Projects/bsp/install/lib/debug//libmetal.a(riscv_cpu.o)
                0x000000002001049c                __metal_driver_vtable_cpu
 .rodata.pll_configs
                0x00000000200104e0      0x880 /home/nicoladgg/wsFreedomStudio/SiFive_HiFive_RevB_Projects/bsp/install/lib/debug//libmetal.a(sifive_fe310-g000_pll.o)
 .rodata.__metal_driver_vtable_sifive_fe310_g000_pll
                0x0000000020010d60        0xc /home/nicoladgg/wsFreedomStudio/SiFive_HiFive_RevB_Projects/bsp/install/lib/debug//libmetal.a(sifive_fe310-g000_pll.o)
                0x0000000020010d60                __metal_driver_vtable_sifive_fe310_g000_pll
 *(.gnu.linkonce.r.*)
                0x0000000020010d70                . = ALIGN (0x8)
 *fill*         0x0000000020010d6c        0x4 
 *(.srodata.cst16)
 *(.srodata.cst8)
 *(.srodata.cst4)
 *(.srodata.cst2)
 *(.srodata .srodata.*)
 .srodata._global_impure_ptr
                0x0000000020010d70        0x4 /home/nicoladgg/Scrivania/SiFive_HiFive1_RevB/FreedomStudio-4.18.0.2021-04-1-x86_64-linux-ubuntu14/SiFive/riscv64-unknown-elf-toolchain-10.2.0-2020.12.8/bin/../lib/gcc/riscv64-unknown-elf/10.2.0/../../../../riscv64-unknown-elf/lib/rv32imac/ilp32/libc_nano.a(lib_a-impure.o)
                0x0000000020010d70                _global_impure_ptr
 .srodata.__metal_driver_vtable_sifive_fe310_g000_hfrosc
                0x0000000020010d74        0x8 /home/nicoladgg/wsFreedomStudio/SiFive_HiFive_RevB_Projects/bsp/install/lib/debug//libmetal.a(sifive_fe310-g000_hfrosc.o)
                0x0000000020010d74                __metal_driver_vtable_sifive_fe310_g000_hfrosc
 .srodata.__metal_driver_vtable_sifive_fe310_g000_hfxosc
                0x0000000020010d7c        0x8 /home/nicoladgg/wsFreedomStudio/SiFive_HiFive_RevB_Projects/bsp/install/lib/debug//libmetal.a(sifive_fe310-g000_hfxosc.o)
                0x0000000020010d7c                __metal_driver_vtable_sifive_fe310_g000_hfxosc
 .srodata.__metal_driver_vtable_sifive_fe310_g000_prci
                0x0000000020010d84        0x8 /home/nicoladgg/wsFreedomStudio/SiFive_HiFive_RevB_Projects/bsp/install/lib/debug//libmetal.a(sifive_fe310-g000_prci.o)
                0x0000000020010d84                __metal_driver_vtable_sifive_fe310_g000_prci
 .srodata.__metal_driver_vtable_fixed_clock
                0x0000000020010d8c        0x8 /home/nicoladgg/wsFreedomStudio/SiFive_HiFive_RevB_Projects/bsp/install/lib/debug//libmetal.a(fixed-clock.o)
                0x0000000020010d8c                __metal_driver_vtable_fixed_clock

.itim           0x0000000008000000        0x0 load address 0x0000000020010d98
 *(.itim .itim.*)
                0x0000000020010d98                PROVIDE (metal_segment_itim_source_start = LOADADDR (.itim))
                0x0000000008000000                PROVIDE (metal_segment_itim_target_start = ADDR (.itim))
                0x0000000008000000                PROVIDE (metal_segment_itim_target_end = (ADDR (.itim) + SIZEOF (.itim)))

.lim            0x0000000080000000        0x0 load address 0x0000000020010d98
 *(.lim .lim.*)
                0x0000000020010d98                PROVIDE (metal_segment_lim_source_start = LOADADDR (.lim))
                0x0000000080000000                PROVIDE (metal_segment_lim_target_start = ADDR (.lim))
                0x0000000080000000                PROVIDE (metal_segment_lim_target_end = (ADDR (.lim) + SIZEOF (.lim)))

.text           0x0000000020010e00     0x35c2
 *(.text.unlikely .text.unlikely.*)
 *(.text.startup .text.startup.*)
 *(.text .text.*)
 .text.plic_interrupt_enable
                0x0000000020010e00       0x6a /tmp/cc0xU0ZT.o
                0x0000000020010e00                plic_interrupt_enable
 .text.plic_interrupt_handler
                0x0000000020010e6a       0x68 /tmp/cc0xU0ZT.o
                0x0000000020010e6a                plic_interrupt_handler
 .text.clint_interrupt_timer_enable
                0x0000000020010ed2       0x4a /tmp/cc0xU0ZT.o
                0x0000000020010ed2                clint_interrupt_timer_enable
 .text.interrupt_enable
                0x0000000020010f1c       0x4a /tmp/cc0xU0ZT.o
                0x0000000020010f1c                interrupt_enable
 *fill*         0x0000000020010f66       0x1a 
 .text.interrupt_service_routine
                0x0000000020010f80       0xb6 /tmp/cc0xU0ZT.o
                0x0000000020010f80                interrupt_service_routine
 .text.set_freq_320MHz
                0x0000000020011036       0x48 /tmp/cc0xU0ZT.o
                0x0000000020011036                set_freq_320MHz
 .text.rtc_next_wake_time
                0x000000002001107e       0xb6 /tmp/cc0xU0ZT.o
                0x000000002001107e                rtc_next_wake_time
 .text.main     0x0000000020011134      0x1f0 /tmp/cc0xU0ZT.o
                0x0000000020011134                main
 .text.wait_timer
                0x0000000020011324       0x3e /tmp/cc0xU0ZT.o
                0x0000000020011324                wait_timer
 .text.clint_timer_interrupt_handler
                0x0000000020011362       0x22 /tmp/cc0xU0ZT.o
                0x0000000020011362                clint_timer_interrupt_handler
 .text.handler  0x0000000020011384       0x90 /tmp/cc0xU0ZT.o
                0x0000000020011384                handler
 .text.atexit   0x0000000020011414        0xa /home/nicoladgg/Scrivania/SiFive_HiFive1_RevB/FreedomStudio-4.18.0.2021-04-1-x86_64-linux-ubuntu14/SiFive/riscv64-unknown-elf-toolchain-10.2.0-2020.12.8/bin/../lib/gcc/riscv64-unknown-elf/10.2.0/../../../../riscv64-unknown-elf/lib/rv32imac/ilp32/libc_nano.a(lib_a-atexit.o)
                0x0000000020011414                atexit
 .text.exit     0x000000002001141e       0x2a /home/nicoladgg/Scrivania/SiFive_HiFive1_RevB/FreedomStudio-4.18.0.2021-04-1-x86_64-linux-ubuntu14/SiFive/riscv64-unknown-elf-toolchain-10.2.0-2020.12.8/bin/../lib/gcc/riscv64-unknown-elf/10.2.0/../../../../riscv64-unknown-elf/lib/rv32imac/ilp32/libc_nano.a(lib_a-exit.o)
                0x000000002001141e                exit
 .text.__libc_fini_array
                0x0000000020011448       0x36 /home/nicoladgg/Scrivania/SiFive_HiFive1_RevB/FreedomStudio-4.18.0.2021-04-1-x86_64-linux-ubuntu14/SiFive/riscv64-unknown-elf-toolchain-10.2.0-2020.12.8/bin/../lib/gcc/riscv64-unknown-elf/10.2.0/../../../../riscv64-unknown-elf/lib/rv32imac/ilp32/libc_nano.a(lib_a-fini.o)
                0x0000000020011448                __libc_fini_array
 .text.__libc_init_array
                0x000000002001147e       0x5e /home/nicoladgg/Scrivania/SiFive_HiFive1_RevB/FreedomStudio-4.18.0.2021-04-1-x86_64-linux-ubuntu14/SiFive/riscv64-unknown-elf-toolchain-10.2.0-2020.12.8/bin/../lib/gcc/riscv64-unknown-elf/10.2.0/../../../../riscv64-unknown-elf/lib/rv32imac/ilp32/libc_nano.a(lib_a-init.o)
                0x000000002001147e                __libc_init_array
 .text.__register_exitproc
                0x00000000200114dc       0x7c /home/nicoladgg/Scrivania/SiFive_HiFive1_RevB/FreedomStudio-4.18.0.2021-04-1-x86_64-linux-ubuntu14/SiFive/riscv64-unknown-elf-toolchain-10.2.0-2020.12.8/bin/../lib/gcc/riscv64-unknown-elf/10.2.0/../../../../riscv64-unknown-elf/lib/rv32imac/ilp32/libc_nano.a(lib_a-__atexit.o)
                0x00000000200114dc                __register_exitproc
 .text.__call_exitprocs
                0x0000000020011558       0xc8 /home/nicoladgg/Scrivania/SiFive_HiFive1_RevB/FreedomStudio-4.18.0.2021-04-1-x86_64-linux-ubuntu14/SiFive/riscv64-unknown-elf-toolchain-10.2.0-2020.12.8/bin/../lib/gcc/riscv64-unknown-elf/10.2.0/../../../../riscv64-unknown-elf/lib/rv32imac/ilp32/libc_nano.a(lib_a-__call_atexit.o)
                0x0000000020011558                __call_exitprocs
 .text.metal_init
                0x0000000020011620       0x78 /home/nicoladgg/wsFreedomStudio/SiFive_HiFive_RevB_Projects/bsp/install/lib/debug//libmetal.a(init.o)
                0x0000000020011620                metal_init
 .text.metal_fini
                0x0000000020011698       0x78 /home/nicoladgg/wsFreedomStudio/SiFive_HiFive_RevB_Projects/bsp/install/lib/debug//libmetal.a(init.o)
                0x0000000020011698                metal_fini
 .text.metal_init_run
                0x0000000020011710       0x14 /home/nicoladgg/wsFreedomStudio/SiFive_HiFive_RevB_Projects/bsp/install/lib/debug//libmetal.a(init.o)
                0x0000000020011710                metal_init_run
 .text.metal_fini_run
                0x0000000020011724       0x14 /home/nicoladgg/wsFreedomStudio/SiFive_HiFive_RevB_Projects/bsp/install/lib/debug//libmetal.a(init.o)
                0x0000000020011724                metal_fini_run
 .text.__metal_driver_sifive_clint0_control_base
                0x0000000020011738       0x26 /home/nicoladgg/wsFreedomStudio/SiFive_HiFive_RevB_Projects/bsp/install/lib/debug//libmetal.a(riscv_clint0.o)
 .text.__metal_driver_sifive_clint0_num_interrupts
                0x000000002001175e       0x24 /home/nicoladgg/wsFreedomStudio/SiFive_HiFive_RevB_Projects/bsp/install/lib/debug//libmetal.a(riscv_clint0.o)
 .text.__metal_driver_sifive_clint0_interrupt_parents
                0x0000000020011782       0x3c /home/nicoladgg/wsFreedomStudio/SiFive_HiFive_RevB_Projects/bsp/install/lib/debug//libmetal.a(riscv_clint0.o)
 .text.__metal_driver_sifive_clint0_interrupt_lines
                0x00000000200117be       0x30 /home/nicoladgg/wsFreedomStudio/SiFive_HiFive_RevB_Projects/bsp/install/lib/debug//libmetal.a(riscv_clint0.o)
 .text.__metal_clint0_mtime_get
                0x00000000200117ee       0x9a /home/nicoladgg/wsFreedomStudio/SiFive_HiFive_RevB_Projects/bsp/install/lib/debug//libmetal.a(riscv_clint0.o)
                0x00000000200117ee                __metal_clint0_mtime_get
 .text.__metal_driver_riscv_clint0_mtimecmp_set
                0x0000000020011888       0x96 /home/nicoladgg/wsFreedomStudio/SiFive_HiFive_RevB_Projects/bsp/install/lib/debug//libmetal.a(riscv_clint0.o)
                0x0000000020011888                __metal_driver_riscv_clint0_mtimecmp_set
 .text._get_cpu_intc
                0x000000002001191e       0x36 /home/nicoladgg/wsFreedomStudio/SiFive_HiFive_RevB_Projects/bsp/install/lib/debug//libmetal.a(riscv_clint0.o)
 .text.__metal_driver_riscv_clint0_init
                0x0000000020011954       0x88 /home/nicoladgg/wsFreedomStudio/SiFive_HiFive_RevB_Projects/bsp/install/lib/debug//libmetal.a(riscv_clint0.o)
                0x0000000020011954                __metal_driver_riscv_clint0_init
 .text.__metal_driver_riscv_clint0_register
                0x00000000200119dc       0xda /home/nicoladgg/wsFreedomStudio/SiFive_HiFive_RevB_Projects/bsp/install/lib/debug//libmetal.a(riscv_clint0.o)
                0x00000000200119dc                __metal_driver_riscv_clint0_register
 .text.__metal_driver_riscv_clint0_vector_register
                0x0000000020011ab6       0x28 /home/nicoladgg/wsFreedomStudio/SiFive_HiFive_RevB_Projects/bsp/install/lib/debug//libmetal.a(riscv_clint0.o)
                0x0000000020011ab6                __metal_driver_riscv_clint0_vector_register
 .text.__metal_driver_riscv_clint0_get_vector_mode
                0x0000000020011ade       0x1c /home/nicoladgg/wsFreedomStudio/SiFive_HiFive_RevB_Projects/bsp/install/lib/debug//libmetal.a(riscv_clint0.o)
                0x0000000020011ade                __metal_driver_riscv_clint0_get_vector_mode
 .text.__metal_driver_riscv_clint0_set_vector_mode
                0x0000000020011afa       0x58 /home/nicoladgg/wsFreedomStudio/SiFive_HiFive_RevB_Projects/bsp/install/lib/debug//libmetal.a(riscv_clint0.o)
                0x0000000020011afa                __metal_driver_riscv_clint0_set_vector_mode
 .text.__metal_driver_riscv_clint0_enable
                0x0000000020011b52       0xb2 /home/nicoladgg/wsFreedomStudio/SiFive_HiFive_RevB_Projects/bsp/install/lib/debug//libmetal.a(riscv_clint0.o)
                0x0000000020011b52                __metal_driver_riscv_clint0_enable
 .text.__metal_driver_riscv_clint0_disable
                0x0000000020011c04       0xb2 /home/nicoladgg/wsFreedomStudio/SiFive_HiFive_RevB_Projects/bsp/install/lib/debug//libmetal.a(riscv_clint0.o)
                0x0000000020011c04                __metal_driver_riscv_clint0_disable
 .text.__metal_driver_riscv_clint0_command_request
                0x0000000020011cb6      0x13c /home/nicoladgg/wsFreedomStudio/SiFive_HiFive_RevB_Projects/bsp/install/lib/debug//libmetal.a(riscv_clint0.o)
                0x0000000020011cb6                __metal_driver_riscv_clint0_command_request
 .text.__metal_driver_riscv_clint0_clear_interrupt
                0x0000000020011df2       0x34 /home/nicoladgg/wsFreedomStudio/SiFive_HiFive_RevB_Projects/bsp/install/lib/debug//libmetal.a(riscv_clint0.o)
                0x0000000020011df2                __metal_driver_riscv_clint0_clear_interrupt
 .text.__metal_driver_riscv_clint0_set_interrupt
                0x0000000020011e26       0x34 /home/nicoladgg/wsFreedomStudio/SiFive_HiFive_RevB_Projects/bsp/install/lib/debug//libmetal.a(riscv_clint0.o)
                0x0000000020011e26                __metal_driver_riscv_clint0_set_interrupt
 .text.__metal_driver_cpu_hartid
                0x0000000020011e5a       0x24 /home/nicoladgg/wsFreedomStudio/SiFive_HiFive_RevB_Projects/bsp/install/lib/debug//libmetal.a(riscv_cpu.o)
 .text.__metal_driver_cpu_timebase
                0x0000000020011e7e       0x2a /home/nicoladgg/wsFreedomStudio/SiFive_HiFive_RevB_Projects/bsp/install/lib/debug//libmetal.a(riscv_cpu.o)
 .text.__metal_driver_cpu_interrupt_controller
                0x0000000020011ea8       0x2a /home/nicoladgg/wsFreedomStudio/SiFive_HiFive_RevB_Projects/bsp/install/lib/debug//libmetal.a(riscv_cpu.o)
 .text.__metal_driver_cpu_buserror
                0x0000000020011ed2       0x24 /home/nicoladgg/wsFreedomStudio/SiFive_HiFive_RevB_Projects/bsp/install/lib/debug//libmetal.a(riscv_cpu.o)
 .text.__metal_driver_cpu_get
                0x0000000020011ef6       0x2c /home/nicoladgg/wsFreedomStudio/SiFive_HiFive_RevB_Projects/bsp/install/lib/debug//libmetal.a(riscv_cpu.o)
                0x0000000020011ef6                __metal_driver_cpu_get
 .text.__metal_myhart_id
                0x0000000020011f22       0x1a /home/nicoladgg/wsFreedomStudio/SiFive_HiFive_RevB_Projects/bsp/install/lib/debug//libmetal.a(riscv_cpu.o)
                0x0000000020011f22                __metal_myhart_id
 .text.__metal_interrupt_global_enable
                0x0000000020011f3c       0x18 /home/nicoladgg/wsFreedomStudio/SiFive_HiFive_RevB_Projects/bsp/install/lib/debug//libmetal.a(riscv_cpu.o)
                0x0000000020011f3c                __metal_interrupt_global_enable
 .text.__metal_interrupt_global_disable
                0x0000000020011f54       0x18 /home/nicoladgg/wsFreedomStudio/SiFive_HiFive_RevB_Projects/bsp/install/lib/debug//libmetal.a(riscv_cpu.o)
                0x0000000020011f54                __metal_interrupt_global_disable
 .text.__metal_interrupt_software_enable
                0x0000000020011f6c       0x18 /home/nicoladgg/wsFreedomStudio/SiFive_HiFive_RevB_Projects/bsp/install/lib/debug//libmetal.a(riscv_cpu.o)
                0x0000000020011f6c                __metal_interrupt_software_enable
 .text.__metal_interrupt_software_disable
                0x0000000020011f84       0x18 /home/nicoladgg/wsFreedomStudio/SiFive_HiFive_RevB_Projects/bsp/install/lib/debug//libmetal.a(riscv_cpu.o)
                0x0000000020011f84                __metal_interrupt_software_disable
 .text.__metal_interrupt_timer_enable
                0x0000000020011f9c       0x1a /home/nicoladgg/wsFreedomStudio/SiFive_HiFive_RevB_Projects/bsp/install/lib/debug//libmetal.a(riscv_cpu.o)
                0x0000000020011f9c                __metal_interrupt_timer_enable
 .text.__metal_interrupt_timer_disable
                0x0000000020011fb6       0x1a /home/nicoladgg/wsFreedomStudio/SiFive_HiFive_RevB_Projects/bsp/install/lib/debug//libmetal.a(riscv_cpu.o)
                0x0000000020011fb6                __metal_interrupt_timer_disable
 .text.__metal_interrupt_external_enable
                0x0000000020011fd0       0x1c /home/nicoladgg/wsFreedomStudio/SiFive_HiFive_RevB_Projects/bsp/install/lib/debug//libmetal.a(riscv_cpu.o)
                0x0000000020011fd0                __metal_interrupt_external_enable
 .text.__metal_interrupt_external_disable
                0x0000000020011fec       0x1c /home/nicoladgg/wsFreedomStudio/SiFive_HiFive_RevB_Projects/bsp/install/lib/debug//libmetal.a(riscv_cpu.o)
                0x0000000020011fec                __metal_interrupt_external_disable
 .text.__metal_interrupt_local_enable
                0x0000000020012008       0x2c /home/nicoladgg/wsFreedomStudio/SiFive_HiFive_RevB_Projects/bsp/install/lib/debug//libmetal.a(riscv_cpu.o)
                0x0000000020012008                __metal_interrupt_local_enable
 .text.__metal_interrupt_local_disable
                0x0000000020012034       0x2c /home/nicoladgg/wsFreedomStudio/SiFive_HiFive_RevB_Projects/bsp/install/lib/debug//libmetal.a(riscv_cpu.o)
                0x0000000020012034                __metal_interrupt_local_disable
 .text.__metal_default_exception_handler
                0x0000000020012060       0x18 /home/nicoladgg/wsFreedomStudio/SiFive_HiFive_RevB_Projects/bsp/install/lib/debug//libmetal.a(riscv_cpu.o)
                0x0000000020012060                __metal_default_exception_handler
 .text.__metal_default_interrupt_handler
                0x0000000020012078       0x18 /home/nicoladgg/wsFreedomStudio/SiFive_HiFive_RevB_Projects/bsp/install/lib/debug//libmetal.a(riscv_cpu.o)
                0x0000000020012078                __metal_default_interrupt_handler
 .text.metal_interrupt_vector_handler
                0x0000000020012090       0x2e /home/nicoladgg/wsFreedomStudio/SiFive_HiFive_RevB_Projects/bsp/install/lib/debug//libmetal.a(riscv_cpu.o)
                0x0000000020012090                metal_interrupt_vector_handler
 .text.metal_software_interrupt_vector_handler
                0x00000000200120be       0x8e /home/nicoladgg/wsFreedomStudio/SiFive_HiFive_RevB_Projects/bsp/install/lib/debug//libmetal.a(riscv_cpu.o)
                0x00000000200120be                metal_software_interrupt_vector_handler
 .text.__metal_default_sw_handler
                0x000000002001214c       0x64 /home/nicoladgg/wsFreedomStudio/SiFive_HiFive_RevB_Projects/bsp/install/lib/debug//libmetal.a(riscv_cpu.o)
                0x000000002001214c                __metal_default_sw_handler
 .text.metal_timer_interrupt_vector_handler
                0x00000000200121b0       0x8e /home/nicoladgg/wsFreedomStudio/SiFive_HiFive_RevB_Projects/bsp/install/lib/debug//libmetal.a(riscv_cpu.o)
                0x00000000200121b0                metal_timer_interrupt_vector_handler
 .text.__metal_default_beu_handler
                0x000000002001223e       0x16 /home/nicoladgg/wsFreedomStudio/SiFive_HiFive_RevB_Projects/bsp/install/lib/debug//libmetal.a(riscv_cpu.o)
                0x000000002001223e                __metal_default_beu_handler
 .text.__metal_default_timer_handler
                0x0000000020012254       0x66 /home/nicoladgg/wsFreedomStudio/SiFive_HiFive_RevB_Projects/bsp/install/lib/debug//libmetal.a(riscv_cpu.o)
                0x0000000020012254                __metal_default_timer_handler
 *fill*         0x00000000200122ba       0x46 
 .text.__metal_exception_handler
                0x0000000020012300      0x1f2 /home/nicoladgg/wsFreedomStudio/SiFive_HiFive_RevB_Projects/bsp/install/lib/debug//libmetal.a(riscv_cpu.o)
                0x0000000020012300                __metal_exception_handler
 .text.metal_lc0_interrupt_vector_handler
                0x00000000200124f2       0x92 /home/nicoladgg/wsFreedomStudio/SiFive_HiFive_RevB_Projects/bsp/install/lib/debug//libmetal.a(riscv_cpu.o)
                0x00000000200124f2                metal_lc0_interrupt_vector_handler
 .text.metal_lc1_interrupt_vector_handler
                0x0000000020012584       0x92 /home/nicoladgg/wsFreedomStudio/SiFive_HiFive_RevB_Projects/bsp/install/lib/debug//libmetal.a(riscv_cpu.o)
                0x0000000020012584                metal_lc1_interrupt_vector_handler
 .text.metal_lc2_interrupt_vector_handler
                0x0000000020012616       0x92 /home/nicoladgg/wsFreedomStudio/SiFive_HiFive_RevB_Projects/bsp/install/lib/debug//libmetal.a(riscv_cpu.o)
                0x0000000020012616                metal_lc2_interrupt_vector_handler
 .text.metal_lc3_interrupt_vector_handler
                0x00000000200126a8       0x92 /home/nicoladgg/wsFreedomStudio/SiFive_HiFive_RevB_Projects/bsp/install/lib/debug//libmetal.a(riscv_cpu.o)
                0x00000000200126a8                metal_lc3_interrupt_vector_handler
 .text.metal_lc4_interrupt_vector_handler
                0x000000002001273a       0x92 /home/nicoladgg/wsFreedomStudio/SiFive_HiFive_RevB_Projects/bsp/install/lib/debug//libmetal.a(riscv_cpu.o)
                0x000000002001273a                metal_lc4_interrupt_vector_handler
 .text.metal_lc5_interrupt_vector_handler
                0x00000000200127cc       0x92 /home/nicoladgg/wsFreedomStudio/SiFive_HiFive_RevB_Projects/bsp/install/lib/debug//libmetal.a(riscv_cpu.o)
                0x00000000200127cc                metal_lc5_interrupt_vector_handler
 .text.metal_lc6_interrupt_vector_handler
                0x000000002001285e       0x92 /home/nicoladgg/wsFreedomStudio/SiFive_HiFive_RevB_Projects/bsp/install/lib/debug//libmetal.a(riscv_cpu.o)
                0x000000002001285e                metal_lc6_interrupt_vector_handler
 .text.metal_lc7_interrupt_vector_handler
                0x00000000200128f0       0x92 /home/nicoladgg/wsFreedomStudio/SiFive_HiFive_RevB_Projects/bsp/install/lib/debug//libmetal.a(riscv_cpu.o)
                0x00000000200128f0                metal_lc7_interrupt_vector_handler
 .text.metal_lc8_interrupt_vector_handler
                0x0000000020012982       0x92 /home/nicoladgg/wsFreedomStudio/SiFive_HiFive_RevB_Projects/bsp/install/lib/debug//libmetal.a(riscv_cpu.o)
                0x0000000020012982                metal_lc8_interrupt_vector_handler
 .text.metal_lc9_interrupt_vector_handler
                0x0000000020012a14       0x92 /home/nicoladgg/wsFreedomStudio/SiFive_HiFive_RevB_Projects/bsp/install/lib/debug//libmetal.a(riscv_cpu.o)
                0x0000000020012a14                metal_lc9_interrupt_vector_handler
 .text.metal_lc10_interrupt_vector_handler
                0x0000000020012aa6       0x92 /home/nicoladgg/wsFreedomStudio/SiFive_HiFive_RevB_Projects/bsp/install/lib/debug//libmetal.a(riscv_cpu.o)
                0x0000000020012aa6                metal_lc10_interrupt_vector_handler
 .text.metal_lc11_interrupt_vector_handler
                0x0000000020012b38       0x92 /home/nicoladgg/wsFreedomStudio/SiFive_HiFive_RevB_Projects/bsp/install/lib/debug//libmetal.a(riscv_cpu.o)
                0x0000000020012b38                metal_lc11_interrupt_vector_handler
 .text.metal_lc12_interrupt_vector_handler
                0x0000000020012bca       0x92 /home/nicoladgg/wsFreedomStudio/SiFive_HiFive_RevB_Projects/bsp/install/lib/debug//libmetal.a(riscv_cpu.o)
                0x0000000020012bca                metal_lc12_interrupt_vector_handler
 .text.metal_lc13_interrupt_vector_handler
                0x0000000020012c5c       0x92 /home/nicoladgg/wsFreedomStudio/SiFive_HiFive_RevB_Projects/bsp/install/lib/debug//libmetal.a(riscv_cpu.o)
                0x0000000020012c5c                metal_lc13_interrupt_vector_handler
 .text.metal_lc14_interrupt_vector_handler
                0x0000000020012cee       0x92 /home/nicoladgg/wsFreedomStudio/SiFive_HiFive_RevB_Projects/bsp/install/lib/debug//libmetal.a(riscv_cpu.o)
                0x0000000020012cee                metal_lc14_interrupt_vector_handler
 .text.metal_lc15_interrupt_vector_handler
                0x0000000020012d80       0x92 /home/nicoladgg/wsFreedomStudio/SiFive_HiFive_RevB_Projects/bsp/install/lib/debug//libmetal.a(riscv_cpu.o)
                0x0000000020012d80                metal_lc15_interrupt_vector_handler
 .text.__metal_controller_interrupt_vector_mode
                0x0000000020012e12       0x58 /home/nicoladgg/wsFreedomStudio/SiFive_HiFive_RevB_Projects/bsp/install/lib/debug//libmetal.a(riscv_cpu.o)
                0x0000000020012e12                __metal_controller_interrupt_vector_mode
 .text.__metal_controller_interrupt_vector
                0x0000000020012e6a       0xb2 /home/nicoladgg/wsFreedomStudio/SiFive_HiFive_RevB_Projects/bsp/install/lib/debug//libmetal.a(riscv_cpu.o)
                0x0000000020012e6a                __metal_controller_interrupt_vector
 .text.__metal_valid_interrupt_id
                0x0000000020012f1c       0x58 /home/nicoladgg/wsFreedomStudio/SiFive_HiFive_RevB_Projects/bsp/install/lib/debug//libmetal.a(riscv_cpu.o)
                0x0000000020012f1c                __metal_valid_interrupt_id
 .text.__metal_local_interrupt_enable
                0x0000000020012f74       0xbc /home/nicoladgg/wsFreedomStudio/SiFive_HiFive_RevB_Projects/bsp/install/lib/debug//libmetal.a(riscv_cpu.o)
                0x0000000020012f74                __metal_local_interrupt_enable
 .text.__metal_exception_register
                0x0000000020013030       0x4e /home/nicoladgg/wsFreedomStudio/SiFive_HiFive_RevB_Projects/bsp/install/lib/debug//libmetal.a(riscv_cpu.o)
                0x0000000020013030                __metal_exception_register
 .text.__metal_driver_riscv_cpu_controller_interrupt_init
                0x000000002001307e       0xe2 /home/nicoladgg/wsFreedomStudio/SiFive_HiFive_RevB_Projects/bsp/install/lib/debug//libmetal.a(riscv_cpu.o)
                0x000000002001307e                __metal_driver_riscv_cpu_controller_interrupt_init
 .text.__metal_driver_riscv_cpu_controller_interrupt_register
                0x0000000020013160      0x1e0 /home/nicoladgg/wsFreedomStudio/SiFive_HiFive_RevB_Projects/bsp/install/lib/debug//libmetal.a(riscv_cpu.o)
                0x0000000020013160                __metal_driver_riscv_cpu_controller_interrupt_register
 .text.__metal_driver_riscv_cpu_controller_interrupt_enable
                0x0000000020013340       0x2a /home/nicoladgg/wsFreedomStudio/SiFive_HiFive_RevB_Projects/bsp/install/lib/debug//libmetal.a(riscv_cpu.o)
                0x0000000020013340                __metal_driver_riscv_cpu_controller_interrupt_enable
 .text.__metal_driver_riscv_cpu_controller_interrupt_disable
                0x000000002001336a       0x2a /home/nicoladgg/wsFreedomStudio/SiFive_HiFive_RevB_Projects/bsp/install/lib/debug//libmetal.a(riscv_cpu.o)
                0x000000002001336a                __metal_driver_riscv_cpu_controller_interrupt_disable
 .text.__metal_driver_riscv_cpu_controller_get_vector_mode
                0x0000000020013394       0x1c /home/nicoladgg/wsFreedomStudio/SiFive_HiFive_RevB_Projects/bsp/install/lib/debug//libmetal.a(riscv_cpu.o)
                0x0000000020013394                __metal_driver_riscv_cpu_controller_get_vector_mode
 .text.__metal_driver_riscv_cpu_controller_set_vector_mode
                0x00000000200133b0       0x54 /home/nicoladgg/wsFreedomStudio/SiFive_HiFive_RevB_Projects/bsp/install/lib/debug//libmetal.a(riscv_cpu.o)
                0x00000000200133b0                __metal_driver_riscv_cpu_controller_set_vector_mode
 .text.__metal_driver_riscv_cpu_controller_command_request
                0x0000000020013404       0x1c /home/nicoladgg/wsFreedomStudio/SiFive_HiFive_RevB_Projects/bsp/install/lib/debug//libmetal.a(riscv_cpu.o)
                0x0000000020013404                __metal_driver_riscv_cpu_controller_command_request
 .text.__metal_driver_cpu_mcycle_get
                0x0000000020013420       0x70 /home/nicoladgg/wsFreedomStudio/SiFive_HiFive_RevB_Projects/bsp/install/lib/debug//libmetal.a(riscv_cpu.o)
                0x0000000020013420                __metal_driver_cpu_mcycle_get
 .text.__metal_driver_cpu_timebase_get
                0x0000000020013490       0x46 /home/nicoladgg/wsFreedomStudio/SiFive_HiFive_RevB_Projects/bsp/install/lib/debug//libmetal.a(riscv_cpu.o)
                0x0000000020013490                __metal_driver_cpu_timebase_get
 .text.__metal_driver_cpu_mtime_get
                0x00000000200134d6       0x66 /home/nicoladgg/wsFreedomStudio/SiFive_HiFive_RevB_Projects/bsp/install/lib/debug//libmetal.a(riscv_cpu.o)
                0x00000000200134d6                __metal_driver_cpu_mtime_get
 .text.__metal_driver_cpu_mtimecmp_set
                0x000000002001353c       0x76 /home/nicoladgg/wsFreedomStudio/SiFive_HiFive_RevB_Projects/bsp/install/lib/debug//libmetal.a(riscv_cpu.o)
                0x000000002001353c                __metal_driver_cpu_mtimecmp_set
 .text.__metal_driver_cpu_timer_controller_interrupt
                0x00000000200135b2       0x16 /home/nicoladgg/wsFreedomStudio/SiFive_HiFive_RevB_Projects/bsp/install/lib/debug//libmetal.a(riscv_cpu.o)
                0x00000000200135b2                __metal_driver_cpu_timer_controller_interrupt
 .text.__metal_driver_cpu_get_timer_interrupt_id
                0x00000000200135c8       0x14 /home/nicoladgg/wsFreedomStudio/SiFive_HiFive_RevB_Projects/bsp/install/lib/debug//libmetal.a(riscv_cpu.o)
                0x00000000200135c8                __metal_driver_cpu_get_timer_interrupt_id
 .text.__metal_driver_cpu_sw_controller_interrupt
                0x00000000200135dc       0x16 /home/nicoladgg/wsFreedomStudio/SiFive_HiFive_RevB_Projects/bsp/install/lib/debug//libmetal.a(riscv_cpu.o)
                0x00000000200135dc                __metal_driver_cpu_sw_controller_interrupt
 .text.__metal_driver_cpu_get_sw_interrupt_id
                0x00000000200135f2       0x14 /home/nicoladgg/wsFreedomStudio/SiFive_HiFive_RevB_Projects/bsp/install/lib/debug//libmetal.a(riscv_cpu.o)
                0x00000000200135f2                __metal_driver_cpu_get_sw_interrupt_id
 .text.__metal_driver_cpu_set_sw_ipi
                0x0000000020013606       0x62 /home/nicoladgg/wsFreedomStudio/SiFive_HiFive_RevB_Projects/bsp/install/lib/debug//libmetal.a(riscv_cpu.o)
                0x0000000020013606                __metal_driver_cpu_set_sw_ipi
 .text.__metal_driver_cpu_clear_sw_ipi
                0x0000000020013668       0x62 /home/nicoladgg/wsFreedomStudio/SiFive_HiFive_RevB_Projects/bsp/install/lib/debug//libmetal.a(riscv_cpu.o)
                0x0000000020013668                __metal_driver_cpu_clear_sw_ipi
 .text.__metal_driver_cpu_get_msip
                0x00000000200136ca       0x60 /home/nicoladgg/wsFreedomStudio/SiFive_HiFive_RevB_Projects/bsp/install/lib/debug//libmetal.a(riscv_cpu.o)
                0x00000000200136ca                __metal_driver_cpu_get_msip
 .text.__metal_driver_cpu_controller_interrupt
                0x000000002001372a       0x20 /home/nicoladgg/wsFreedomStudio/SiFive_HiFive_RevB_Projects/bsp/install/lib/debug//libmetal.a(riscv_cpu.o)
                0x000000002001372a                __metal_driver_cpu_controller_interrupt
 .text.__metal_driver_cpu_exception_register
                0x000000002001374a       0x46 /home/nicoladgg/wsFreedomStudio/SiFive_HiFive_RevB_Projects/bsp/install/lib/debug//libmetal.a(riscv_cpu.o)
                0x000000002001374a                __metal_driver_cpu_exception_register
 .text.__metal_driver_cpu_get_instruction_length
                0x0000000020013790       0x2e /home/nicoladgg/wsFreedomStudio/SiFive_HiFive_RevB_Projects/bsp/install/lib/debug//libmetal.a(riscv_cpu.o)
                0x0000000020013790                __metal_driver_cpu_get_instruction_length
 .text.__metal_driver_cpu_get_exception_pc
                0x00000000200137be       0x1e /home/nicoladgg/wsFreedomStudio/SiFive_HiFive_RevB_Projects/bsp/install/lib/debug//libmetal.a(riscv_cpu.o)
                0x00000000200137be                __metal_driver_cpu_get_exception_pc
 .text.__metal_driver_cpu_set_exception_pc
                0x00000000200137dc       0x20 /home/nicoladgg/wsFreedomStudio/SiFive_HiFive_RevB_Projects/bsp/install/lib/debug//libmetal.a(riscv_cpu.o)
                0x00000000200137dc                __metal_driver_cpu_set_exception_pc
 .text.__metal_driver_cpu_get_buserror
                0x00000000200137fc       0x20 /home/nicoladgg/wsFreedomStudio/SiFive_HiFive_RevB_Projects/bsp/install/lib/debug//libmetal.a(riscv_cpu.o)
                0x00000000200137fc                __metal_driver_cpu_get_buserror
 .text.__metal_driver_sifive_fe310_g000_hfrosc_ref
                0x000000002001381c       0x1a /home/nicoladgg/wsFreedomStudio/SiFive_HiFive_RevB_Projects/bsp/install/lib/debug//libmetal.a(sifive_fe310-g000_hfrosc.o)
 .text.__metal_driver_sifive_fe310_g000_hfrosc_config_base
                0x0000000020013836       0x16 /home/nicoladgg/wsFreedomStudio/SiFive_HiFive_RevB_Projects/bsp/install/lib/debug//libmetal.a(sifive_fe310-g000_hfrosc.o)
 .text.__metal_driver_sifive_fe310_g000_hfrosc_config_offset
                0x000000002001384c       0x14 /home/nicoladgg/wsFreedomStudio/SiFive_HiFive_RevB_Projects/bsp/install/lib/debug//libmetal.a(sifive_fe310-g000_hfrosc.o)
 .text.__metal_driver_sifive_fe310_g000_prci_vtable
                0x0000000020013860       0x16 /home/nicoladgg/wsFreedomStudio/SiFive_HiFive_RevB_Projects/bsp/install/lib/debug//libmetal.a(sifive_fe310-g000_hfrosc.o)
 .text.__metal_driver_sifive_fe310_g000_hfrosc_get_rate_hz
                0x0000000020013876       0x84 /home/nicoladgg/wsFreedomStudio/SiFive_HiFive_RevB_Projects/bsp/install/lib/debug//libmetal.a(sifive_fe310-g000_hfrosc.o)
                0x0000000020013876                __metal_driver_sifive_fe310_g000_hfrosc_get_rate_hz
 .text.__metal_driver_sifive_fe310_g000_hfrosc_set_rate_hz
                0x00000000200138fa       0x22 /home/nicoladgg/wsFreedomStudio/SiFive_HiFive_RevB_Projects/bsp/install/lib/debug//libmetal.a(sifive_fe310-g000_hfrosc.o)
                0x00000000200138fa                __metal_driver_sifive_fe310_g000_hfrosc_set_rate_hz
 .text.__metal_driver_sifive_fe310_g000_hfxosc_ref
                0x000000002001391c       0x1a /home/nicoladgg/wsFreedomStudio/SiFive_HiFive_RevB_Projects/bsp/install/lib/debug//libmetal.a(sifive_fe310-g000_hfxosc.o)
 .text.__metal_driver_sifive_fe310_g000_hfxosc_config_base
                0x0000000020013936       0x16 /home/nicoladgg/wsFreedomStudio/SiFive_HiFive_RevB_Projects/bsp/install/lib/debug//libmetal.a(sifive_fe310-g000_hfxosc.o)
 .text.__metal_driver_sifive_fe310_g000_hfxosc_config_offset
                0x000000002001394c       0x14 /home/nicoladgg/wsFreedomStudio/SiFive_HiFive_RevB_Projects/bsp/install/lib/debug//libmetal.a(sifive_fe310-g000_hfxosc.o)
 .text.__metal_driver_sifive_fe310_g000_prci_vtable
                0x0000000020013960       0x16 /home/nicoladgg/wsFreedomStudio/SiFive_HiFive_RevB_Projects/bsp/install/lib/debug//libmetal.a(sifive_fe310-g000_hfxosc.o)
 .text.__metal_driver_sifive_fe310_g000_hfxosc_get_rate_hz
                0x0000000020013976       0x74 /home/nicoladgg/wsFreedomStudio/SiFive_HiFive_RevB_Projects/bsp/install/lib/debug//libmetal.a(sifive_fe310-g000_hfxosc.o)
                0x0000000020013976                __metal_driver_sifive_fe310_g000_hfxosc_get_rate_hz
 .text.__metal_driver_sifive_fe310_g000_hfxosc_set_rate_hz
                0x00000000200139ea       0x22 /home/nicoladgg/wsFreedomStudio/SiFive_HiFive_RevB_Projects/bsp/install/lib/debug//libmetal.a(sifive_fe310-g000_hfxosc.o)
                0x00000000200139ea                __metal_driver_sifive_fe310_g000_hfxosc_set_rate_hz
 .text.__metal_driver_sifive_fe310_g000_pll_pllsel0
                0x0000000020013a0c       0x1a /home/nicoladgg/wsFreedomStudio/SiFive_HiFive_RevB_Projects/bsp/install/lib/debug//libmetal.a(sifive_fe310-g000_pll.o)
 .text.__metal_driver_sifive_fe310_g000_pll_pllref
                0x0000000020013a26       0x1a /home/nicoladgg/wsFreedomStudio/SiFive_HiFive_RevB_Projects/bsp/install/lib/debug//libmetal.a(sifive_fe310-g000_pll.o)
 .text.__metal_driver_sifive_fe310_g000_pll_divider_base
                0x0000000020013a40       0x16 /home/nicoladgg/wsFreedomStudio/SiFive_HiFive_RevB_Projects/bsp/install/lib/debug//libmetal.a(sifive_fe310-g000_pll.o)
 .text.__metal_driver_sifive_fe310_g000_pll_divider_offset
                0x0000000020013a56       0x14 /home/nicoladgg/wsFreedomStudio/SiFive_HiFive_RevB_Projects/bsp/install/lib/debug//libmetal.a(sifive_fe310-g000_pll.o)
 .text.__metal_driver_sifive_fe310_g000_pll_config_base
                0x0000000020013a6a       0x12 /home/nicoladgg/wsFreedomStudio/SiFive_HiFive_RevB_Projects/bsp/install/lib/debug//libmetal.a(sifive_fe310-g000_pll.o)
 .text.__metal_driver_sifive_fe310_g000_pll_config_offset
                0x0000000020013a7c       0x10 /home/nicoladgg/wsFreedomStudio/SiFive_HiFive_RevB_Projects/bsp/install/lib/debug//libmetal.a(sifive_fe310-g000_pll.o)
 .text.__metal_driver_sifive_fe310_g000_pll_init_rate
                0x0000000020013a8c       0x16 /home/nicoladgg/wsFreedomStudio/SiFive_HiFive_RevB_Projects/bsp/install/lib/debug//libmetal.a(sifive_fe310-g000_pll.o)
 .text.__metal_driver_sifive_fe310_g000_prci_base
                0x0000000020013aa2       0x12 /home/nicoladgg/wsFreedomStudio/SiFive_HiFive_RevB_Projects/bsp/install/lib/debug//libmetal.a(sifive_fe310-g000_pll.o)
 .text.__metal_driver_sifive_fe310_g000_prci_vtable
                0x0000000020013ab4       0x16 /home/nicoladgg/wsFreedomStudio/SiFive_HiFive_RevB_Projects/bsp/install/lib/debug//libmetal.a(sifive_fe310-g000_pll.o)
 .text.get_pll_config_freq
                0x0000000020013aca       0x4e /home/nicoladgg/wsFreedomStudio/SiFive_HiFive_RevB_Projects/bsp/install/lib/debug//libmetal.a(sifive_fe310-g000_pll.o)
 .text.__metal_driver_sifive_fe310_g000_pll_init
                0x0000000020013b18       0xa0 /home/nicoladgg/wsFreedomStudio/SiFive_HiFive_RevB_Projects/bsp/install/lib/debug//libmetal.a(sifive_fe310-g000_pll.o)
                0x0000000020013b18                __metal_driver_sifive_fe310_g000_pll_init
 .text.__metal_driver_sifive_fe310_g000_pll_get_rate_hz
                0x0000000020013bb8      0x16c /home/nicoladgg/wsFreedomStudio/SiFive_HiFive_RevB_Projects/bsp/install/lib/debug//libmetal.a(sifive_fe310-g000_pll.o)
                0x0000000020013bb8                __metal_driver_sifive_fe310_g000_pll_get_rate_hz
 .text.find_closest_config
                0x0000000020013d24       0xaa /home/nicoladgg/wsFreedomStudio/SiFive_HiFive_RevB_Projects/bsp/install/lib/debug//libmetal.a(sifive_fe310-g000_pll.o)
 .text.configure_pll
                0x0000000020013dce      0x1a8 /home/nicoladgg/wsFreedomStudio/SiFive_HiFive_RevB_Projects/bsp/install/lib/debug//libmetal.a(sifive_fe310-g000_pll.o)
 .text.__metal_driver_sifive_fe310_g000_pll_set_rate_hz
                0x0000000020013f76      0x160 /home/nicoladgg/wsFreedomStudio/SiFive_HiFive_RevB_Projects/bsp/install/lib/debug//libmetal.a(sifive_fe310-g000_pll.o)
                0x0000000020013f76                __metal_driver_sifive_fe310_g000_pll_set_rate_hz
 .text.__metal_driver_sifive_fe310_g000_prci_base
                0x00000000200140d6       0x12 /home/nicoladgg/wsFreedomStudio/SiFive_HiFive_RevB_Projects/bsp/install/lib/debug//libmetal.a(sifive_fe310-g000_prci.o)
 .text.__metal_driver_sifive_fe310_g000_prci_get_reg
                0x00000000200140e8       0x2e /home/nicoladgg/wsFreedomStudio/SiFive_HiFive_RevB_Projects/bsp/install/lib/debug//libmetal.a(sifive_fe310-g000_prci.o)
                0x00000000200140e8                __metal_driver_sifive_fe310_g000_prci_get_reg
 .text.__metal_driver_sifive_fe310_g000_prci_set_reg
                0x0000000020014116       0x38 /home/nicoladgg/wsFreedomStudio/SiFive_HiFive_RevB_Projects/bsp/install/lib/debug//libmetal.a(sifive_fe310-g000_prci.o)
                0x0000000020014116                __metal_driver_sifive_fe310_g000_prci_set_reg
 .text._metal_clock_call_all_callbacks
                0x000000002001414e       0x42 /home/nicoladgg/wsFreedomStudio/SiFive_HiFive_RevB_Projects/bsp/install/lib/debug//libmetal.a(clock.o)
                0x000000002001414e                _metal_clock_call_all_callbacks
 .text.metal_clock_get_rate_hz
                0x0000000020014190       0x26 /home/nicoladgg/wsFreedomStudio/SiFive_HiFive_RevB_Projects/bsp/install/lib/debug//libmetal.a(clock.o)
                0x0000000020014190                metal_clock_get_rate_hz
 .text.metal_clock_set_rate_hz
                0x00000000200141b6       0x48 /home/nicoladgg/wsFreedomStudio/SiFive_HiFive_RevB_Projects/bsp/install/lib/debug//libmetal.a(clock.o)
                0x00000000200141b6                metal_clock_set_rate_hz
 .text.metal_cpu_interrupt_controller
                0x00000000200141fe       0x26 /home/nicoladgg/wsFreedomStudio/SiFive_HiFive_RevB_Projects/bsp/install/lib/debug//libmetal.a(cpu.o)
                0x00000000200141fe                metal_cpu_interrupt_controller
 .text.metal_cpu_get
                0x0000000020014224       0x2a /home/nicoladgg/wsFreedomStudio/SiFive_HiFive_RevB_Projects/bsp/install/lib/debug//libmetal.a(cpu.o)
                0x0000000020014224                metal_cpu_get
 .text.metal_cpu_get_current_hartid
                0x000000002001424e       0x1a /home/nicoladgg/wsFreedomStudio/SiFive_HiFive_RevB_Projects/bsp/install/lib/debug//libmetal.a(cpu.o)
                0x000000002001424e                metal_cpu_get_current_hartid
 .text.metal_shutdown
                0x0000000020014268        0xe /home/nicoladgg/wsFreedomStudio/SiFive_HiFive_RevB_Projects/bsp/install/lib/debug//libmetal.a(shutdown.o)
                0x0000000020014268                metal_shutdown
 *fill*         0x0000000020014276        0xa 
 .text          0x0000000020014280       0x80 /home/nicoladgg/wsFreedomStudio/SiFive_HiFive_RevB_Projects/bsp/install/lib/debug//libmetal.a(vector.o)
                0x0000000020014280                __metal_vector_table
 .text.__metal_driver_fixed_clock_rate
                0x0000000020014300       0x70 /home/nicoladgg/wsFreedomStudio/SiFive_HiFive_RevB_Projects/bsp/install/lib/debug//libmetal.a(fixed-clock.o)
 .text.__metal_driver_fixed_clock_get_rate_hz
                0x0000000020014370       0x1e /home/nicoladgg/wsFreedomStudio/SiFive_HiFive_RevB_Projects/bsp/install/lib/debug//libmetal.a(fixed-clock.o)
                0x0000000020014370                __metal_driver_fixed_clock_get_rate_hz
 .text.__metal_driver_fixed_clock_set_rate_hz
                0x000000002001438e       0x22 /home/nicoladgg/wsFreedomStudio/SiFive_HiFive_RevB_Projects/bsp/install/lib/debug//libmetal.a(fixed-clock.o)
                0x000000002001438e                __metal_driver_fixed_clock_set_rate_hz
 .text._exit    0x00000000200143b0       0x12 /home/nicoladgg/wsFreedomStudio/SiFive_HiFive_RevB_Projects/bsp/install/lib/debug//libmetal-gloss.a(sys_exit.o)
                0x00000000200143b0                _exit
 *(.gnu.linkonce.t.*)

.rela.dyn       0x00000000200143c4        0x0
 .rela.text.plic_interrupt_handler
                0x00000000200143c4        0x0 /tmp/cc0xU0ZT.o
 .rela.text.main
                0x00000000200143c4        0x0 /tmp/cc0xU0ZT.o
 .rela.text.metal.init.enter
                0x00000000200143c4        0x0 /tmp/cc0xU0ZT.o
 .rela.text.metal.init.scrub
                0x00000000200143c4        0x0 /tmp/cc0xU0ZT.o
 .rela.text.libgloss.start
                0x00000000200143c4        0x0 /tmp/cc0xU0ZT.o
 .rela.text.__libc_fini_array
                0x00000000200143c4        0x0 /tmp/cc0xU0ZT.o
 .rela.data.impure_data
                0x00000000200143c4        0x0 /tmp/cc0xU0ZT.o
 .rela.text.__libc_init_array
                0x00000000200143c4        0x0 /tmp/cc0xU0ZT.o
 .rela.text.__register_exitproc
                0x00000000200143c4        0x0 /tmp/cc0xU0ZT.o
 .rela.text.metal_init
                0x00000000200143c4        0x0 /tmp/cc0xU0ZT.o
 .rela.text.metal_fini
                0x00000000200143c4        0x0 /tmp/cc0xU0ZT.o
 .rela.text.__metal_driver_cpu_get
                0x00000000200143c4        0x0 /tmp/cc0xU0ZT.o
 .rela.text.metal_software_interrupt_vector_handler
                0x00000000200143c4        0x0 /tmp/cc0xU0ZT.o
 .rela.text.__metal_default_sw_handler
                0x00000000200143c4        0x0 /tmp/cc0xU0ZT.o
 .rela.text.metal_timer_interrupt_vector_handler
                0x00000000200143c4        0x0 /tmp/cc0xU0ZT.o
 .rela.text.__metal_exception_handler
                0x00000000200143c4        0x0 /tmp/cc0xU0ZT.o
 .rela.text.metal_lc0_interrupt_vector_handler
                0x00000000200143c4        0x0 /tmp/cc0xU0ZT.o
 .rela.text.metal_lc1_interrupt_vector_handler
                0x00000000200143c4        0x0 /tmp/cc0xU0ZT.o
 .rela.text.metal_lc2_interrupt_vector_handler
                0x00000000200143c4        0x0 /tmp/cc0xU0ZT.o
 .rela.text.metal_lc3_interrupt_vector_handler
                0x00000000200143c4        0x0 /tmp/cc0xU0ZT.o
 .rela.text.metal_lc4_interrupt_vector_handler
                0x00000000200143c4        0x0 /tmp/cc0xU0ZT.o
 .rela.text.metal_lc5_interrupt_vector_handler
                0x00000000200143c4        0x0 /tmp/cc0xU0ZT.o
 .rela.text.metal_lc6_interrupt_vector_handler
                0x00000000200143c4        0x0 /tmp/cc0xU0ZT.o
 .rela.text.metal_lc7_interrupt_vector_handler
                0x00000000200143c4        0x0 /tmp/cc0xU0ZT.o
 .rela.text.metal_lc8_interrupt_vector_handler
                0x00000000200143c4        0x0 /tmp/cc0xU0ZT.o
 .rela.text.metal_lc9_interrupt_vector_handler
                0x00000000200143c4        0x0 /tmp/cc0xU0ZT.o
 .rela.text.metal_lc10_interrupt_vector_handler
                0x00000000200143c4        0x0 /tmp/cc0xU0ZT.o
 .rela.text.metal_lc11_interrupt_vector_handler
                0x00000000200143c4        0x0 /tmp/cc0xU0ZT.o
 .rela.text.metal_lc12_interrupt_vector_handler
                0x00000000200143c4        0x0 /tmp/cc0xU0ZT.o
 .rela.text.metal_lc13_interrupt_vector_handler
                0x00000000200143c4        0x0 /tmp/cc0xU0ZT.o
 .rela.text.metal_lc14_interrupt_vector_handler
                0x00000000200143c4        0x0 /tmp/cc0xU0ZT.o
 .rela.text.metal_lc15_interrupt_vector_handler
                0x00000000200143c4        0x0 /tmp/cc0xU0ZT.o
 .rela.text.metal_cpu_get
                0x00000000200143c4        0x0 /tmp/cc0xU0ZT.o
 .rela.text     0x00000000200143c4        0x0 /tmp/cc0xU0ZT.o

.data           0x0000000080000000      0x4ac load address 0x00000000200143c8
 *(.data .data.*)
 .data.impure_data
                0x0000000080000000       0x60 /home/nicoladgg/Scrivania/SiFive_HiFive1_RevB/FreedomStudio-4.18.0.2021-04-1-x86_64-linux-ubuntu14/SiFive/riscv64-unknown-elf-toolchain-10.2.0-2020.12.8/bin/../lib/gcc/riscv64-unknown-elf/10.2.0/../../../../riscv64-unknown-elf/lib/rv32imac/ilp32/libc_nano.a(lib_a-impure.o)
 .data.__metal_dt_clock_0
                0x0000000080000060        0xc /home/nicoladgg/wsFreedomStudio/SiFive_HiFive_RevB_Projects/bsp/install/lib/debug//libmetal.a(inline.o)
                0x0000000080000060                __metal_dt_clock_0
 .data.__metal_dt_clock_2
                0x000000008000006c        0xc /home/nicoladgg/wsFreedomStudio/SiFive_HiFive_RevB_Projects/bsp/install/lib/debug//libmetal.a(inline.o)
                0x000000008000006c                __metal_dt_clock_2
 .data.__metal_dt_clock_5
                0x0000000080000078        0xc /home/nicoladgg/wsFreedomStudio/SiFive_HiFive_RevB_Projects/bsp/install/lib/debug//libmetal.a(inline.o)
                0x0000000080000078                __metal_dt_clock_5
 .data.__metal_dt_clock_6
                0x0000000080000084        0xc /home/nicoladgg/wsFreedomStudio/SiFive_HiFive_RevB_Projects/bsp/install/lib/debug//libmetal.a(inline.o)
                0x0000000080000084                __metal_dt_clock_6
 .data.__metal_dt_cpu_0_interrupt_controller
                0x0000000080000090      0x3d0 /home/nicoladgg/wsFreedomStudio/SiFive_HiFive_RevB_Projects/bsp/install/lib/debug//libmetal.a(inline.o)
                0x0000000080000090                __metal_dt_cpu_0_interrupt_controller
 .data.__metal_dt_clock_3
                0x0000000080000460        0xc /home/nicoladgg/wsFreedomStudio/SiFive_HiFive_RevB_Projects/bsp/install/lib/debug//libmetal.a(inline.o)
                0x0000000080000460                __metal_dt_clock_3
 .data.__metal_dt_clock_1
                0x000000008000046c        0xc /home/nicoladgg/wsFreedomStudio/SiFive_HiFive_RevB_Projects/bsp/install/lib/debug//libmetal.a(inline.o)
                0x000000008000046c                __metal_dt_clock_1
 .data.__metal_dt_clock_4
                0x0000000080000478        0xc /home/nicoladgg/wsFreedomStudio/SiFive_HiFive_RevB_Projects/bsp/install/lib/debug//libmetal.a(inline.o)
                0x0000000080000478                __metal_dt_clock_4
 *(.gnu.linkonce.d.*)
                0x0000000080000488                . = ALIGN (0x8)
 *fill*         0x0000000080000484        0x4 
                0x0000000080000c88                PROVIDE (__global_pointer$ = (. + 0x800))
 *(.sdata .sdata.* .sdata2.*)
 .sdata.cpu_freq
                0x0000000080000488        0x4 /tmp/cc0xU0ZT.o
                0x0000000080000488                cpu_freq
 .sdata.mtimecmp
                0x000000008000048c        0x4 /tmp/cc0xU0ZT.o
                0x000000008000048c                mtimecmp
 .sdata.mtime   0x0000000080000490        0x4 /tmp/cc0xU0ZT.o
                0x0000000080000490                mtime
 .sdata.__metal_cpu_table
                0x0000000080000494        0x4 /home/nicoladgg/wsFreedomStudio/SiFive_HiFive_RevB_Projects/bsp/install/lib/debug//libmetal.a(synchronize_harts.o)
                0x0000000080000494                __metal_cpu_table
 .sdata.__metal_dt_clint_2000000
                0x0000000080000498        0x8 /home/nicoladgg/wsFreedomStudio/SiFive_HiFive_RevB_Projects/bsp/install/lib/debug//libmetal.a(inline.o)
                0x0000000080000498                __metal_dt_clint_2000000
 .sdata.__metal_dt_cpu_0
                0x00000000800004a0        0x8 /home/nicoladgg/wsFreedomStudio/SiFive_HiFive_RevB_Projects/bsp/install/lib/debug//libmetal.a(inline.o)
                0x00000000800004a0                __metal_dt_cpu_0
 .sdata.__metal_dt_prci_10008000
                0x00000000800004a8        0x4 /home/nicoladgg/wsFreedomStudio/SiFive_HiFive_RevB_Projects/bsp/install/lib/debug//libmetal.a(inline.o)
                0x00000000800004a8                __metal_dt_prci_10008000
 *(.gnu.linkonce.s.*)

.tdata          0x00000000800004b0        0x0 load address 0x0000000020014878
                0x00000000800004b0                PROVIDE (__tls_base = .)
 *(.tdata .tdata.* .gnu.linkonce.td.*)
                [!provide]                        PROVIDE (__tdata_source = LOADADDR (.tdata))
                [!provide]                        PROVIDE (__tdata_size = SIZEOF (.tdata))
                0x00000000200143c8                PROVIDE (metal_segment_data_source_start = LOADADDR (.data))
                0x0000000080000000                PROVIDE (metal_segment_data_target_start = ADDR (.data))
                0x00000000800004b0                PROVIDE (metal_segment_data_target_end = (ADDR (.tdata) + SIZEOF (.tdata)))

.tbss           0x00000000800004b0        0x0
 *(.tbss .tbss.* .gnu.linkonce.tb.*)
 *(.tcommon .tcommon.*)
                [!provide]                        PROVIDE (__tls_end = .)
                0x0000000000000000                PROVIDE (__tbss_size = SIZEOF (.tbss))
                [!provide]                        PROVIDE (__tls_size = (__tls_end - __tls_base))

.tbss_space     0x00000000800004b0        0x0
                0x00000000800004b0                . = (. + __tbss_size)

.bss            0x00000000800004b0      0x310
 *(.sbss*)
 .sbss.taken    0x00000000800004b0        0x4 /tmp/cc0xU0ZT.o
                0x00000000800004b0                taken
 .sbss.taken2   0x00000000800004b4        0x4 /tmp/cc0xU0ZT.o
                0x00000000800004b4                taken2
 .sbss._global_atexit
                0x00000000800004b8        0x4 /home/nicoladgg/Scrivania/SiFive_HiFive1_RevB/FreedomStudio-4.18.0.2021-04-1-x86_64-linux-ubuntu14/SiFive/riscv64-unknown-elf-toolchain-10.2.0-2020.12.8/bin/../lib/gcc/riscv64-unknown-elf/10.2.0/../../../../riscv64-unknown-elf/lib/rv32imac/ilp32/libc_nano.a(lib_a-__call_atexit.o)
                0x00000000800004b8                _global_atexit
 .sbss.init_done.1
                0x00000000800004bc        0x4 /home/nicoladgg/wsFreedomStudio/SiFive_HiFive_RevB_Projects/bsp/install/lib/debug//libmetal.a(init.o)
 .sbss.fini_done.0
                0x00000000800004c0        0x4 /home/nicoladgg/wsFreedomStudio/SiFive_HiFive_RevB_Projects/bsp/install/lib/debug//libmetal.a(init.o)
 *(.gnu.linkonce.sb.*)
 *(.bss .bss.*)
 .bss._global_atexit0
                0x00000000800004c4       0x8c /home/nicoladgg/Scrivania/SiFive_HiFive1_RevB/FreedomStudio-4.18.0.2021-04-1-x86_64-linux-ubuntu14/SiFive/riscv64-unknown-elf-toolchain-10.2.0-2020.12.8/bin/../lib/gcc/riscv64-unknown-elf/10.2.0/../../../../riscv64-unknown-elf/lib/rv32imac/ilp32/libc_nano.a(lib_a-__atexit.o)
 *(.gnu.linkonce.b.*)
 *(COMMON)
 COMMON         0x0000000080000550      0x270 /tmp/cc0xU0ZT.o
                0x0000000080000550                irq_functions
                [!provide]                        PROVIDE (metal_segment_bss_source_start = LOADADDR (.tbss))
                0x00000000800004b0                PROVIDE (metal_segment_bss_target_start = ADDR (.tbss))
                0x00000000800007c0                PROVIDE (metal_segment_bss_target_end = (ADDR (.bss) + SIZEOF (.bss)))

.stack          0x00000000800007c0      0x400
                [!provide]                        PROVIDE (metal_segment_stack_begin = .)
                0x0000000080000bc0                . = (. + __stack_size)
 *fill*         0x00000000800007c0      0x400 
                0x0000000080000bc0                PROVIDE (_sp = .)
                [!provide]                        PROVIDE (metal_segment_stack_end = .)

.heap           0x0000000080000bc0      0x800
                [!provide]                        PROVIDE (__end = .)
                [!provide]                        PROVIDE (__heap_start = .)
                [!provide]                        PROVIDE (metal_segment_heap_target_start = .)
                0x0000000000000800                . = DEFINED (__heap_max)?MIN ((LENGTH (ram) - (. - ORIGIN (ram))), 0x10000000):__heap_size
 *fill*         0x0000000080000bc0      0x800 
                [!provide]                        PROVIDE (metal_segment_heap_target_end = .)
                [!provide]                        PROVIDE (_heap_end = .)
                [!provide]                        PROVIDE (__heap_end = .)

/DISCARD/
 *(.eh_frame .eh_frame.*)
OUTPUT(main elf32-littleriscv)

.debug_info     0x0000000000000000    0x15d65
 .debug_info    0x0000000000000000      0x6bf /tmp/cc0xU0ZT.o
 .debug_info    0x00000000000006bf       0x22 /home/nicoladgg/wsFreedomStudio/SiFive_HiFive_RevB_Projects/bsp/install/lib/debug//libmetal.a(entry.o)
 .debug_info    0x00000000000006e1       0x26 /home/nicoladgg/wsFreedomStudio/SiFive_HiFive_RevB_Projects/bsp/install/lib/debug//libmetal.a(scrub.o)
 .debug_info    0x0000000000000707       0x22 /home/nicoladgg/wsFreedomStudio/SiFive_HiFive_RevB_Projects/bsp/install/lib/debug//libmetal.a(trap.o)
 .debug_info    0x0000000000000729       0x26 /home/nicoladgg/wsFreedomStudio/SiFive_HiFive_RevB_Projects/bsp/install/lib/debug//libmetal-gloss.a(crt0.o)
 .debug_info    0x000000000000074f      0x14e /home/nicoladgg/wsFreedomStudio/SiFive_HiFive_RevB_Projects/bsp/install/lib/debug//libmetal.a(init.o)
 .debug_info    0x000000000000089d     0x1921 /home/nicoladgg/wsFreedomStudio/SiFive_HiFive_RevB_Projects/bsp/install/lib/debug//libmetal.a(synchronize_harts.o)
 .debug_info    0x00000000000021be     0x2229 /home/nicoladgg/wsFreedomStudio/SiFive_HiFive_RevB_Projects/bsp/install/lib/debug//libmetal.a(inline.o)
 .debug_info    0x00000000000043e7     0x2109 /home/nicoladgg/wsFreedomStudio/SiFive_HiFive_RevB_Projects/bsp/install/lib/debug//libmetal.a(riscv_clint0.o)
 .debug_info    0x00000000000064f0     0x2fbf /home/nicoladgg/wsFreedomStudio/SiFive_HiFive_RevB_Projects/bsp/install/lib/debug//libmetal.a(riscv_cpu.o)
 .debug_info    0x00000000000094af     0x1c12 /home/nicoladgg/wsFreedomStudio/SiFive_HiFive_RevB_Projects/bsp/install/lib/debug//libmetal.a(sifive_fe310-g000_hfrosc.o)
 .debug_info    0x000000000000b0c1     0x1c12 /home/nicoladgg/wsFreedomStudio/SiFive_HiFive_RevB_Projects/bsp/install/lib/debug//libmetal.a(sifive_fe310-g000_hfxosc.o)
 .debug_info    0x000000000000ccd3     0x2183 /home/nicoladgg/wsFreedomStudio/SiFive_HiFive_RevB_Projects/bsp/install/lib/debug//libmetal.a(sifive_fe310-g000_pll.o)
 .debug_info    0x000000000000ee56     0x1a7c /home/nicoladgg/wsFreedomStudio/SiFive_HiFive_RevB_Projects/bsp/install/lib/debug//libmetal.a(sifive_fe310-g000_prci.o)
 .debug_info    0x00000000000108d2      0x2c7 /home/nicoladgg/wsFreedomStudio/SiFive_HiFive_RevB_Projects/bsp/install/lib/debug//libmetal.a(clock.o)
 .debug_info    0x0000000000010b99     0x1cc1 /home/nicoladgg/wsFreedomStudio/SiFive_HiFive_RevB_Projects/bsp/install/lib/debug//libmetal.a(cpu.o)
 .debug_info    0x000000000001285a     0x19cc /home/nicoladgg/wsFreedomStudio/SiFive_HiFive_RevB_Projects/bsp/install/lib/debug//libmetal.a(shutdown.o)
 .debug_info    0x0000000000014226       0x26 /home/nicoladgg/wsFreedomStudio/SiFive_HiFive_RevB_Projects/bsp/install/lib/debug//libmetal.a(vector.o)
 .debug_info    0x000000000001424c     0x1aca /home/nicoladgg/wsFreedomStudio/SiFive_HiFive_RevB_Projects/bsp/install/lib/debug//libmetal.a(fixed-clock.o)
 .debug_info    0x0000000000015d16       0x4f /home/nicoladgg/wsFreedomStudio/SiFive_HiFive_RevB_Projects/bsp/install/lib/debug//libmetal-gloss.a(sys_exit.o)

.debug_abbrev   0x0000000000000000     0x1bda
 .debug_abbrev  0x0000000000000000      0x248 /tmp/cc0xU0ZT.o
 .debug_abbrev  0x0000000000000248       0x12 /home/nicoladgg/wsFreedomStudio/SiFive_HiFive_RevB_Projects/bsp/install/lib/debug//libmetal.a(entry.o)
 .debug_abbrev  0x000000000000025a       0x14 /home/nicoladgg/wsFreedomStudio/SiFive_HiFive_RevB_Projects/bsp/install/lib/debug//libmetal.a(scrub.o)
 .debug_abbrev  0x000000000000026e       0x12 /home/nicoladgg/wsFreedomStudio/SiFive_HiFive_RevB_Projects/bsp/install/lib/debug//libmetal.a(trap.o)
 .debug_abbrev  0x0000000000000280       0x14 /home/nicoladgg/wsFreedomStudio/SiFive_HiFive_RevB_Projects/bsp/install/lib/debug//libmetal-gloss.a(crt0.o)
 .debug_abbrev  0x0000000000000294       0xa1 /home/nicoladgg/wsFreedomStudio/SiFive_HiFive_RevB_Projects/bsp/install/lib/debug//libmetal.a(init.o)
 .debug_abbrev  0x0000000000000335      0x15d /home/nicoladgg/wsFreedomStudio/SiFive_HiFive_RevB_Projects/bsp/install/lib/debug//libmetal.a(synchronize_harts.o)
 .debug_abbrev  0x0000000000000492      0x181 /home/nicoladgg/wsFreedomStudio/SiFive_HiFive_RevB_Projects/bsp/install/lib/debug//libmetal.a(inline.o)
 .debug_abbrev  0x0000000000000613      0x2dd /home/nicoladgg/wsFreedomStudio/SiFive_HiFive_RevB_Projects/bsp/install/lib/debug//libmetal.a(riscv_clint0.o)
 .debug_abbrev  0x00000000000008f0      0x359 /home/nicoladgg/wsFreedomStudio/SiFive_HiFive_RevB_Projects/bsp/install/lib/debug//libmetal.a(riscv_cpu.o)
 .debug_abbrev  0x0000000000000c49      0x202 /home/nicoladgg/wsFreedomStudio/SiFive_HiFive_RevB_Projects/bsp/install/lib/debug//libmetal.a(sifive_fe310-g000_hfrosc.o)
 .debug_abbrev  0x0000000000000e4b      0x202 /home/nicoladgg/wsFreedomStudio/SiFive_HiFive_RevB_Projects/bsp/install/lib/debug//libmetal.a(sifive_fe310-g000_hfxosc.o)
 .debug_abbrev  0x000000000000104d      0x2f9 /home/nicoladgg/wsFreedomStudio/SiFive_HiFive_RevB_Projects/bsp/install/lib/debug//libmetal.a(sifive_fe310-g000_pll.o)
 .debug_abbrev  0x0000000000001346      0x1aa /home/nicoladgg/wsFreedomStudio/SiFive_HiFive_RevB_Projects/bsp/install/lib/debug//libmetal.a(sifive_fe310-g000_prci.o)
 .debug_abbrev  0x00000000000014f0      0x129 /home/nicoladgg/wsFreedomStudio/SiFive_HiFive_RevB_Projects/bsp/install/lib/debug//libmetal.a(clock.o)
 .debug_abbrev  0x0000000000001619      0x21b /home/nicoladgg/wsFreedomStudio/SiFive_HiFive_RevB_Projects/bsp/install/lib/debug//libmetal.a(cpu.o)
 .debug_abbrev  0x0000000000001834      0x1aa /home/nicoladgg/wsFreedomStudio/SiFive_HiFive_RevB_Projects/bsp/install/lib/debug//libmetal.a(shutdown.o)
 .debug_abbrev  0x00000000000019de       0x14 /home/nicoladgg/wsFreedomStudio/SiFive_HiFive_RevB_Projects/bsp/install/lib/debug//libmetal.a(vector.o)
 .debug_abbrev  0x00000000000019f2      0x19b /home/nicoladgg/wsFreedomStudio/SiFive_HiFive_RevB_Projects/bsp/install/lib/debug//libmetal.a(fixed-clock.o)
 .debug_abbrev  0x0000000000001b8d       0x4d /home/nicoladgg/wsFreedomStudio/SiFive_HiFive_RevB_Projects/bsp/install/lib/debug//libmetal-gloss.a(sys_exit.o)

.debug_aranges  0x0000000000000000      0x7e8
 .debug_aranges
                0x0000000000000000       0xd8 /tmp/cc0xU0ZT.o
 .debug_aranges
                0x00000000000000d8       0x28 /home/nicoladgg/wsFreedomStudio/SiFive_HiFive_RevB_Projects/bsp/install/lib/debug//libmetal.a(entry.o)
 .debug_aranges
                0x0000000000000100       0x20 /home/nicoladgg/wsFreedomStudio/SiFive_HiFive_RevB_Projects/bsp/install/lib/debug//libmetal.a(scrub.o)
 .debug_aranges
                0x0000000000000120       0x28 /home/nicoladgg/wsFreedomStudio/SiFive_HiFive_RevB_Projects/bsp/install/lib/debug//libmetal.a(trap.o)
 .debug_aranges
                0x0000000000000148       0x20 /home/nicoladgg/wsFreedomStudio/SiFive_HiFive_RevB_Projects/bsp/install/lib/debug//libmetal-gloss.a(crt0.o)
 .debug_aranges
                0x0000000000000168       0x38 /home/nicoladgg/wsFreedomStudio/SiFive_HiFive_RevB_Projects/bsp/install/lib/debug//libmetal.a(init.o)
 .debug_aranges
                0x00000000000001a0       0x20 /home/nicoladgg/wsFreedomStudio/SiFive_HiFive_RevB_Projects/bsp/install/lib/debug//libmetal.a(synchronize_harts.o)
 .debug_aranges
                0x00000000000001c0       0x18 /home/nicoladgg/wsFreedomStudio/SiFive_HiFive_RevB_Projects/bsp/install/lib/debug//libmetal.a(inline.o)
 .debug_aranges
                0x00000000000001d8       0xa0 /home/nicoladgg/wsFreedomStudio/SiFive_HiFive_RevB_Projects/bsp/install/lib/debug//libmetal.a(riscv_clint0.o)
 .debug_aranges
                0x0000000000000278      0x278 /home/nicoladgg/wsFreedomStudio/SiFive_HiFive_RevB_Projects/bsp/install/lib/debug//libmetal.a(riscv_cpu.o)
 .debug_aranges
                0x00000000000004f0       0x48 /home/nicoladgg/wsFreedomStudio/SiFive_HiFive_RevB_Projects/bsp/install/lib/debug//libmetal.a(sifive_fe310-g000_hfrosc.o)
 .debug_aranges
                0x0000000000000538       0x48 /home/nicoladgg/wsFreedomStudio/SiFive_HiFive_RevB_Projects/bsp/install/lib/debug//libmetal.a(sifive_fe310-g000_hfxosc.o)
 .debug_aranges
                0x0000000000000580       0xa0 /home/nicoladgg/wsFreedomStudio/SiFive_HiFive_RevB_Projects/bsp/install/lib/debug//libmetal.a(sifive_fe310-g000_pll.o)
 .debug_aranges
                0x0000000000000620       0x30 /home/nicoladgg/wsFreedomStudio/SiFive_HiFive_RevB_Projects/bsp/install/lib/debug//libmetal.a(sifive_fe310-g000_prci.o)
 .debug_aranges
                0x0000000000000650       0x48 /home/nicoladgg/wsFreedomStudio/SiFive_HiFive_RevB_Projects/bsp/install/lib/debug//libmetal.a(clock.o)
 .debug_aranges
                0x0000000000000698       0xb8 /home/nicoladgg/wsFreedomStudio/SiFive_HiFive_RevB_Projects/bsp/install/lib/debug//libmetal.a(cpu.o)
 .debug_aranges
                0x0000000000000750       0x28 /home/nicoladgg/wsFreedomStudio/SiFive_HiFive_RevB_Projects/bsp/install/lib/debug//libmetal.a(shutdown.o)
 .debug_aranges
                0x0000000000000778       0x20 /home/nicoladgg/wsFreedomStudio/SiFive_HiFive_RevB_Projects/bsp/install/lib/debug//libmetal.a(vector.o)
 .debug_aranges
                0x0000000000000798       0x30 /home/nicoladgg/wsFreedomStudio/SiFive_HiFive_RevB_Projects/bsp/install/lib/debug//libmetal.a(fixed-clock.o)
 .debug_aranges
                0x00000000000007c8       0x20 /home/nicoladgg/wsFreedomStudio/SiFive_HiFive_RevB_Projects/bsp/install/lib/debug//libmetal-gloss.a(sys_exit.o)

.debug_ranges   0x0000000000000000      0x6c8
 .debug_ranges  0x0000000000000000       0xc8 /tmp/cc0xU0ZT.o
 .debug_ranges  0x00000000000000c8       0x20 /home/nicoladgg/wsFreedomStudio/SiFive_HiFive_RevB_Projects/bsp/install/lib/debug//libmetal.a(entry.o)
 .debug_ranges  0x00000000000000e8       0x20 /home/nicoladgg/wsFreedomStudio/SiFive_HiFive_RevB_Projects/bsp/install/lib/debug//libmetal.a(trap.o)
 .debug_ranges  0x0000000000000108       0x28 /home/nicoladgg/wsFreedomStudio/SiFive_HiFive_RevB_Projects/bsp/install/lib/debug//libmetal.a(init.o)
 .debug_ranges  0x0000000000000130       0x10 /home/nicoladgg/wsFreedomStudio/SiFive_HiFive_RevB_Projects/bsp/install/lib/debug//libmetal.a(synchronize_harts.o)
 .debug_ranges  0x0000000000000140       0xd8 /home/nicoladgg/wsFreedomStudio/SiFive_HiFive_RevB_Projects/bsp/install/lib/debug//libmetal.a(riscv_clint0.o)
 .debug_ranges  0x0000000000000218      0x268 /home/nicoladgg/wsFreedomStudio/SiFive_HiFive_RevB_Projects/bsp/install/lib/debug//libmetal.a(riscv_cpu.o)
 .debug_ranges  0x0000000000000480       0x38 /home/nicoladgg/wsFreedomStudio/SiFive_HiFive_RevB_Projects/bsp/install/lib/debug//libmetal.a(sifive_fe310-g000_hfrosc.o)
 .debug_ranges  0x00000000000004b8       0x38 /home/nicoladgg/wsFreedomStudio/SiFive_HiFive_RevB_Projects/bsp/install/lib/debug//libmetal.a(sifive_fe310-g000_hfxosc.o)
 .debug_ranges  0x00000000000004f0       0x90 /home/nicoladgg/wsFreedomStudio/SiFive_HiFive_RevB_Projects/bsp/install/lib/debug//libmetal.a(sifive_fe310-g000_pll.o)
 .debug_ranges  0x0000000000000580       0x20 /home/nicoladgg/wsFreedomStudio/SiFive_HiFive_RevB_Projects/bsp/install/lib/debug//libmetal.a(sifive_fe310-g000_prci.o)
 .debug_ranges  0x00000000000005a0       0x38 /home/nicoladgg/wsFreedomStudio/SiFive_HiFive_RevB_Projects/bsp/install/lib/debug//libmetal.a(clock.o)
 .debug_ranges  0x00000000000005d8       0xa8 /home/nicoladgg/wsFreedomStudio/SiFive_HiFive_RevB_Projects/bsp/install/lib/debug//libmetal.a(cpu.o)
 .debug_ranges  0x0000000000000680       0x18 /home/nicoladgg/wsFreedomStudio/SiFive_HiFive_RevB_Projects/bsp/install/lib/debug//libmetal.a(shutdown.o)
 .debug_ranges  0x0000000000000698       0x20 /home/nicoladgg/wsFreedomStudio/SiFive_HiFive_RevB_Projects/bsp/install/lib/debug//libmetal.a(fixed-clock.o)
 .debug_ranges  0x00000000000006b8       0x10 /home/nicoladgg/wsFreedomStudio/SiFive_HiFive_RevB_Projects/bsp/install/lib/debug//libmetal-gloss.a(sys_exit.o)

.debug_line     0x0000000000000000     0x7aa4
 .debug_line    0x0000000000000000      0xeea /tmp/cc0xU0ZT.o
 .debug_line    0x0000000000000eea      0x155 /home/nicoladgg/wsFreedomStudio/SiFive_HiFive_RevB_Projects/bsp/install/lib/debug//libmetal.a(entry.o)
 .debug_line    0x000000000000103f      0x18c /home/nicoladgg/wsFreedomStudio/SiFive_HiFive_RevB_Projects/bsp/install/lib/debug//libmetal.a(scrub.o)
 .debug_line    0x00000000000011cb       0xf3 /home/nicoladgg/wsFreedomStudio/SiFive_HiFive_RevB_Projects/bsp/install/lib/debug//libmetal.a(trap.o)
 .debug_line    0x00000000000012be      0x2d1 /home/nicoladgg/wsFreedomStudio/SiFive_HiFive_RevB_Projects/bsp/install/lib/debug//libmetal-gloss.a(crt0.o)
 .debug_line    0x000000000000158f      0x201 /home/nicoladgg/wsFreedomStudio/SiFive_HiFive_RevB_Projects/bsp/install/lib/debug//libmetal.a(init.o)
 .debug_line    0x0000000000001790      0x49b /home/nicoladgg/wsFreedomStudio/SiFive_HiFive_RevB_Projects/bsp/install/lib/debug//libmetal.a(synchronize_harts.o)
 .debug_line    0x0000000000001c2b      0x508 /home/nicoladgg/wsFreedomStudio/SiFive_HiFive_RevB_Projects/bsp/install/lib/debug//libmetal.a(inline.o)
 .debug_line    0x0000000000002133      0xc62 /home/nicoladgg/wsFreedomStudio/SiFive_HiFive_RevB_Projects/bsp/install/lib/debug//libmetal.a(riscv_clint0.o)
 .debug_line    0x0000000000002d95     0x18eb /home/nicoladgg/wsFreedomStudio/SiFive_HiFive_RevB_Projects/bsp/install/lib/debug//libmetal.a(riscv_cpu.o)
 .debug_line    0x0000000000004680      0x619 /home/nicoladgg/wsFreedomStudio/SiFive_HiFive_RevB_Projects/bsp/install/lib/debug//libmetal.a(sifive_fe310-g000_hfrosc.o)
 .debug_line    0x0000000000004c99      0x601 /home/nicoladgg/wsFreedomStudio/SiFive_HiFive_RevB_Projects/bsp/install/lib/debug//libmetal.a(sifive_fe310-g000_hfxosc.o)
 .debug_line    0x000000000000529a      0xc47 /home/nicoladgg/wsFreedomStudio/SiFive_HiFive_RevB_Projects/bsp/install/lib/debug//libmetal.a(sifive_fe310-g000_pll.o)
 .debug_line    0x0000000000005ee1      0x545 /home/nicoladgg/wsFreedomStudio/SiFive_HiFive_RevB_Projects/bsp/install/lib/debug//libmetal.a(sifive_fe310-g000_prci.o)
 .debug_line    0x0000000000006426      0x20e /home/nicoladgg/wsFreedomStudio/SiFive_HiFive_RevB_Projects/bsp/install/lib/debug//libmetal.a(clock.o)
 .debug_line    0x0000000000006634      0x858 /home/nicoladgg/wsFreedomStudio/SiFive_HiFive_RevB_Projects/bsp/install/lib/debug//libmetal.a(cpu.o)
 .debug_line    0x0000000000006e8c      0x4d0 /home/nicoladgg/wsFreedomStudio/SiFive_HiFive_RevB_Projects/bsp/install/lib/debug//libmetal.a(shutdown.o)
 .debug_line    0x000000000000735c      0x140 /home/nicoladgg/wsFreedomStudio/SiFive_HiFive_RevB_Projects/bsp/install/lib/debug//libmetal.a(vector.o)
 .debug_line    0x000000000000749c      0x577 /home/nicoladgg/wsFreedomStudio/SiFive_HiFive_RevB_Projects/bsp/install/lib/debug//libmetal.a(fixed-clock.o)
 .debug_line    0x0000000000007a13       0x91 /home/nicoladgg/wsFreedomStudio/SiFive_HiFive_RevB_Projects/bsp/install/lib/debug//libmetal-gloss.a(sys_exit.o)

.debug_str      0x0000000000000000     0x3d9b
 .debug_str     0x0000000000000000      0x43c /tmp/cc0xU0ZT.o
                                        0x4db (size before relaxing)
 .debug_str     0x000000000000043c       0xaa /home/nicoladgg/wsFreedomStudio/SiFive_HiFive_RevB_Projects/bsp/install/lib/debug//libmetal.a(entry.o)
 .debug_str     0x00000000000004e6       0x54 /home/nicoladgg/wsFreedomStudio/SiFive_HiFive_RevB_Projects/bsp/install/lib/debug//libmetal.a(scrub.o)
                                         0xaa (size before relaxing)
 .debug_str     0x000000000000053a       0x53 /home/nicoladgg/wsFreedomStudio/SiFive_HiFive_RevB_Projects/bsp/install/lib/debug//libmetal.a(trap.o)
                                         0xa9 (size before relaxing)
 .debug_str     0x000000000000058d       0x55 /home/nicoladgg/wsFreedomStudio/SiFive_HiFive_RevB_Projects/bsp/install/lib/debug//libmetal-gloss.a(crt0.o)
                                         0xab (size before relaxing)
 .debug_str     0x00000000000005e2      0x12d /home/nicoladgg/wsFreedomStudio/SiFive_HiFive_RevB_Projects/bsp/install/lib/debug//libmetal.a(init.o)
                                        0x1f6 (size before relaxing)
 .debug_str     0x000000000000070f      0xfd0 /home/nicoladgg/wsFreedomStudio/SiFive_HiFive_RevB_Projects/bsp/install/lib/debug//libmetal.a(synchronize_harts.o)
                                       0x131d (size before relaxing)
 .debug_str     0x00000000000016df      0x685 /home/nicoladgg/wsFreedomStudio/SiFive_HiFive_RevB_Projects/bsp/install/lib/debug//libmetal.a(inline.o)
                                       0x19b4 (size before relaxing)
 .debug_str     0x0000000000001d64      0x3aa /home/nicoladgg/wsFreedomStudio/SiFive_HiFive_RevB_Projects/bsp/install/lib/debug//libmetal.a(riscv_clint0.o)
                                       0x17b9 (size before relaxing)
 .debug_str     0x000000000000210e      0xf0c /home/nicoladgg/wsFreedomStudio/SiFive_HiFive_RevB_Projects/bsp/install/lib/debug//libmetal.a(riscv_cpu.o)
                                       0x23d6 (size before relaxing)
 .debug_str     0x000000000000301a      0x19a /home/nicoladgg/wsFreedomStudio/SiFive_HiFive_RevB_Projects/bsp/install/lib/debug//libmetal.a(sifive_fe310-g000_hfrosc.o)
                                       0x15a9 (size before relaxing)
 .debug_str     0x00000000000031b4      0x16d /home/nicoladgg/wsFreedomStudio/SiFive_HiFive_RevB_Projects/bsp/install/lib/debug//libmetal.a(sifive_fe310-g000_hfxosc.o)
                                       0x15a9 (size before relaxing)
 .debug_str     0x0000000000003321      0x3d3 /home/nicoladgg/wsFreedomStudio/SiFive_HiFive_RevB_Projects/bsp/install/lib/debug//libmetal.a(sifive_fe310-g000_pll.o)
                                       0x19d2 (size before relaxing)
 .debug_str     0x00000000000036f4       0xcf /home/nicoladgg/wsFreedomStudio/SiFive_HiFive_RevB_Projects/bsp/install/lib/debug//libmetal.a(sifive_fe310-g000_prci.o)
                                       0x1420 (size before relaxing)
 .debug_str     0x00000000000037c3      0x12f /home/nicoladgg/wsFreedomStudio/SiFive_HiFive_RevB_Projects/bsp/install/lib/debug//libmetal.a(clock.o)
                                        0x2ff (size before relaxing)
 .debug_str     0x00000000000038f2      0x27a /home/nicoladgg/wsFreedomStudio/SiFive_HiFive_RevB_Projects/bsp/install/lib/debug//libmetal.a(cpu.o)
                                       0x1537 (size before relaxing)
 .debug_str     0x0000000000003b6c       0x96 /home/nicoladgg/wsFreedomStudio/SiFive_HiFive_RevB_Projects/bsp/install/lib/debug//libmetal.a(shutdown.o)
                                       0x1352 (size before relaxing)
 .debug_str     0x0000000000003c02       0x55 /home/nicoladgg/wsFreedomStudio/SiFive_HiFive_RevB_Projects/bsp/install/lib/debug//libmetal.a(vector.o)
                                         0xab (size before relaxing)
 .debug_str     0x0000000000003c57       0xdf /home/nicoladgg/wsFreedomStudio/SiFive_HiFive_RevB_Projects/bsp/install/lib/debug//libmetal.a(fixed-clock.o)
                                       0x147f (size before relaxing)
 .debug_str     0x0000000000003d36       0x65 /home/nicoladgg/wsFreedomStudio/SiFive_HiFive_RevB_Projects/bsp/install/lib/debug//libmetal-gloss.a(sys_exit.o)
                                        0x134 (size before relaxing)

.comment        0x0000000000000000       0x30
 .comment       0x0000000000000000       0x30 /tmp/cc0xU0ZT.o
                                         0x31 (size before relaxing)
 .comment       0x0000000000000030       0x31 /home/nicoladgg/Scrivania/SiFive_HiFive1_RevB/FreedomStudio-4.18.0.2021-04-1-x86_64-linux-ubuntu14/SiFive/riscv64-unknown-elf-toolchain-10.2.0-2020.12.8/bin/../lib/gcc/riscv64-unknown-elf/10.2.0/../../../../riscv64-unknown-elf/lib/rv32imac/ilp32/libc_nano.a(lib_a-atexit.o)
 .comment       0x0000000000000030       0x31 /home/nicoladgg/Scrivania/SiFive_HiFive1_RevB/FreedomStudio-4.18.0.2021-04-1-x86_64-linux-ubuntu14/SiFive/riscv64-unknown-elf-toolchain-10.2.0-2020.12.8/bin/../lib/gcc/riscv64-unknown-elf/10.2.0/../../../../riscv64-unknown-elf/lib/rv32imac/ilp32/libc_nano.a(lib_a-exit.o)
 .comment       0x0000000000000030       0x31 /home/nicoladgg/Scrivania/SiFive_HiFive1_RevB/FreedomStudio-4.18.0.2021-04-1-x86_64-linux-ubuntu14/SiFive/riscv64-unknown-elf-toolchain-10.2.0-2020.12.8/bin/../lib/gcc/riscv64-unknown-elf/10.2.0/../../../../riscv64-unknown-elf/lib/rv32imac/ilp32/libc_nano.a(lib_a-fini.o)
 .comment       0x0000000000000030       0x31 /home/nicoladgg/Scrivania/SiFive_HiFive1_RevB/FreedomStudio-4.18.0.2021-04-1-x86_64-linux-ubuntu14/SiFive/riscv64-unknown-elf-toolchain-10.2.0-2020.12.8/bin/../lib/gcc/riscv64-unknown-elf/10.2.0/../../../../riscv64-unknown-elf/lib/rv32imac/ilp32/libc_nano.a(lib_a-impure.o)
 .comment       0x0000000000000030       0x31 /home/nicoladgg/Scrivania/SiFive_HiFive1_RevB/FreedomStudio-4.18.0.2021-04-1-x86_64-linux-ubuntu14/SiFive/riscv64-unknown-elf-toolchain-10.2.0-2020.12.8/bin/../lib/gcc/riscv64-unknown-elf/10.2.0/../../../../riscv64-unknown-elf/lib/rv32imac/ilp32/libc_nano.a(lib_a-init.o)
 .comment       0x0000000000000030       0x31 /home/nicoladgg/Scrivania/SiFive_HiFive1_RevB/FreedomStudio-4.18.0.2021-04-1-x86_64-linux-ubuntu14/SiFive/riscv64-unknown-elf-toolchain-10.2.0-2020.12.8/bin/../lib/gcc/riscv64-unknown-elf/10.2.0/../../../../riscv64-unknown-elf/lib/rv32imac/ilp32/libc_nano.a(lib_a-__atexit.o)
 .comment       0x0000000000000030       0x31 /home/nicoladgg/Scrivania/SiFive_HiFive1_RevB/FreedomStudio-4.18.0.2021-04-1-x86_64-linux-ubuntu14/SiFive/riscv64-unknown-elf-toolchain-10.2.0-2020.12.8/bin/../lib/gcc/riscv64-unknown-elf/10.2.0/../../../../riscv64-unknown-elf/lib/rv32imac/ilp32/libc_nano.a(lib_a-__call_atexit.o)
 .comment       0x0000000000000030       0x31 /home/nicoladgg/wsFreedomStudio/SiFive_HiFive_RevB_Projects/bsp/install/lib/debug//libmetal.a(init.o)
 .comment       0x0000000000000030       0x31 /home/nicoladgg/wsFreedomStudio/SiFive_HiFive_RevB_Projects/bsp/install/lib/debug//libmetal.a(synchronize_harts.o)
 .comment       0x0000000000000030       0x31 /home/nicoladgg/wsFreedomStudio/SiFive_HiFive_RevB_Projects/bsp/install/lib/debug//libmetal.a(inline.o)
 .comment       0x0000000000000030       0x31 /home/nicoladgg/wsFreedomStudio/SiFive_HiFive_RevB_Projects/bsp/install/lib/debug//libmetal.a(riscv_clint0.o)
 .comment       0x0000000000000030       0x31 /home/nicoladgg/wsFreedomStudio/SiFive_HiFive_RevB_Projects/bsp/install/lib/debug//libmetal.a(riscv_cpu.o)
 .comment       0x0000000000000030       0x31 /home/nicoladgg/wsFreedomStudio/SiFive_HiFive_RevB_Projects/bsp/install/lib/debug//libmetal.a(sifive_fe310-g000_hfrosc.o)
 .comment       0x0000000000000030       0x31 /home/nicoladgg/wsFreedomStudio/SiFive_HiFive_RevB_Projects/bsp/install/lib/debug//libmetal.a(sifive_fe310-g000_hfxosc.o)
 .comment       0x0000000000000030       0x31 /home/nicoladgg/wsFreedomStudio/SiFive_HiFive_RevB_Projects/bsp/install/lib/debug//libmetal.a(sifive_fe310-g000_pll.o)
 .comment       0x0000000000000030       0x31 /home/nicoladgg/wsFreedomStudio/SiFive_HiFive_RevB_Projects/bsp/install/lib/debug//libmetal.a(sifive_fe310-g000_prci.o)
 .comment       0x0000000000000030       0x31 /home/nicoladgg/wsFreedomStudio/SiFive_HiFive_RevB_Projects/bsp/install/lib/debug//libmetal.a(clock.o)
 .comment       0x0000000000000030       0x31 /home/nicoladgg/wsFreedomStudio/SiFive_HiFive_RevB_Projects/bsp/install/lib/debug//libmetal.a(cpu.o)
 .comment       0x0000000000000030       0x31 /home/nicoladgg/wsFreedomStudio/SiFive_HiFive_RevB_Projects/bsp/install/lib/debug//libmetal.a(shutdown.o)
 .comment       0x0000000000000030       0x31 /home/nicoladgg/wsFreedomStudio/SiFive_HiFive_RevB_Projects/bsp/install/lib/debug//libmetal.a(fixed-clock.o)
 .comment       0x0000000000000030       0x31 /home/nicoladgg/wsFreedomStudio/SiFive_HiFive_RevB_Projects/bsp/install/lib/debug//libmetal-gloss.a(sys_exit.o)

.riscv.attributes
                0x0000000000000000       0x2f
 .riscv.attributes
                0x0000000000000000       0x2f /tmp/cc0xU0ZT.o
 .riscv.attributes
                0x000000000000002f       0x2d /home/nicoladgg/wsFreedomStudio/SiFive_HiFive_RevB_Projects/bsp/install/lib/debug//libmetal.a(entry.o)
 .riscv.attributes
                0x000000000000005c       0x2d /home/nicoladgg/wsFreedomStudio/SiFive_HiFive_RevB_Projects/bsp/install/lib/debug//libmetal.a(scrub.o)
 .riscv.attributes
                0x0000000000000089       0x2d /home/nicoladgg/wsFreedomStudio/SiFive_HiFive_RevB_Projects/bsp/install/lib/debug//libmetal.a(trap.o)
 .riscv.attributes
                0x00000000000000b6       0x2d /home/nicoladgg/wsFreedomStudio/SiFive_HiFive_RevB_Projects/bsp/install/lib/debug//libmetal-gloss.a(crt0.o)
 .riscv.attributes
                0x00000000000000e3       0x2b /home/nicoladgg/Scrivania/SiFive_HiFive1_RevB/FreedomStudio-4.18.0.2021-04-1-x86_64-linux-ubuntu14/SiFive/riscv64-unknown-elf-toolchain-10.2.0-2020.12.8/bin/../lib/gcc/riscv64-unknown-elf/10.2.0/../../../../riscv64-unknown-elf/lib/rv32imac/ilp32/libc_nano.a(lib_a-atexit.o)
 .riscv.attributes
                0x000000000000010e       0x2b /home/nicoladgg/Scrivania/SiFive_HiFive1_RevB/FreedomStudio-4.18.0.2021-04-1-x86_64-linux-ubuntu14/SiFive/riscv64-unknown-elf-toolchain-10.2.0-2020.12.8/bin/../lib/gcc/riscv64-unknown-elf/10.2.0/../../../../riscv64-unknown-elf/lib/rv32imac/ilp32/libc_nano.a(lib_a-exit.o)
 .riscv.attributes
                0x0000000000000139       0x2b /home/nicoladgg/Scrivania/SiFive_HiFive1_RevB/FreedomStudio-4.18.0.2021-04-1-x86_64-linux-ubuntu14/SiFive/riscv64-unknown-elf-toolchain-10.2.0-2020.12.8/bin/../lib/gcc/riscv64-unknown-elf/10.2.0/../../../../riscv64-unknown-elf/lib/rv32imac/ilp32/libc_nano.a(lib_a-fini.o)
 .riscv.attributes
                0x0000000000000164       0x2b /home/nicoladgg/Scrivania/SiFive_HiFive1_RevB/FreedomStudio-4.18.0.2021-04-1-x86_64-linux-ubuntu14/SiFive/riscv64-unknown-elf-toolchain-10.2.0-2020.12.8/bin/../lib/gcc/riscv64-unknown-elf/10.2.0/../../../../riscv64-unknown-elf/lib/rv32imac/ilp32/libc_nano.a(lib_a-impure.o)
 .riscv.attributes
                0x000000000000018f       0x2b /home/nicoladgg/Scrivania/SiFive_HiFive1_RevB/FreedomStudio-4.18.0.2021-04-1-x86_64-linux-ubuntu14/SiFive/riscv64-unknown-elf-toolchain-10.2.0-2020.12.8/bin/../lib/gcc/riscv64-unknown-elf/10.2.0/../../../../riscv64-unknown-elf/lib/rv32imac/ilp32/libc_nano.a(lib_a-init.o)
 .riscv.attributes
                0x00000000000001ba       0x2b /home/nicoladgg/Scrivania/SiFive_HiFive1_RevB/FreedomStudio-4.18.0.2021-04-1-x86_64-linux-ubuntu14/SiFive/riscv64-unknown-elf-toolchain-10.2.0-2020.12.8/bin/../lib/gcc/riscv64-unknown-elf/10.2.0/../../../../riscv64-unknown-elf/lib/rv32imac/ilp32/libc_nano.a(lib_a-__atexit.o)
 .riscv.attributes
                0x00000000000001e5       0x2b /home/nicoladgg/Scrivania/SiFive_HiFive1_RevB/FreedomStudio-4.18.0.2021-04-1-x86_64-linux-ubuntu14/SiFive/riscv64-unknown-elf-toolchain-10.2.0-2020.12.8/bin/../lib/gcc/riscv64-unknown-elf/10.2.0/../../../../riscv64-unknown-elf/lib/rv32imac/ilp32/libc_nano.a(lib_a-__call_atexit.o)
 .riscv.attributes
                0x0000000000000210       0x2b /home/nicoladgg/wsFreedomStudio/SiFive_HiFive_RevB_Projects/bsp/install/lib/debug//libmetal.a(init.o)
 .riscv.attributes
                0x000000000000023b       0x2b /home/nicoladgg/wsFreedomStudio/SiFive_HiFive_RevB_Projects/bsp/install/lib/debug//libmetal.a(synchronize_harts.o)
 .riscv.attributes
                0x0000000000000266       0x2b /home/nicoladgg/wsFreedomStudio/SiFive_HiFive_RevB_Projects/bsp/install/lib/debug//libmetal.a(inline.o)
 .riscv.attributes
                0x0000000000000291       0x2f /home/nicoladgg/wsFreedomStudio/SiFive_HiFive_RevB_Projects/bsp/install/lib/debug//libmetal.a(riscv_clint0.o)
 .riscv.attributes
                0x00000000000002c0       0x2f /home/nicoladgg/wsFreedomStudio/SiFive_HiFive_RevB_Projects/bsp/install/lib/debug//libmetal.a(riscv_cpu.o)
 .riscv.attributes
                0x00000000000002ef       0x2b /home/nicoladgg/wsFreedomStudio/SiFive_HiFive_RevB_Projects/bsp/install/lib/debug//libmetal.a(sifive_fe310-g000_hfrosc.o)
 .riscv.attributes
                0x000000000000031a       0x2b /home/nicoladgg/wsFreedomStudio/SiFive_HiFive_RevB_Projects/bsp/install/lib/debug//libmetal.a(sifive_fe310-g000_hfxosc.o)
 .riscv.attributes
                0x0000000000000345       0x2b /home/nicoladgg/wsFreedomStudio/SiFive_HiFive_RevB_Projects/bsp/install/lib/debug//libmetal.a(sifive_fe310-g000_pll.o)
 .riscv.attributes
                0x0000000000000370       0x2b /home/nicoladgg/wsFreedomStudio/SiFive_HiFive_RevB_Projects/bsp/install/lib/debug//libmetal.a(sifive_fe310-g000_prci.o)
 .riscv.attributes
                0x000000000000039b       0x2b /home/nicoladgg/wsFreedomStudio/SiFive_HiFive_RevB_Projects/bsp/install/lib/debug//libmetal.a(clock.o)
 .riscv.attributes
                0x00000000000003c6       0x2f /home/nicoladgg/wsFreedomStudio/SiFive_HiFive_RevB_Projects/bsp/install/lib/debug//libmetal.a(cpu.o)
 .riscv.attributes
                0x00000000000003f5       0x2b /home/nicoladgg/wsFreedomStudio/SiFive_HiFive_RevB_Projects/bsp/install/lib/debug//libmetal.a(shutdown.o)
 .riscv.attributes
                0x0000000000000420       0x29 /home/nicoladgg/wsFreedomStudio/SiFive_HiFive_RevB_Projects/bsp/install/lib/debug//libmetal.a(vector.o)
 .riscv.attributes
                0x0000000000000449       0x2b /home/nicoladgg/wsFreedomStudio/SiFive_HiFive_RevB_Projects/bsp/install/lib/debug//libmetal.a(fixed-clock.o)
 .riscv.attributes
                0x0000000000000474       0x2b /home/nicoladgg/wsFreedomStudio/SiFive_HiFive_RevB_Projects/bsp/install/lib/debug//libmetal-gloss.a(sys_exit.o)

.debug_frame    0x0000000000000000     0x21a4
 .debug_frame   0x0000000000000000      0x3b8 /tmp/cc0xU0ZT.o
 .debug_frame   0x00000000000003b8       0xb0 /home/nicoladgg/wsFreedomStudio/SiFive_HiFive_RevB_Projects/bsp/install/lib/debug//libmetal.a(init.o)
 .debug_frame   0x0000000000000468       0x34 /home/nicoladgg/wsFreedomStudio/SiFive_HiFive_RevB_Projects/bsp/install/lib/debug//libmetal.a(synchronize_harts.o)
 .debug_frame   0x000000000000049c      0x2cc /home/nicoladgg/wsFreedomStudio/SiFive_HiFive_RevB_Projects/bsp/install/lib/debug//libmetal.a(riscv_clint0.o)
 .debug_frame   0x0000000000000768     0x1030 /home/nicoladgg/wsFreedomStudio/SiFive_HiFive_RevB_Projects/bsp/install/lib/debug//libmetal.a(riscv_cpu.o)
 .debug_frame   0x0000000000001798       0xf0 /home/nicoladgg/wsFreedomStudio/SiFive_HiFive_RevB_Projects/bsp/install/lib/debug//libmetal.a(sifive_fe310-g000_hfrosc.o)
 .debug_frame   0x0000000000001888       0xf0 /home/nicoladgg/wsFreedomStudio/SiFive_HiFive_RevB_Projects/bsp/install/lib/debug//libmetal.a(sifive_fe310-g000_hfxosc.o)
 .debug_frame   0x0000000000001978      0x290 /home/nicoladgg/wsFreedomStudio/SiFive_HiFive_RevB_Projects/bsp/install/lib/debug//libmetal.a(sifive_fe310-g000_pll.o)
 .debug_frame   0x0000000000001c08       0x84 /home/nicoladgg/wsFreedomStudio/SiFive_HiFive_RevB_Projects/bsp/install/lib/debug//libmetal.a(sifive_fe310-g000_prci.o)
 .debug_frame   0x0000000000001c8c       0xfc /home/nicoladgg/wsFreedomStudio/SiFive_HiFive_RevB_Projects/bsp/install/lib/debug//libmetal.a(clock.o)
 .debug_frame   0x0000000000001d88      0x324 /home/nicoladgg/wsFreedomStudio/SiFive_HiFive_RevB_Projects/bsp/install/lib/debug//libmetal.a(cpu.o)
 .debug_frame   0x00000000000020ac       0x48 /home/nicoladgg/wsFreedomStudio/SiFive_HiFive_RevB_Projects/bsp/install/lib/debug//libmetal.a(shutdown.o)
 .debug_frame   0x00000000000020f4       0x84 /home/nicoladgg/wsFreedomStudio/SiFive_HiFive_RevB_Projects/bsp/install/lib/debug//libmetal.a(fixed-clock.o)
 .debug_frame   0x0000000000002178       0x2c /home/nicoladgg/wsFreedomStudio/SiFive_HiFive_RevB_Projects/bsp/install/lib/debug//libmetal-gloss.a(sys_exit.o)