Archive member included to satisfy reference by file (symbol)

/home/nicoladgg/wsFreedomStudio/SiFive_HiFive_RevB_Projects/bsp/install/lib/debug//libmetal.a(entry.o)
                              (_enter)
/home/nicoladgg/wsFreedomStudio/SiFive_HiFive_RevB_Projects/bsp/install/lib/debug//libmetal.a(scrub.o)
                              /home/nicoladgg/wsFreedomStudio/SiFive_HiFive_RevB_Projects/bsp/install/lib/debug//libmetal.a(entry.o) (__metal_before_start)
/home/nicoladgg/wsFreedomStudio/SiFive_HiFive_RevB_Projects/bsp/install/lib/debug//libmetal.a(trap.o)
                              /home/nicoladgg/wsFreedomStudio/SiFive_HiFive_RevB_Projects/bsp/install/lib/debug//libmetal.a(entry.o) (early_trap_vector)
/home/nicoladgg/wsFreedomStudio/SiFive_HiFive_RevB_Projects/bsp/install/lib/debug//libmetal-gloss.a(crt0.o)
                              /home/nicoladgg/wsFreedomStudio/SiFive_HiFive_RevB_Projects/bsp/install/lib/debug//libmetal.a(entry.o) (_start)
/home/nicoladgg/Scrivania/SiFive_HiFive1_RevB/FreedomStudio-4.18.0.2021-04-1-x86_64-linux-ubuntu14/SiFive/riscv64-unknown-elf-toolchain-10.2.0-2020.12.8/bin/../lib/gcc/riscv64-unknown-elf/10.2.0/../../../../riscv64-unknown-elf/lib/rv32imac/ilp32/libc_nano.a(lib_a-atexit.o)
                              /home/nicoladgg/wsFreedomStudio/SiFive_HiFive_RevB_Projects/bsp/install/lib/debug//libmetal-gloss.a(crt0.o) (atexit)
/home/nicoladgg/Scrivania/SiFive_HiFive1_RevB/FreedomStudio-4.18.0.2021-04-1-x86_64-linux-ubuntu14/SiFive/riscv64-unknown-elf-toolchain-10.2.0-2020.12.8/bin/../lib/gcc/riscv64-unknown-elf/10.2.0/../../../../riscv64-unknown-elf/lib/rv32imac/ilp32/libc_nano.a(lib_a-exit.o)
                              /home/nicoladgg/wsFreedomStudio/SiFive_HiFive_RevB_Projects/bsp/install/lib/debug//libmetal-gloss.a(crt0.o) (exit)
/home/nicoladgg/Scrivania/SiFive_HiFive1_RevB/FreedomStudio-4.18.0.2021-04-1-x86_64-linux-ubuntu14/SiFive/riscv64-unknown-elf-toolchain-10.2.0-2020.12.8/bin/../lib/gcc/riscv64-unknown-elf/10.2.0/../../../../riscv64-unknown-elf/lib/rv32imac/ilp32/libc_nano.a(lib_a-fini.o)
                              /home/nicoladgg/wsFreedomStudio/SiFive_HiFive_RevB_Projects/bsp/install/lib/debug//libmetal-gloss.a(crt0.o) (__libc_fini_array)
/home/nicoladgg/Scrivania/SiFive_HiFive1_RevB/FreedomStudio-4.18.0.2021-04-1-x86_64-linux-ubuntu14/SiFive/riscv64-unknown-elf-toolchain-10.2.0-2020.12.8/bin/../lib/gcc/riscv64-unknown-elf/10.2.0/../../../../riscv64-unknown-elf/lib/rv32imac/ilp32/libc_nano.a(lib_a-impure.o)
                              /home/nicoladgg/Scrivania/SiFive_HiFive1_RevB/FreedomStudio-4.18.0.2021-04-1-x86_64-linux-ubuntu14/SiFive/riscv64-unknown-elf-toolchain-10.2.0-2020.12.8/bin/../lib/gcc/riscv64-unknown-elf/10.2.0/../../../../riscv64-unknown-elf/lib/rv32imac/ilp32/libc_nano.a(lib_a-exit.o) (_global_impure_ptr)
/home/nicoladgg/Scrivania/SiFive_HiFive1_RevB/FreedomStudio-4.18.0.2021-04-1-x86_64-linux-ubuntu14/SiFive/riscv64-unknown-elf-toolchain-10.2.0-2020.12.8/bin/../lib/gcc/riscv64-unknown-elf/10.2.0/../../../../riscv64-unknown-elf/lib/rv32imac/ilp32/libc_nano.a(lib_a-init.o)
                              /home/nicoladgg/wsFreedomStudio/SiFive_HiFive_RevB_Projects/bsp/install/lib/debug//libmetal-gloss.a(crt0.o) (__libc_init_array)
/home/nicoladgg/Scrivania/SiFive_HiFive1_RevB/FreedomStudio-4.18.0.2021-04-1-x86_64-linux-ubuntu14/SiFive/riscv64-unknown-elf-toolchain-10.2.0-2020.12.8/bin/../lib/gcc/riscv64-unknown-elf/10.2.0/../../../../riscv64-unknown-elf/lib/rv32imac/ilp32/libc_nano.a(lib_a-__atexit.o)
                              /home/nicoladgg/Scrivania/SiFive_HiFive1_RevB/FreedomStudio-4.18.0.2021-04-1-x86_64-linux-ubuntu14/SiFive/riscv64-unknown-elf-toolchain-10.2.0-2020.12.8/bin/../lib/gcc/riscv64-unknown-elf/10.2.0/../../../../riscv64-unknown-elf/lib/rv32imac/ilp32/libc_nano.a(lib_a-atexit.o) (__register_exitproc)
/home/nicoladgg/Scrivania/SiFive_HiFive1_RevB/FreedomStudio-4.18.0.2021-04-1-x86_64-linux-ubuntu14/SiFive/riscv64-unknown-elf-toolchain-10.2.0-2020.12.8/bin/../lib/gcc/riscv64-unknown-elf/10.2.0/../../../../riscv64-unknown-elf/lib/rv32imac/ilp32/libc_nano.a(lib_a-__call_atexit.o)
                              /home/nicoladgg/Scrivania/SiFive_HiFive1_RevB/FreedomStudio-4.18.0.2021-04-1-x86_64-linux-ubuntu14/SiFive/riscv64-unknown-elf-toolchain-10.2.0-2020.12.8/bin/../lib/gcc/riscv64-unknown-elf/10.2.0/../../../../riscv64-unknown-elf/lib/rv32imac/ilp32/libc_nano.a(lib_a-__atexit.o) (__call_exitprocs)
/home/nicoladgg/wsFreedomStudio/SiFive_HiFive_RevB_Projects/bsp/install/lib/debug//libmetal.a(init.o)
                              /home/nicoladgg/wsFreedomStudio/SiFive_HiFive_RevB_Projects/bsp/install/lib/debug//libmetal-gloss.a(crt0.o) (metal_init_run)
/home/nicoladgg/wsFreedomStudio/SiFive_HiFive_RevB_Projects/bsp/install/lib/debug//libmetal.a(synchronize_harts.o)
[...]
Memory Configuration

Name             Origin             Length             Attributes
itim             0x0000000008000000 0x0000000000002000 axrwl
ram              0x0000000080000000 0x0000000000004000 arw !xl
rom              0x0000000020010000 0x000000000006a120 xrl !aw
*default*        0x0000000000000000 0xffffffffffffffff

Linker script and memory map

LOAD /tmp/ccBG2CIM.o
START GROUP
LOAD /home/nicoladgg/Scrivania/SiFive_HiFive1_RevB/FreedomStudio-4.18.0.2021-04-1-x86_64-linux-ubuntu14/SiFive/riscv64-unknown-elf-toolchain-10.2.0-2020.12.8/bin/../lib/gcc/riscv64-unknown-elf/10.2.0/../../../../riscv64-unknown-elf/lib/rv32imac/ilp32/libc_nano.a
LOAD /home/nicoladgg/Scrivania/SiFive_HiFive1_RevB/FreedomStudio-4.18.0.2021-04-1-x86_64-linux-ubuntu14/SiFive/riscv64-unknown-elf-toolchain-10.2.0-2020.12.8/bin/../lib/gcc/riscv64-unknown-elf/10.2.0/rv32imac/ilp32/libgcc.a
LOAD /home/nicoladgg/Scrivania/SiFive_HiFive1_RevB/FreedomStudio-4.18.0.2021-04-1-x86_64-linux-ubuntu14/SiFive/riscv64-unknown-elf-toolchain-10.2.0-2020.12.8/bin/../lib/gcc/riscv64-unknown-elf/10.2.0/../../../../riscv64-unknown-elf/lib/rv32imac/ilp32/libm_nano.a
LOAD /home/nicoladgg/wsFreedomStudio/SiFive_HiFive_RevB_Projects/bsp/install/lib/debug//libmetal.a
LOAD /home/nicoladgg/wsFreedomStudio/SiFive_HiFive_RevB_Projects/bsp/install/lib/debug//libmetal-gloss.a
END GROUP
                0x0000000000000400                __stack_size = DEFINED (__stack_size)?__stack_size:0x400
                [!provide]                        PROVIDE (__stack_size = __stack_size)
                0x0000000000000800                __heap_size = DEFINED (__heap_size)?__heap_size:0x800
                0x0000000000000000                PROVIDE (__metal_boot_hart = 0x0)
                0x0000000000000001                PROVIDE (__metal_chicken_bit = 0x1)
                0x0000000000000000                PROVIDE (__metal_eccscrub_bit = 0x0)
                [!provide]                        PROVIDE (metal_dtim_0_memory_start = 0x80000000)
                [!provide]                        PROVIDE (metal_dtim_0_memory_end = 0x80004000)
                [!provide]                        PROVIDE (metal_itim_0_memory_start = 0x8000000)
                [!provide]                        PROVIDE (metal_itim_0_memory_end = 0x8002000)

.init           0x0000000020010000      0x2dc
 *(.text.metal.init.enter)
 .text.metal.init.enter
                0x0000000020010000       0x88 /home/nicoladgg/wsFreedomStudio/SiFive_HiFive_RevB_Projects/bsp/install/lib/debug//libmetal.a(entry.o)
                0x0000000020010000                _enter
 *(.text.metal.init.*)
 .text.metal.init.__register_frame_info
                0x0000000020010088        0x2 /home/nicoladgg/wsFreedomStudio/SiFive_HiFive_RevB_Projects/bsp/install/lib/debug//libmetal.a(entry.o)
                0x0000000020010088                __register_frame_info
 .text.metal.init.scrub
                0x000000002001008a       0xa8 /home/nicoladgg/wsFreedomStudio/SiFive_HiFive_RevB_Projects/bsp/install/lib/debug//libmetal.a(scrub.o)
                0x000000002001008a                metal_mem_scrub
                0x00000000200100cc                __metal_before_start
 *fill*         0x0000000020010132        0x2 
 .text.metal.init.trapvec
                0x0000000020010134        0xe /home/nicoladgg/wsFreedomStudio/SiFive_HiFive_RevB_Projects/bsp/install/lib/debug//libmetal.a(trap.o)
                0x0000000020010134                early_trap_vector
 *(SORT_NONE(.init))
 .init          0x0000000020010142        0xe /home/nicoladgg/wsFreedomStudio/SiFive_HiFive_RevB_Projects/bsp/install/lib/debug//libmetal.a(synchronize_harts.o)
                0x0000000020010142                __metal_synchronize_harts
 *(.text.libgloss.start)
 .text.libgloss.start
                0x0000000020010150      0x18c /home/nicoladgg/wsFreedomStudio/SiFive_HiFive_RevB_Projects/bsp/install/lib/debug//libmetal-gloss.a(crt0.o)
                0x0000000020010150                _start
                0x00000000200102ba                _init
                0x00000000200102ba                _fini
                0x00000000200102bc                secondary_main

.fini
 *(SORT_NONE(.fini))

.preinit_array  0x00000000200102e0        0x0
                0x00000000200102e0                PROVIDE (__preinit_array_start = .)
 *(.preinit_array)
                0x00000000200102e0                PROVIDE (__preinit_array_end = .)

.init_array     0x00000000200102e0        0x8
                0x00000000200102e0                PROVIDE (__init_array_start = .)
 *(SORT_BY_INIT_PRIORITY(.init_array.*) SORT_BY_INIT_PRIORITY(.ctors.*))
 *(.init_array EXCLUDE_FILE(*crtend?.o *crtend.o *crtbegin?.o *crtbegin.o) .ctors)
                0x00000000200102e0                PROVIDE (__init_array_end = .)
                0x00000000200102e0                PROVIDE (metal_constructors_start = .)
 *(SORT_BY_INIT_PRIORITY(.metal.init_array.*))
 .metal.init_array.5000
                0x00000000200102e0        0x8 /home/nicoladgg/wsFreedomStudio/SiFive_HiFive_RevB_Projects/bsp/install/lib/debug//libmetal.a(sifive_fe310-g000_pll.o)
                0x00000000200102e0                _metal_sifive_fe310_g000_pll_init_ptr
                0x00000000200102e4                _use_hfxosc_ptr
 *(.metal.init_array)
                0x00000000200102e8                PROVIDE (metal_constructors_end = .)

.fini_array     0x00000000200102e8        0x0
                0x00000000200102e8                PROVIDE (__fini_array_start = .)
 *(SORT_BY_INIT_PRIORITY(.fini_array.*) SORT_BY_INIT_PRIORITY(.dtors.*))
 *(.fini_array EXCLUDE_FILE(*crtend?.o *crtend.o *crtbegin?.o *crtbegin.o) .dtors)
                0x00000000200102e8                PROVIDE (__fini_array_end = .)
                0x00000000200102e8                PROVIDE (metal_destructors_start = .)
 *(SORT_BY_INIT_PRIORITY(.metal.fini_array.*))
 *(.metal.fini_array)
                0x00000000200102e8                PROVIDE (metal_destructors_end = .)

.ctors          0x00000000200102e8       0x56
 *crtbegin.o(.ctors)
 *crtbegin?.o(.ctors)
 *(EXCLUDE_FILE(*crtend?.o *crtend.o) .ctors)
 *(SORT_BY_NAME(.ctors.*))
 *(.ctors)
 *(.metal.ctors .metal.ctors.*)
 .metal.ctors   0x00000000200102e8       0x56 /home/nicoladgg/wsFreedomStudio/SiFive_HiFive_RevB_Projects/bsp/install/lib/debug//libmetal.a(sifive_fe310-g000_pll.o)
                0x00000000200102e8                metal_sifive_fe310_g000_pll_init
                0x0000000020010314                use_hfxosc

.dtors
 *crtbegin.o(.dtors)
 *crtbegin?.o(.dtors)
 *(EXCLUDE_FILE(*crtend?.o *crtend.o) .dtors)
 *(SORT_BY_NAME(.dtors.*))
 *(.dtors)
 *(.metal.dtors .metal.dtors.*)

.rodata         0x0000000020010340      0xad4
 *(.rdata)
 *(.rodata .rodata.*)
 .rodata.variant_pin_map
                0x0000000020010340       0x50 /tmp/ccBG2CIM.o
                0x0000000020010340                variant_pin_map
 .rodata        0x0000000020010390       0x30 /tmp/ccBG2CIM.o
 .rodata.libgloss.start
                0x00000000200103c0       0x11 /home/nicoladgg/wsFreedomStudio/SiFive_HiFive_RevB_Projects/bsp/install/lib/debug//libmetal-gloss.a(crt0.o)
 *fill*         0x00000000200103d1        0x3 
 .rodata.__metal_driver_vtable_riscv_clint0
                0x00000000200103d4       0x64 /home/nicoladgg/wsFreedomStudio/SiFive_HiFive_RevB_Projects/bsp/install/lib/debug//libmetal.a(riscv_clint0.o)
                0x00000000200103d4                __metal_driver_vtable_riscv_clint0
 .rodata.__metal_local_interrupt_enable
                0x0000000020010438       0x80 /home/nicoladgg/wsFreedomStudio/SiFive_HiFive_RevB_Projects/bsp/install/lib/debug//libmetal.a(riscv_cpu.o)
 .rodata.__metal_driver_vtable_riscv_cpu_intc
                0x00000000200104b8       0x64 /home/nicoladgg/wsFreedomStudio/SiFive_HiFive_RevB_Projects/bsp/install/lib/debug//libmetal.a(riscv_cpu.o)
                0x00000000200104b8                __metal_driver_vtable_riscv_cpu_intc
 .rodata.__metal_driver_vtable_cpu
                0x000000002001051c       0x44 /home/nicoladgg/wsFreedomStudio/SiFive_HiFive_RevB_Projects/bsp/install/lib/debug//libmetal.a(riscv_cpu.o)
                0x000000002001051c                __metal_driver_vtable_cpu
 .rodata.pll_configs
                0x0000000020010560      0x880 /home/nicoladgg/wsFreedomStudio/SiFive_HiFive_RevB_Projects/bsp/install/lib/debug//libmetal.a(sifive_fe310-g000_pll.o)
 .rodata.__metal_driver_vtable_sifive_fe310_g000_pll
                0x0000000020010de0        0xc /home/nicoladgg/wsFreedomStudio/SiFive_HiFive_RevB_Projects/bsp/install/lib/debug//libmetal.a(sifive_fe310-g000_pll.o)
                0x0000000020010de0                __metal_driver_vtable_sifive_fe310_g000_pll
 *(.gnu.linkonce.r.*)
                0x0000000020010df0                . = ALIGN (0x8)
 *fill*         0x0000000020010dec        0x4 
 *(.srodata.cst16)
 *(.srodata.cst8)
 *(.srodata.cst4)
 *(.srodata.cst2)
 *(.srodata .srodata.*)
 .srodata._global_impure_ptr
                0x0000000020010df0        0x4 /home/nicoladgg/Scrivania/SiFive_HiFive1_RevB/FreedomStudio-4.18.0.2021-04-1-x86_64-linux-ubuntu14/SiFive/riscv64-unknown-elf-toolchain-10.2.0-2020.12.8/bin/../lib/gcc/riscv64-unknown-elf/10.2.0/../../../../riscv64-unknown-elf/lib/rv32imac/ilp32/libc_nano.a(lib_a-impure.o)
                0x0000000020010df0                _global_impure_ptr
 .srodata.__metal_driver_vtable_sifive_fe310_g000_hfrosc
                0x0000000020010df4        0x8 /home/nicoladgg/wsFreedomStudio/SiFive_HiFive_RevB_Projects/bsp/install/lib/debug//libmetal.a(sifive_fe310-g000_hfrosc.o)
                0x0000000020010df4                __metal_driver_vtable_sifive_fe310_g000_hfrosc
 .srodata.__metal_driver_vtable_sifive_fe310_g000_hfxosc
                0x0000000020010dfc        0x8 /home/nicoladgg/wsFreedomStudio/SiFive_HiFive_RevB_Projects/bsp/install/lib/debug//libmetal.a(sifive_fe310-g000_hfxosc.o)
                0x0000000020010dfc                __metal_driver_vtable_sifive_fe310_g000_hfxosc
 .srodata.__metal_driver_vtable_sifive_fe310_g000_prci
                0x0000000020010e04        0x8 /home/nicoladgg/wsFreedomStudio/SiFive_HiFive_RevB_Projects/bsp/install/lib/debug//libmetal.a(sifive_fe310-g000_prci.o)
                0x0000000020010e04                __metal_driver_vtable_sifive_fe310_g000_prci
 .srodata.__metal_driver_vtable_fixed_clock
                0x0000000020010e0c        0x8 /home/nicoladgg/wsFreedomStudio/SiFive_HiFive_RevB_Projects/bsp/install/lib/debug//libmetal.a(fixed-clock.o)
                0x0000000020010e0c                __metal_driver_vtable_fixed_clock

.itim           0x0000000008000000        0x0 load address 0x0000000020010e18
 *(.itim .itim.*)
                0x0000000020010e18                PROVIDE (metal_segment_itim_source_start = LOADADDR (.itim))
                0x0000000008000000                PROVIDE (metal_segment_itim_target_start = ADDR (.itim))
                0x0000000008000000                PROVIDE (metal_segment_itim_target_end = (ADDR (.itim) + SIZEOF (.itim)))

.lim            0x0000000080000000        0x0 load address 0x0000000020010e18
 *(.lim .lim.*)
                0x0000000020010e18                PROVIDE (metal_segment_lim_source_start = LOADADDR (.lim))
                0x0000000080000000                PROVIDE (metal_segment_lim_target_start = ADDR (.lim))
                0x0000000080000000                PROVIDE (metal_segment_lim_target_end = (ADDR (.lim) + SIZEOF (.lim)))

.text           0x0000000020010e80     0x3742
 *(.text.unlikely .text.unlikely.*)
 *(.text.startup .text.startup.*)
 *(.text .text.*)
 .text.set_freq_320MHz
                0x0000000020010e80       0x48 /tmp/ccBG2CIM.o
                0x0000000020010e80                set_freq_320MHz
 .text.delay    0x0000000020010ec8       0x30 /tmp/ccBG2CIM.o
                0x0000000020010ec8                delay
 .text.spi_init
                0x0000000020010ef8      0x1a4 /tmp/ccBG2CIM.o
                0x0000000020010ef8                spi_init
 .text.spi_set_cs
                0x000000002001109c      0x180 /tmp/ccBG2CIM.o
                0x000000002001109c                spi_set_cs
 .text.spi_transmit
                0x000000002001121c       0xb6 /tmp/ccBG2CIM.o
                0x000000002001121c                spi_transmit
 .text.main     0x00000000200112d2      0x298 /tmp/ccBG2CIM.o
                0x00000000200112d2                main
 .text.atexit   0x000000002001156a        0xa /home/nicoladgg/Scrivania/SiFive_HiFive1_RevB/FreedomStudio-4.18.0.2021-04-1-x86_64-linux-ubuntu14/SiFive/riscv64-unknown-elf-toolchain-10.2.0-2020.12.8/bin/../lib/gcc/riscv64-unknown-elf/10.2.0/../../../../riscv64-unknown-elf/lib/rv32imac/ilp32/libc_nano.a(lib_a-atexit.o)
                0x000000002001156a                atexit
 .text.exit     0x0000000020011574       0x2a /home/nicoladgg/Scrivania/SiFive_HiFive1_RevB/FreedomStudio-4.18.0.2021-04-1-x86_64-linux-ubuntu14/SiFive/riscv64-unknown-elf-toolchain-10.2.0-2020.12.8/bin/../lib/gcc/riscv64-unknown-elf/10.2.0/../../../../riscv64-unknown-elf/lib/rv32imac/ilp32/libc_nano.a(lib_a-exit.o)
                0x0000000020011574                exit
 .text.__libc_fini_array
                0x000000002001159e       0x36 /home/nicoladgg/Scrivania/SiFive_HiFive1_RevB/FreedomStudio-4.18.0.2021-04-1-x86_64-linux-ubuntu14/SiFive/riscv64-unknown-elf-toolchain-10.2.0-2020.12.8/bin/../lib/gcc/riscv64-unknown-elf/10.2.0/../../../../riscv64-unknown-elf/lib/rv32imac/ilp32/libc_nano.a(lib_a-fini.o)
                0x000000002001159e                __libc_fini_array
 .text.__libc_init_array
                0x00000000200115d4       0x5e /home/nicoladgg/Scrivania/SiFive_HiFive1_RevB/FreedomStudio-4.18.0.2021-04-1-x86_64-linux-ubuntu14/SiFive/riscv64-unknown-elf-toolchain-10.2.0-2020.12.8/bin/../lib/gcc/riscv64-unknown-elf/10.2.0/../../../../riscv64-unknown-elf/lib/rv32imac/ilp32/libc_nano.a(lib_a-init.o)
                0x00000000200115d4                __libc_init_array
 .text.__register_exitproc
                0x0000000020011632       0x7c /home/nicoladgg/Scrivania/SiFive_HiFive1_RevB/FreedomStudio-4.18.0.2021-04-1-x86_64-linux-ubuntu14/SiFive/riscv64-unknown-elf-toolchain-10.2.0-2020.12.8/bin/../lib/gcc/riscv64-unknown-elf/10.2.0/../../../../riscv64-unknown-elf/lib/rv32imac/ilp32/libc_nano.a(lib_a-__atexit.o)
                0x0000000020011632                __register_exitproc
 .text.__call_exitprocs
                0x00000000200116ae       0xc8 /home/nicoladgg/Scrivania/SiFive_HiFive1_RevB/FreedomStudio-4.18.0.2021-04-1-x86_64-linux-ubuntu14/SiFive/riscv64-unknown-elf-toolchain-10.2.0-2020.12.8/bin/../lib/gcc/riscv64-unknown-elf/10.2.0/../../../../riscv64-unknown-elf/lib/rv32imac/ilp32/libc_nano.a(lib_a-__call_atexit.o)
                0x00000000200116ae                __call_exitprocs
 .text.metal_init
                0x0000000020011776       0x78 /home/nicoladgg/wsFreedomStudio/SiFive_HiFive_RevB_Projects/bsp/install/lib/debug//libmetal.a(init.o)
                0x0000000020011776                metal_init
 .text.metal_fini
                0x00000000200117ee       0x78 /home/nicoladgg/wsFreedomStudio/SiFive_HiFive_RevB_Projects/bsp/install/lib/debug//libmetal.a(init.o)
                0x00000000200117ee                metal_fini
 .text.metal_init_run
                0x0000000020011866       0x14 /home/nicoladgg/wsFreedomStudio/SiFive_HiFive_RevB_Projects/bsp/install/lib/debug//libmetal.a(init.o)
                0x0000000020011866                metal_init_run
 .text.metal_fini_run
                0x000000002001187a       0x14 /home/nicoladgg/wsFreedomStudio/SiFive_HiFive_RevB_Projects/bsp/install/lib/debug//libmetal.a(init.o)
                0x000000002001187a                metal_fini_run
 .text.__metal_driver_sifive_clint0_control_base
                0x000000002001188e       0x2a /home/nicoladgg/wsFreedomStudio/SiFive_HiFive_RevB_Projects/bsp/install/lib/debug//libmetal.a(riscv_clint0.o)
 .text.__metal_driver_sifive_clint0_num_interrupts
                0x00000000200118b8       0x28 /home/nicoladgg/wsFreedomStudio/SiFive_HiFive_RevB_Projects/bsp/install/lib/debug//libmetal.a(riscv_clint0.o)
 .text.__metal_driver_sifive_clint0_interrupt_parents
                0x00000000200118e0       0x3c /home/nicoladgg/wsFreedomStudio/SiFive_HiFive_RevB_Projects/bsp/install/lib/debug//libmetal.a(riscv_clint0.o)
 .text.__metal_driver_sifive_clint0_interrupt_lines
                0x000000002001191c       0x30 /home/nicoladgg/wsFreedomStudio/SiFive_HiFive_RevB_Projects/bsp/install/lib/debug//libmetal.a(riscv_clint0.o)
 .text.__metal_clint0_mtime_get
                0x000000002001194c       0x9a /home/nicoladgg/wsFreedomStudio/SiFive_HiFive_RevB_Projects/bsp/install/lib/debug//libmetal.a(riscv_clint0.o)
                0x000000002001194c                __metal_clint0_mtime_get
 .text.__metal_driver_riscv_clint0_mtimecmp_set
                0x00000000200119e6       0x96 /home/nicoladgg/wsFreedomStudio/SiFive_HiFive_RevB_Projects/bsp/install/lib/debug//libmetal.a(riscv_clint0.o)
                0x00000000200119e6                __metal_driver_riscv_clint0_mtimecmp_set
 .text._get_cpu_intc
                0x0000000020011a7c       0x36 /home/nicoladgg/wsFreedomStudio/SiFive_HiFive_RevB_Projects/bsp/install/lib/debug//libmetal.a(riscv_clint0.o)
 .text.__metal_driver_riscv_clint0_init
                0x0000000020011ab2       0x88 /home/nicoladgg/wsFreedomStudio/SiFive_HiFive_RevB_Projects/bsp/install/lib/debug//libmetal.a(riscv_clint0.o)
                0x0000000020011ab2                __metal_driver_riscv_clint0_init
 .text.__metal_driver_riscv_clint0_register
                0x0000000020011b3a       0xda /home/nicoladgg/wsFreedomStudio/SiFive_HiFive_RevB_Projects/bsp/install/lib/debug//libmetal.a(riscv_clint0.o)
                0x0000000020011b3a                __metal_driver_riscv_clint0_register
 .text.__metal_driver_riscv_clint0_vector_register
                0x0000000020011c14       0x28 /home/nicoladgg/wsFreedomStudio/SiFive_HiFive_RevB_Projects/bsp/install/lib/debug//libmetal.a(riscv_clint0.o)
                0x0000000020011c14                __metal_driver_riscv_clint0_vector_register
 .text.__metal_driver_riscv_clint0_get_vector_mode
                0x0000000020011c3c       0x1c /home/nicoladgg/wsFreedomStudio/SiFive_HiFive_RevB_Projects/bsp/install/lib/debug//libmetal.a(riscv_clint0.o)
                0x0000000020011c3c                __metal_driver_riscv_clint0_get_vector_mode
 .text.__metal_driver_riscv_clint0_set_vector_mode
                0x0000000020011c58       0x58 /home/nicoladgg/wsFreedomStudio/SiFive_HiFive_RevB_Projects/bsp/install/lib/debug//libmetal.a(riscv_clint0.o)
                0x0000000020011c58                __metal_driver_riscv_clint0_set_vector_mode
 .text.__metal_driver_riscv_clint0_enable
                0x0000000020011cb0       0xb2 /home/nicoladgg/wsFreedomStudio/SiFive_HiFive_RevB_Projects/bsp/install/lib/debug//libmetal.a(riscv_clint0.o)
                0x0000000020011cb0                __metal_driver_riscv_clint0_enable
 .text.__metal_driver_riscv_clint0_disable
                0x0000000020011d62       0xb2 /home/nicoladgg/wsFreedomStudio/SiFive_HiFive_RevB_Projects/bsp/install/lib/debug//libmetal.a(riscv_clint0.o)
                0x0000000020011d62                __metal_driver_riscv_clint0_disable
 .text.__metal_driver_riscv_clint0_command_request
                0x0000000020011e14      0x13c /home/nicoladgg/wsFreedomStudio/SiFive_HiFive_RevB_Projects/bsp/install/lib/debug//libmetal.a(riscv_clint0.o)
                0x0000000020011e14                __metal_driver_riscv_clint0_command_request
 .text.__metal_driver_riscv_clint0_clear_interrupt
                0x0000000020011f50       0x34 /home/nicoladgg/wsFreedomStudio/SiFive_HiFive_RevB_Projects/bsp/install/lib/debug//libmetal.a(riscv_clint0.o)
                0x0000000020011f50                __metal_driver_riscv_clint0_clear_interrupt
 .text.__metal_driver_riscv_clint0_set_interrupt
                0x0000000020011f84       0x34 /home/nicoladgg/wsFreedomStudio/SiFive_HiFive_RevB_Projects/bsp/install/lib/debug//libmetal.a(riscv_clint0.o)
                0x0000000020011f84                __metal_driver_riscv_clint0_set_interrupt
 .text.__metal_driver_cpu_hartid
                0x0000000020011fb8       0x24 /home/nicoladgg/wsFreedomStudio/SiFive_HiFive_RevB_Projects/bsp/install/lib/debug//libmetal.a(riscv_cpu.o)
 .text.__metal_driver_cpu_timebase
                0x0000000020011fdc       0x2a /home/nicoladgg/wsFreedomStudio/SiFive_HiFive_RevB_Projects/bsp/install/lib/debug//libmetal.a(riscv_cpu.o)
 .text.__metal_driver_cpu_interrupt_controller
                0x0000000020012006       0x2a /home/nicoladgg/wsFreedomStudio/SiFive_HiFive_RevB_Projects/bsp/install/lib/debug//libmetal.a(riscv_cpu.o)
 .text.__metal_driver_cpu_buserror
                0x0000000020012030       0x24 /home/nicoladgg/wsFreedomStudio/SiFive_HiFive_RevB_Projects/bsp/install/lib/debug//libmetal.a(riscv_cpu.o)
 .text.__metal_driver_cpu_get
                0x0000000020012054       0x30 /home/nicoladgg/wsFreedomStudio/SiFive_HiFive_RevB_Projects/bsp/install/lib/debug//libmetal.a(riscv_cpu.o)
                0x0000000020012054                __metal_driver_cpu_get
 .text.__metal_myhart_id
                0x0000000020012084       0x1a /home/nicoladgg/wsFreedomStudio/SiFive_HiFive_RevB_Projects/bsp/install/lib/debug//libmetal.a(riscv_cpu.o)
                0x0000000020012084                __metal_myhart_id
 .text.__metal_interrupt_global_enable
                0x000000002001209e       0x18 /home/nicoladgg/wsFreedomStudio/SiFive_HiFive_RevB_Projects/bsp/install/lib/debug//libmetal.a(riscv_cpu.o)
                0x000000002001209e                __metal_interrupt_global_enable
 .text.__metal_interrupt_global_disable
                0x00000000200120b6       0x18 /home/nicoladgg/wsFreedomStudio/SiFive_HiFive_RevB_Projects/bsp/install/lib/debug//libmetal.a(riscv_cpu.o)
                0x00000000200120b6                __metal_interrupt_global_disable
 .text.__metal_interrupt_software_enable
                0x00000000200120ce       0x18 /home/nicoladgg/wsFreedomStudio/SiFive_HiFive_RevB_Projects/bsp/install/lib/debug//libmetal.a(riscv_cpu.o)
                0x00000000200120ce                __metal_interrupt_software_enable
 .text.__metal_interrupt_software_disable
                0x00000000200120e6       0x18 /home/nicoladgg/wsFreedomStudio/SiFive_HiFive_RevB_Projects/bsp/install/lib/debug//libmetal.a(riscv_cpu.o)
                0x00000000200120e6                __metal_interrupt_software_disable
 .text.__metal_interrupt_timer_enable
                0x00000000200120fe       0x1a /home/nicoladgg/wsFreedomStudio/SiFive_HiFive_RevB_Projects/bsp/install/lib/debug//libmetal.a(riscv_cpu.o)
                0x00000000200120fe                __metal_interrupt_timer_enable
 .text.__metal_interrupt_timer_disable
                0x0000000020012118       0x1a /home/nicoladgg/wsFreedomStudio/SiFive_HiFive_RevB_Projects/bsp/install/lib/debug//libmetal.a(riscv_cpu.o)
                0x0000000020012118                __metal_interrupt_timer_disable
 .text.__metal_interrupt_external_enable
                0x0000000020012132       0x1c /home/nicoladgg/wsFreedomStudio/SiFive_HiFive_RevB_Projects/bsp/install/lib/debug//libmetal.a(riscv_cpu.o)
                0x0000000020012132                __metal_interrupt_external_enable
 .text.__metal_interrupt_external_disable
                0x000000002001214e       0x1c /home/nicoladgg/wsFreedomStudio/SiFive_HiFive_RevB_Projects/bsp/install/lib/debug//libmetal.a(riscv_cpu.o)
                0x000000002001214e                __metal_interrupt_external_disable
 .text.__metal_interrupt_local_enable
                0x000000002001216a       0x2c /home/nicoladgg/wsFreedomStudio/SiFive_HiFive_RevB_Projects/bsp/install/lib/debug//libmetal.a(riscv_cpu.o)
                0x000000002001216a                __metal_interrupt_local_enable
 .text.__metal_interrupt_local_disable
                0x0000000020012196       0x2c /home/nicoladgg/wsFreedomStudio/SiFive_HiFive_RevB_Projects/bsp/install/lib/debug//libmetal.a(riscv_cpu.o)
                0x0000000020012196                __metal_interrupt_local_disable
 .text.__metal_default_exception_handler
                0x00000000200121c2       0x18 /home/nicoladgg/wsFreedomStudio/SiFive_HiFive_RevB_Projects/bsp/install/lib/debug//libmetal.a(riscv_cpu.o)
                0x00000000200121c2                __metal_default_exception_handler
 .text.__metal_default_interrupt_handler
                0x00000000200121da       0x18 /home/nicoladgg/wsFreedomStudio/SiFive_HiFive_RevB_Projects/bsp/install/lib/debug//libmetal.a(riscv_cpu.o)
                0x00000000200121da                __metal_default_interrupt_handler
 .text.metal_interrupt_vector_handler
                0x00000000200121f2       0x2e /home/nicoladgg/wsFreedomStudio/SiFive_HiFive_RevB_Projects/bsp/install/lib/debug//libmetal.a(riscv_cpu.o)
                0x00000000200121f2                metal_interrupt_vector_handler
 .text.metal_software_interrupt_vector_handler
                0x0000000020012220       0x92 /home/nicoladgg/wsFreedomStudio/SiFive_HiFive_RevB_Projects/bsp/install/lib/debug//libmetal.a(riscv_cpu.o)
                0x0000000020012220                metal_software_interrupt_vector_handler
 .text.__metal_default_sw_handler
                0x00000000200122b2       0x68 /home/nicoladgg/wsFreedomStudio/SiFive_HiFive_RevB_Projects/bsp/install/lib/debug//libmetal.a(riscv_cpu.o)
                0x00000000200122b2                __metal_default_sw_handler
 .text.metal_timer_interrupt_vector_handler
                0x000000002001231a       0x92 /home/nicoladgg/wsFreedomStudio/SiFive_HiFive_RevB_Projects/bsp/install/lib/debug//libmetal.a(riscv_cpu.o)
                0x000000002001231a                metal_timer_interrupt_vector_handler
 .text.__metal_default_beu_handler
                0x00000000200123ac       0x16 /home/nicoladgg/wsFreedomStudio/SiFive_HiFive_RevB_Projects/bsp/install/lib/debug//libmetal.a(riscv_cpu.o)
                0x00000000200123ac                __metal_default_beu_handler
 .text.__metal_default_timer_handler
                0x00000000200123c2       0x66 /home/nicoladgg/wsFreedomStudio/SiFive_HiFive_RevB_Projects/bsp/install/lib/debug//libmetal.a(riscv_cpu.o)
                0x00000000200123c2                __metal_default_timer_handler
 *fill*         0x0000000020012428       0x58 
 .text.__metal_exception_handler
                0x0000000020012480      0x1f6 /home/nicoladgg/wsFreedomStudio/SiFive_HiFive_RevB_Projects/bsp/install/lib/debug//libmetal.a(riscv_cpu.o)
                0x0000000020012480                __metal_exception_handler
 .text.metal_lc0_interrupt_vector_handler
                0x0000000020012676       0x96 /home/nicoladgg/wsFreedomStudio/SiFive_HiFive_RevB_Projects/bsp/install/lib/debug//libmetal.a(riscv_cpu.o)
                0x0000000020012676                metal_lc0_interrupt_vector_handler
 .text.metal_lc1_interrupt_vector_handler
                0x000000002001270c       0x96 /home/nicoladgg/wsFreedomStudio/SiFive_HiFive_RevB_Projects/bsp/install/lib/debug//libmetal.a(riscv_cpu.o)
                0x000000002001270c                metal_lc1_interrupt_vector_handler
 .text.metal_lc2_interrupt_vector_handler
                0x00000000200127a2       0x96 /home/nicoladgg/wsFreedomStudio/SiFive_HiFive_RevB_Projects/bsp/install/lib/debug//libmetal.a(riscv_cpu.o)
                0x00000000200127a2                metal_lc2_interrupt_vector_handler
 .text.metal_lc3_interrupt_vector_handler
                0x0000000020012838       0x96 /home/nicoladgg/wsFreedomStudio/SiFive_HiFive_RevB_Projects/bsp/install/lib/debug//libmetal.a(riscv_cpu.o)
                0x0000000020012838                metal_lc3_interrupt_vector_handler
 .text.metal_lc4_interrupt_vector_handler
                0x00000000200128ce       0x96 /home/nicoladgg/wsFreedomStudio/SiFive_HiFive_RevB_Projects/bsp/install/lib/debug//libmetal.a(riscv_cpu.o)
                0x00000000200128ce                metal_lc4_interrupt_vector_handler
 .text.metal_lc5_interrupt_vector_handler
                0x0000000020012964       0x96 /home/nicoladgg/wsFreedomStudio/SiFive_HiFive_RevB_Projects/bsp/install/lib/debug//libmetal.a(riscv_cpu.o)
                0x0000000020012964                metal_lc5_interrupt_vector_handler
 .text.metal_lc6_interrupt_vector_handler
                0x00000000200129fa       0x96 /home/nicoladgg/wsFreedomStudio/SiFive_HiFive_RevB_Projects/bsp/install/lib/debug//libmetal.a(riscv_cpu.o)
                0x00000000200129fa                metal_lc6_interrupt_vector_handler
 .text.metal_lc7_interrupt_vector_handler
                0x0000000020012a90       0x96 /home/nicoladgg/wsFreedomStudio/SiFive_HiFive_RevB_Projects/bsp/install/lib/debug//libmetal.a(riscv_cpu.o)
                0x0000000020012a90                metal_lc7_interrupt_vector_handler
 .text.metal_lc8_interrupt_vector_handler
                0x0000000020012b26       0x96 /home/nicoladgg/wsFreedomStudio/SiFive_HiFive_RevB_Projects/bsp/install/lib/debug//libmetal.a(riscv_cpu.o)
                0x0000000020012b26                metal_lc8_interrupt_vector_handler
 .text.metal_lc9_interrupt_vector_handler
                0x0000000020012bbc       0x96 /home/nicoladgg/wsFreedomStudio/SiFive_HiFive_RevB_Projects/bsp/install/lib/debug//libmetal.a(riscv_cpu.o)
                0x0000000020012bbc                metal_lc9_interrupt_vector_handler
 .text.metal_lc10_interrupt_vector_handler
                0x0000000020012c52       0x96 /home/nicoladgg/wsFreedomStudio/SiFive_HiFive_RevB_Projects/bsp/install/lib/debug//libmetal.a(riscv_cpu.o)
                0x0000000020012c52                metal_lc10_interrupt_vector_handler
 .text.metal_lc11_interrupt_vector_handler
                0x0000000020012ce8       0x96 /home/nicoladgg/wsFreedomStudio/SiFive_HiFive_RevB_Projects/bsp/install/lib/debug//libmetal.a(riscv_cpu.o)
                0x0000000020012ce8                metal_lc11_interrupt_vector_handler
 .text.metal_lc12_interrupt_vector_handler
                0x0000000020012d7e       0x96 /home/nicoladgg/wsFreedomStudio/SiFive_HiFive_RevB_Projects/bsp/install/lib/debug//libmetal.a(riscv_cpu.o)
                0x0000000020012d7e                metal_lc12_interrupt_vector_handler
 .text.metal_lc13_interrupt_vector_handler
                0x0000000020012e14       0x96 /home/nicoladgg/wsFreedomStudio/SiFive_HiFive_RevB_Projects/bsp/install/lib/debug//libmetal.a(riscv_cpu.o)
                0x0000000020012e14                metal_lc13_interrupt_vector_handler
 .text.metal_lc14_interrupt_vector_handler
                0x0000000020012eaa       0x96 /home/nicoladgg/wsFreedomStudio/SiFive_HiFive_RevB_Projects/bsp/install/lib/debug//libmetal.a(riscv_cpu.o)
                0x0000000020012eaa                metal_lc14_interrupt_vector_handler
 .text.metal_lc15_interrupt_vector_handler
                0x0000000020012f40       0x96 /home/nicoladgg/wsFreedomStudio/SiFive_HiFive_RevB_Projects/bsp/install/lib/debug//libmetal.a(riscv_cpu.o)
                0x0000000020012f40                metal_lc15_interrupt_vector_handler
 .text.__metal_controller_interrupt_vector_mode
                0x0000000020012fd6       0x58 /home/nicoladgg/wsFreedomStudio/SiFive_HiFive_RevB_Projects/bsp/install/lib/debug//libmetal.a(riscv_cpu.o)
                0x0000000020012fd6                __metal_controller_interrupt_vector_mode
 .text.__metal_controller_interrupt_vector
                0x000000002001302e       0xb2 /home/nicoladgg/wsFreedomStudio/SiFive_HiFive_RevB_Projects/bsp/install/lib/debug//libmetal.a(riscv_cpu.o)
                0x000000002001302e                __metal_controller_interrupt_vector
 .text.__metal_valid_interrupt_id
                0x00000000200130e0       0x58 /home/nicoladgg/wsFreedomStudio/SiFive_HiFive_RevB_Projects/bsp/install/lib/debug//libmetal.a(riscv_cpu.o)
                0x00000000200130e0                __metal_valid_interrupt_id
 .text.__metal_local_interrupt_enable
                0x0000000020013138       0xbc /home/nicoladgg/wsFreedomStudio/SiFive_HiFive_RevB_Projects/bsp/install/lib/debug//libmetal.a(riscv_cpu.o)
                0x0000000020013138                __metal_local_interrupt_enable
 .text.__metal_exception_register
                0x00000000200131f4       0x4e /home/nicoladgg/wsFreedomStudio/SiFive_HiFive_RevB_Projects/bsp/install/lib/debug//libmetal.a(riscv_cpu.o)
                0x00000000200131f4                __metal_exception_register
 .text.__metal_driver_riscv_cpu_controller_interrupt_init
                0x0000000020013242       0xe2 /home/nicoladgg/wsFreedomStudio/SiFive_HiFive_RevB_Projects/bsp/install/lib/debug//libmetal.a(riscv_cpu.o)
                0x0000000020013242                __metal_driver_riscv_cpu_controller_interrupt_init
 .text.__metal_driver_riscv_cpu_controller_interrupt_register
                0x0000000020013324      0x1e0 /home/nicoladgg/wsFreedomStudio/SiFive_HiFive_RevB_Projects/bsp/install/lib/debug//libmetal.a(riscv_cpu.o)
                0x0000000020013324                __metal_driver_riscv_cpu_controller_interrupt_register
 .text.__metal_driver_riscv_cpu_controller_interrupt_enable
                0x0000000020013504       0x2a /home/nicoladgg/wsFreedomStudio/SiFive_HiFive_RevB_Projects/bsp/install/lib/debug//libmetal.a(riscv_cpu.o)
                0x0000000020013504                __metal_driver_riscv_cpu_controller_interrupt_enable
 .text.__metal_driver_riscv_cpu_controller_interrupt_disable
                0x000000002001352e       0x2a /home/nicoladgg/wsFreedomStudio/SiFive_HiFive_RevB_Projects/bsp/install/lib/debug//libmetal.a(riscv_cpu.o)
                0x000000002001352e                __metal_driver_riscv_cpu_controller_interrupt_disable
 .text.__metal_driver_riscv_cpu_controller_get_vector_mode
                0x0000000020013558       0x1a /home/nicoladgg/wsFreedomStudio/SiFive_HiFive_RevB_Projects/bsp/install/lib/debug//libmetal.a(riscv_cpu.o)
                0x0000000020013558                __metal_driver_riscv_cpu_controller_get_vector_mode
 .text.__metal_driver_riscv_cpu_controller_set_vector_mode
                0x0000000020013572       0x50 /home/nicoladgg/wsFreedomStudio/SiFive_HiFive_RevB_Projects/bsp/install/lib/debug//libmetal.a(riscv_cpu.o)
                0x0000000020013572                __metal_driver_riscv_cpu_controller_set_vector_mode
 .text.__metal_driver_riscv_cpu_controller_command_request
                0x00000000200135c2       0x1c /home/nicoladgg/wsFreedomStudio/SiFive_HiFive_RevB_Projects/bsp/install/lib/debug//libmetal.a(riscv_cpu.o)
                0x00000000200135c2                __metal_driver_riscv_cpu_controller_command_request
 .text.__metal_driver_cpu_mcycle_get
                0x00000000200135de       0x70 /home/nicoladgg/wsFreedomStudio/SiFive_HiFive_RevB_Projects/bsp/install/lib/debug//libmetal.a(riscv_cpu.o)
                0x00000000200135de                __metal_driver_cpu_mcycle_get
 .text.__metal_driver_cpu_timebase_get
                0x000000002001364e       0x46 /home/nicoladgg/wsFreedomStudio/SiFive_HiFive_RevB_Projects/bsp/install/lib/debug//libmetal.a(riscv_cpu.o)
                0x000000002001364e                __metal_driver_cpu_timebase_get
 .text.__metal_driver_cpu_mtime_get
                0x0000000020013694       0x66 /home/nicoladgg/wsFreedomStudio/SiFive_HiFive_RevB_Projects/bsp/install/lib/debug//libmetal.a(riscv_cpu.o)
                0x0000000020013694                __metal_driver_cpu_mtime_get
 .text.__metal_driver_cpu_mtimecmp_set
                0x00000000200136fa       0x76 /home/nicoladgg/wsFreedomStudio/SiFive_HiFive_RevB_Projects/bsp/install/lib/debug//libmetal.a(riscv_cpu.o)
                0x00000000200136fa                __metal_driver_cpu_mtimecmp_set
 .text.__metal_driver_cpu_timer_controller_interrupt
                0x0000000020013770       0x1a /home/nicoladgg/wsFreedomStudio/SiFive_HiFive_RevB_Projects/bsp/install/lib/debug//libmetal.a(riscv_cpu.o)
                0x0000000020013770                __metal_driver_cpu_timer_controller_interrupt
 .text.__metal_driver_cpu_get_timer_interrupt_id
                0x000000002001378a       0x14 /home/nicoladgg/wsFreedomStudio/SiFive_HiFive_RevB_Projects/bsp/install/lib/debug//libmetal.a(riscv_cpu.o)
                0x000000002001378a                __metal_driver_cpu_get_timer_interrupt_id
 .text.__metal_driver_cpu_sw_controller_interrupt
                0x000000002001379e       0x1a /home/nicoladgg/wsFreedomStudio/SiFive_HiFive_RevB_Projects/bsp/install/lib/debug//libmetal.a(riscv_cpu.o)
                0x000000002001379e                __metal_driver_cpu_sw_controller_interrupt
 .text.__metal_driver_cpu_get_sw_interrupt_id
                0x00000000200137b8       0x14 /home/nicoladgg/wsFreedomStudio/SiFive_HiFive_RevB_Projects/bsp/install/lib/debug//libmetal.a(riscv_cpu.o)
                0x00000000200137b8                __metal_driver_cpu_get_sw_interrupt_id
 .text.__metal_driver_cpu_set_sw_ipi
                0x00000000200137cc       0x62 /home/nicoladgg/wsFreedomStudio/SiFive_HiFive_RevB_Projects/bsp/install/lib/debug//libmetal.a(riscv_cpu.o)
                0x00000000200137cc                __metal_driver_cpu_set_sw_ipi
 .text.__metal_driver_cpu_clear_sw_ipi
                0x000000002001382e       0x62 /home/nicoladgg/wsFreedomStudio/SiFive_HiFive_RevB_Projects/bsp/install/lib/debug//libmetal.a(riscv_cpu.o)
                0x000000002001382e                __metal_driver_cpu_clear_sw_ipi
 .text.__metal_driver_cpu_get_msip
                0x0000000020013890       0x60 /home/nicoladgg/wsFreedomStudio/SiFive_HiFive_RevB_Projects/bsp/install/lib/debug//libmetal.a(riscv_cpu.o)
                0x0000000020013890                __metal_driver_cpu_get_msip
 .text.__metal_driver_cpu_controller_interrupt
                0x00000000200138f0       0x20 /home/nicoladgg/wsFreedomStudio/SiFive_HiFive_RevB_Projects/bsp/install/lib/debug//libmetal.a(riscv_cpu.o)
                0x00000000200138f0                __metal_driver_cpu_controller_interrupt
 .text.__metal_driver_cpu_exception_register
                0x0000000020013910       0x46 /home/nicoladgg/wsFreedomStudio/SiFive_HiFive_RevB_Projects/bsp/install/lib/debug//libmetal.a(riscv_cpu.o)
                0x0000000020013910                __metal_driver_cpu_exception_register
 .text.__metal_driver_cpu_get_instruction_length
                0x0000000020013956       0x2e /home/nicoladgg/wsFreedomStudio/SiFive_HiFive_RevB_Projects/bsp/install/lib/debug//libmetal.a(riscv_cpu.o)
                0x0000000020013956                __metal_driver_cpu_get_instruction_length
 .text.__metal_driver_cpu_get_exception_pc
                0x0000000020013984       0x1e /home/nicoladgg/wsFreedomStudio/SiFive_HiFive_RevB_Projects/bsp/install/lib/debug//libmetal.a(riscv_cpu.o)
                0x0000000020013984                __metal_driver_cpu_get_exception_pc
 .text.__metal_driver_cpu_set_exception_pc
                0x00000000200139a2       0x20 /home/nicoladgg/wsFreedomStudio/SiFive_HiFive_RevB_Projects/bsp/install/lib/debug//libmetal.a(riscv_cpu.o)
                0x00000000200139a2                __metal_driver_cpu_set_exception_pc
 .text.__metal_driver_cpu_get_buserror
                0x00000000200139c2       0x20 /home/nicoladgg/wsFreedomStudio/SiFive_HiFive_RevB_Projects/bsp/install/lib/debug//libmetal.a(riscv_cpu.o)
                0x00000000200139c2                __metal_driver_cpu_get_buserror
 .text.__metal_driver_sifive_fe310_g000_hfrosc_ref
                0x00000000200139e2       0x1a /home/nicoladgg/wsFreedomStudio/SiFive_HiFive_RevB_Projects/bsp/install/lib/debug//libmetal.a(sifive_fe310-g000_hfrosc.o)
 .text.__metal_driver_sifive_fe310_g000_hfrosc_config_base
                0x00000000200139fc       0x16 /home/nicoladgg/wsFreedomStudio/SiFive_HiFive_RevB_Projects/bsp/install/lib/debug//libmetal.a(sifive_fe310-g000_hfrosc.o)
 .text.__metal_driver_sifive_fe310_g000_hfrosc_config_offset
                0x0000000020013a12       0x14 /home/nicoladgg/wsFreedomStudio/SiFive_HiFive_RevB_Projects/bsp/install/lib/debug//libmetal.a(sifive_fe310-g000_hfrosc.o)
 .text.__metal_driver_sifive_fe310_g000_prci_vtable
                0x0000000020013a26       0x16 /home/nicoladgg/wsFreedomStudio/SiFive_HiFive_RevB_Projects/bsp/install/lib/debug//libmetal.a(sifive_fe310-g000_hfrosc.o)
 .text.__metal_driver_sifive_fe310_g000_hfrosc_get_rate_hz
                0x0000000020013a3c       0x84 /home/nicoladgg/wsFreedomStudio/SiFive_HiFive_RevB_Projects/bsp/install/lib/debug//libmetal.a(sifive_fe310-g000_hfrosc.o)
                0x0000000020013a3c                __metal_driver_sifive_fe310_g000_hfrosc_get_rate_hz
 .text.__metal_driver_sifive_fe310_g000_hfrosc_set_rate_hz
                0x0000000020013ac0       0x22 /home/nicoladgg/wsFreedomStudio/SiFive_HiFive_RevB_Projects/bsp/install/lib/debug//libmetal.a(sifive_fe310-g000_hfrosc.o)
                0x0000000020013ac0                __metal_driver_sifive_fe310_g000_hfrosc_set_rate_hz
 .text.__metal_driver_sifive_fe310_g000_hfxosc_ref
                0x0000000020013ae2       0x1a /home/nicoladgg/wsFreedomStudio/SiFive_HiFive_RevB_Projects/bsp/install/lib/debug//libmetal.a(sifive_fe310-g000_hfxosc.o)
 .text.__metal_driver_sifive_fe310_g000_hfxosc_config_base
                0x0000000020013afc       0x16 /home/nicoladgg/wsFreedomStudio/SiFive_HiFive_RevB_Projects/bsp/install/lib/debug//libmetal.a(sifive_fe310-g000_hfxosc.o)
 .text.__metal_driver_sifive_fe310_g000_hfxosc_config_offset
                0x0000000020013b12       0x14 /home/nicoladgg/wsFreedomStudio/SiFive_HiFive_RevB_Projects/bsp/install/lib/debug//libmetal.a(sifive_fe310-g000_hfxosc.o)
 .text.__metal_driver_sifive_fe310_g000_prci_vtable
                0x0000000020013b26       0x16 /home/nicoladgg/wsFreedomStudio/SiFive_HiFive_RevB_Projects/bsp/install/lib/debug//libmetal.a(sifive_fe310-g000_hfxosc.o)
 .text.__metal_driver_sifive_fe310_g000_hfxosc_get_rate_hz
                0x0000000020013b3c       0x74 /home/nicoladgg/wsFreedomStudio/SiFive_HiFive_RevB_Projects/bsp/install/lib/debug//libmetal.a(sifive_fe310-g000_hfxosc.o)
                0x0000000020013b3c                __metal_driver_sifive_fe310_g000_hfxosc_get_rate_hz
 .text.__metal_driver_sifive_fe310_g000_hfxosc_set_rate_hz
                0x0000000020013bb0       0x22 /home/nicoladgg/wsFreedomStudio/SiFive_HiFive_RevB_Projects/bsp/install/lib/debug//libmetal.a(sifive_fe310-g000_hfxosc.o)
                0x0000000020013bb0                __metal_driver_sifive_fe310_g000_hfxosc_set_rate_hz
 .text.__metal_driver_sifive_fe310_g000_pll_pllsel0
                0x0000000020013bd2       0x1a /home/nicoladgg/wsFreedomStudio/SiFive_HiFive_RevB_Projects/bsp/install/lib/debug//libmetal.a(sifive_fe310-g000_pll.o)
 .text.__metal_driver_sifive_fe310_g000_pll_pllref
                0x0000000020013bec       0x1a /home/nicoladgg/wsFreedomStudio/SiFive_HiFive_RevB_Projects/bsp/install/lib/debug//libmetal.a(sifive_fe310-g000_pll.o)
 .text.__metal_driver_sifive_fe310_g000_pll_divider_base
                0x0000000020013c06       0x16 /home/nicoladgg/wsFreedomStudio/SiFive_HiFive_RevB_Projects/bsp/install/lib/debug//libmetal.a(sifive_fe310-g000_pll.o)
 .text.__metal_driver_sifive_fe310_g000_pll_divider_offset
                0x0000000020013c1c       0x14 /home/nicoladgg/wsFreedomStudio/SiFive_HiFive_RevB_Projects/bsp/install/lib/debug//libmetal.a(sifive_fe310-g000_pll.o)
 .text.__metal_driver_sifive_fe310_g000_pll_config_base
                0x0000000020013c30       0x12 /home/nicoladgg/wsFreedomStudio/SiFive_HiFive_RevB_Projects/bsp/install/lib/debug//libmetal.a(sifive_fe310-g000_pll.o)
 .text.__metal_driver_sifive_fe310_g000_pll_config_offset
                0x0000000020013c42       0x10 /home/nicoladgg/wsFreedomStudio/SiFive_HiFive_RevB_Projects/bsp/install/lib/debug//libmetal.a(sifive_fe310-g000_pll.o)
 .text.__metal_driver_sifive_fe310_g000_pll_init_rate
                0x0000000020013c52       0x16 /home/nicoladgg/wsFreedomStudio/SiFive_HiFive_RevB_Projects/bsp/install/lib/debug//libmetal.a(sifive_fe310-g000_pll.o)
 .text.__metal_driver_sifive_fe310_g000_prci_base
                0x0000000020013c68       0x12 /home/nicoladgg/wsFreedomStudio/SiFive_HiFive_RevB_Projects/bsp/install/lib/debug//libmetal.a(sifive_fe310-g000_pll.o)
 .text.__metal_driver_sifive_fe310_g000_prci_vtable
                0x0000000020013c7a       0x16 /home/nicoladgg/wsFreedomStudio/SiFive_HiFive_RevB_Projects/bsp/install/lib/debug//libmetal.a(sifive_fe310-g000_pll.o)
 .text.get_pll_config_freq
                0x0000000020013c90       0x4e /home/nicoladgg/wsFreedomStudio/SiFive_HiFive_RevB_Projects/bsp/install/lib/debug//libmetal.a(sifive_fe310-g000_pll.o)
 .text.__metal_driver_sifive_fe310_g000_pll_init
                0x0000000020013cde       0xa0 /home/nicoladgg/wsFreedomStudio/SiFive_HiFive_RevB_Projects/bsp/install/lib/debug//libmetal.a(sifive_fe310-g000_pll.o)
                0x0000000020013cde                __metal_driver_sifive_fe310_g000_pll_init
 .text.__metal_driver_sifive_fe310_g000_pll_get_rate_hz
                0x0000000020013d7e      0x16c /home/nicoladgg/wsFreedomStudio/SiFive_HiFive_RevB_Projects/bsp/install/lib/debug//libmetal.a(sifive_fe310-g000_pll.o)
                0x0000000020013d7e                __metal_driver_sifive_fe310_g000_pll_get_rate_hz
 .text.find_closest_config
                0x0000000020013eea       0xaa /home/nicoladgg/wsFreedomStudio/SiFive_HiFive_RevB_Projects/bsp/install/lib/debug//libmetal.a(sifive_fe310-g000_pll.o)
 .text.configure_pll
                0x0000000020013f94      0x1b0 /home/nicoladgg/wsFreedomStudio/SiFive_HiFive_RevB_Projects/bsp/install/lib/debug//libmetal.a(sifive_fe310-g000_pll.o)
 .text.__metal_driver_sifive_fe310_g000_pll_set_rate_hz
                0x0000000020014144      0x160 /home/nicoladgg/wsFreedomStudio/SiFive_HiFive_RevB_Projects/bsp/install/lib/debug//libmetal.a(sifive_fe310-g000_pll.o)
                0x0000000020014144                __metal_driver_sifive_fe310_g000_pll_set_rate_hz
 .text.__metal_driver_sifive_fe310_g000_prci_base
                0x00000000200142a4       0x12 /home/nicoladgg/wsFreedomStudio/SiFive_HiFive_RevB_Projects/bsp/install/lib/debug//libmetal.a(sifive_fe310-g000_prci.o)
 .text.__metal_driver_sifive_fe310_g000_prci_get_reg
                0x00000000200142b6       0x2e /home/nicoladgg/wsFreedomStudio/SiFive_HiFive_RevB_Projects/bsp/install/lib/debug//libmetal.a(sifive_fe310-g000_prci.o)
                0x00000000200142b6                __metal_driver_sifive_fe310_g000_prci_get_reg
 .text.__metal_driver_sifive_fe310_g000_prci_set_reg
                0x00000000200142e4       0x38 /home/nicoladgg/wsFreedomStudio/SiFive_HiFive_RevB_Projects/bsp/install/lib/debug//libmetal.a(sifive_fe310-g000_prci.o)
                0x00000000200142e4                __metal_driver_sifive_fe310_g000_prci_set_reg
 .text._metal_clock_call_all_callbacks
                0x000000002001431c       0x42 /home/nicoladgg/wsFreedomStudio/SiFive_HiFive_RevB_Projects/bsp/install/lib/debug//libmetal.a(clock.o)
                0x000000002001431c                _metal_clock_call_all_callbacks
 .text.metal_clock_get_rate_hz
                0x000000002001435e       0x26 /home/nicoladgg/wsFreedomStudio/SiFive_HiFive_RevB_Projects/bsp/install/lib/debug//libmetal.a(clock.o)
                0x000000002001435e                metal_clock_get_rate_hz
 .text.metal_clock_set_rate_hz
                0x0000000020014384       0x48 /home/nicoladgg/wsFreedomStudio/SiFive_HiFive_RevB_Projects/bsp/install/lib/debug//libmetal.a(clock.o)
                0x0000000020014384                metal_clock_set_rate_hz
 .text.metal_cpu_interrupt_controller
                0x00000000200143cc       0x26 /home/nicoladgg/wsFreedomStudio/SiFive_HiFive_RevB_Projects/bsp/install/lib/debug//libmetal.a(cpu.o)
                0x00000000200143cc                metal_cpu_interrupt_controller
 .text.metal_cpu_get
                0x00000000200143f2       0x2e /home/nicoladgg/wsFreedomStudio/SiFive_HiFive_RevB_Projects/bsp/install/lib/debug//libmetal.a(cpu.o)
                0x00000000200143f2                metal_cpu_get
 .text.metal_cpu_get_current_hartid
                0x0000000020014420       0x1a /home/nicoladgg/wsFreedomStudio/SiFive_HiFive_RevB_Projects/bsp/install/lib/debug//libmetal.a(cpu.o)
                0x0000000020014420                metal_cpu_get_current_hartid
 .text.metal_shutdown
                0x000000002001443a        0xe /home/nicoladgg/wsFreedomStudio/SiFive_HiFive_RevB_Projects/bsp/install/lib/debug//libmetal.a(shutdown.o)
                0x000000002001443a                metal_shutdown
 *fill*         0x0000000020014448       0x38 
 .text          0x0000000020014480       0x80 /home/nicoladgg/wsFreedomStudio/SiFive_HiFive_RevB_Projects/bsp/install/lib/debug//libmetal.a(vector.o)
                0x0000000020014480                __metal_vector_table
 .text.__metal_driver_fixed_clock_rate
                0x0000000020014500       0x70 /home/nicoladgg/wsFreedomStudio/SiFive_HiFive_RevB_Projects/bsp/install/lib/debug//libmetal.a(fixed-clock.o)
 .text.__metal_driver_fixed_clock_get_rate_hz
                0x0000000020014570       0x1e /home/nicoladgg/wsFreedomStudio/SiFive_HiFive_RevB_Projects/bsp/install/lib/debug//libmetal.a(fixed-clock.o)
                0x0000000020014570                __metal_driver_fixed_clock_get_rate_hz
 .text.__metal_driver_fixed_clock_set_rate_hz
                0x000000002001458e       0x22 /home/nicoladgg/wsFreedomStudio/SiFive_HiFive_RevB_Projects/bsp/install/lib/debug//libmetal.a(fixed-clock.o)
                0x000000002001458e                __metal_driver_fixed_clock_set_rate_hz
 .text._exit    0x00000000200145b0       0x12 /home/nicoladgg/wsFreedomStudio/SiFive_HiFive_RevB_Projects/bsp/install/lib/debug//libmetal-gloss.a(sys_exit.o)
                0x00000000200145b0                _exit
 *(.gnu.linkonce.t.*)

.rela.dyn       0x00000000200145c4        0x0
 .rela.text.metal.init.enter
                0x00000000200145c4        0x0 /tmp/ccBG2CIM.o
 .rela.text.metal.init.scrub
                0x00000000200145c4        0x0 /tmp/ccBG2CIM.o
 .rela.text.libgloss.start
                0x00000000200145c4        0x0 /tmp/ccBG2CIM.o
 .rela.text.__libc_fini_array
                0x00000000200145c4        0x0 /tmp/ccBG2CIM.o
 .rela.data.impure_data
                0x00000000200145c4        0x0 /tmp/ccBG2CIM.o
 .rela.text.__libc_init_array
                0x00000000200145c4        0x0 /tmp/ccBG2CIM.o
 .rela.text.__register_exitproc
                0x00000000200145c4        0x0 /tmp/ccBG2CIM.o
 .rela.text.metal_init
                0x00000000200145c4        0x0 /tmp/ccBG2CIM.o
 .rela.text.metal_fini
                0x00000000200145c4        0x0 /tmp/ccBG2CIM.o
 .rela.text.__metal_driver_cpu_get
                0x00000000200145c4        0x0 /tmp/ccBG2CIM.o
 .rela.text.metal_software_interrupt_vector_handler
                0x00000000200145c4        0x0 /tmp/ccBG2CIM.o
 .rela.text.__metal_default_sw_handler
                0x00000000200145c4        0x0 /tmp/ccBG2CIM.o
 .rela.text.metal_timer_interrupt_vector_handler
                0x00000000200145c4        0x0 /tmp/ccBG2CIM.o
 .rela.text.__metal_exception_handler
                0x00000000200145c4        0x0 /tmp/ccBG2CIM.o
 .rela.text.metal_lc0_interrupt_vector_handler
                0x00000000200145c4        0x0 /tmp/ccBG2CIM.o
 .rela.text.metal_lc1_interrupt_vector_handler
                0x00000000200145c4        0x0 /tmp/ccBG2CIM.o
 .rela.text.metal_lc2_interrupt_vector_handler
                0x00000000200145c4        0x0 /tmp/ccBG2CIM.o
 .rela.text.metal_lc3_interrupt_vector_handler
                0x00000000200145c4        0x0 /tmp/ccBG2CIM.o
 .rela.text.metal_lc4_interrupt_vector_handler
                0x00000000200145c4        0x0 /tmp/ccBG2CIM.o
 .rela.text.metal_lc5_interrupt_vector_handler
                0x00000000200145c4        0x0 /tmp/ccBG2CIM.o
 .rela.text.metal_lc6_interrupt_vector_handler
                0x00000000200145c4        0x0 /tmp/ccBG2CIM.o
 .rela.text.metal_lc7_interrupt_vector_handler
                0x00000000200145c4        0x0 /tmp/ccBG2CIM.o
 .rela.text.metal_lc8_interrupt_vector_handler
                0x00000000200145c4        0x0 /tmp/ccBG2CIM.o
 .rela.text.metal_lc9_interrupt_vector_handler
                0x00000000200145c4        0x0 /tmp/ccBG2CIM.o
 .rela.text.metal_lc10_interrupt_vector_handler
                0x00000000200145c4        0x0 /tmp/ccBG2CIM.o
 .rela.text.metal_lc11_interrupt_vector_handler
                0x00000000200145c4        0x0 /tmp/ccBG2CIM.o
 .rela.text.metal_lc12_interrupt_vector_handler
                0x00000000200145c4        0x0 /tmp/ccBG2CIM.o
 .rela.text.metal_lc13_interrupt_vector_handler
                0x00000000200145c4        0x0 /tmp/ccBG2CIM.o
 .rela.text.metal_lc14_interrupt_vector_handler
                0x00000000200145c4        0x0 /tmp/ccBG2CIM.o
 .rela.text.metal_lc15_interrupt_vector_handler
                0x00000000200145c4        0x0 /tmp/ccBG2CIM.o
 .rela.text.metal_cpu_get
                0x00000000200145c4        0x0 /tmp/ccBG2CIM.o
 .rela.text     0x00000000200145c4        0x0 /tmp/ccBG2CIM.o

.data           0x0000000080000000      0x4a4 load address 0x00000000200145c8
 *(.data .data.*)
 .data.impure_data
                0x0000000080000000       0x60 /home/nicoladgg/Scrivania/SiFive_HiFive1_RevB/FreedomStudio-4.18.0.2021-04-1-x86_64-linux-ubuntu14/SiFive/riscv64-unknown-elf-toolchain-10.2.0-2020.12.8/bin/../lib/gcc/riscv64-unknown-elf/10.2.0/../../../../riscv64-unknown-elf/lib/rv32imac/ilp32/libc_nano.a(lib_a-impure.o)
 .data.__metal_dt_clock_0
                0x0000000080000060        0xc /home/nicoladgg/wsFreedomStudio/SiFive_HiFive_RevB_Projects/bsp/install/lib/debug//libmetal.a(inline.o)
                0x0000000080000060                __metal_dt_clock_0
 .data.__metal_dt_clock_2
                0x000000008000006c        0xc /home/nicoladgg/wsFreedomStudio/SiFive_HiFive_RevB_Projects/bsp/install/lib/debug//libmetal.a(inline.o)
                0x000000008000006c                __metal_dt_clock_2
 .data.__metal_dt_clock_5
                0x0000000080000078        0xc /home/nicoladgg/wsFreedomStudio/SiFive_HiFive_RevB_Projects/bsp/install/lib/debug//libmetal.a(inline.o)
                0x0000000080000078                __metal_dt_clock_5
 .data.__metal_dt_clock_6
                0x0000000080000084        0xc /home/nicoladgg/wsFreedomStudio/SiFive_HiFive_RevB_Projects/bsp/install/lib/debug//libmetal.a(inline.o)
                0x0000000080000084                __metal_dt_clock_6
 .data.__metal_dt_cpu_0_interrupt_controller
                0x0000000080000090      0x3d0 /home/nicoladgg/wsFreedomStudio/SiFive_HiFive_RevB_Projects/bsp/install/lib/debug//libmetal.a(inline.o)
                0x0000000080000090                __metal_dt_cpu_0_interrupt_controller
 .data.__metal_dt_clock_3
                0x0000000080000460        0xc /home/nicoladgg/wsFreedomStudio/SiFive_HiFive_RevB_Projects/bsp/install/lib/debug//libmetal.a(inline.o)
                0x0000000080000460                __metal_dt_clock_3
 .data.__metal_dt_clock_1
                0x000000008000046c        0xc /home/nicoladgg/wsFreedomStudio/SiFive_HiFive_RevB_Projects/bsp/install/lib/debug//libmetal.a(inline.o)
                0x000000008000046c                __metal_dt_clock_1
 .data.__metal_dt_clock_4
                0x0000000080000478        0xc /home/nicoladgg/wsFreedomStudio/SiFive_HiFive_RevB_Projects/bsp/install/lib/debug//libmetal.a(inline.o)
                0x0000000080000478                __metal_dt_clock_4
 *(.gnu.linkonce.d.*)
                0x0000000080000488                . = ALIGN (0x8)
 *fill*         0x0000000080000484        0x4 
                0x0000000080000c88                PROVIDE (__global_pointer$ = (. + 0x800))
 *(.sdata .sdata.* .sdata2.*)
 .sdata.cpu_freq
                0x0000000080000488        0x4 /tmp/ccBG2CIM.o
                0x0000000080000488                cpu_freq
 .sdata.__metal_cpu_table
                0x000000008000048c        0x4 /home/nicoladgg/wsFreedomStudio/SiFive_HiFive_RevB_Projects/bsp/install/lib/debug//libmetal.a(synchronize_harts.o)
                0x000000008000048c                __metal_cpu_table
 .sdata.__metal_dt_clint_2000000
                0x0000000080000490        0x8 /home/nicoladgg/wsFreedomStudio/SiFive_HiFive_RevB_Projects/bsp/install/lib/debug//libmetal.a(inline.o)
                0x0000000080000490                __metal_dt_clint_2000000
 .sdata.__metal_dt_cpu_0
                0x0000000080000498        0x8 /home/nicoladgg/wsFreedomStudio/SiFive_HiFive_RevB_Projects/bsp/install/lib/debug//libmetal.a(inline.o)
                0x0000000080000498                __metal_dt_cpu_0
 .sdata.__metal_dt_prci_10008000
                0x00000000800004a0        0x4 /home/nicoladgg/wsFreedomStudio/SiFive_HiFive_RevB_Projects/bsp/install/lib/debug//libmetal.a(inline.o)
                0x00000000800004a0                __metal_dt_prci_10008000
 *(.gnu.linkonce.s.*)

.tdata          0x00000000800004a8        0x0 load address 0x0000000020014a70
                0x00000000800004a8                PROVIDE (__tls_base = .)
 *(.tdata .tdata.* .gnu.linkonce.td.*)
                [!provide]                        PROVIDE (__tdata_source = LOADADDR (.tdata))
                [!provide]                        PROVIDE (__tdata_size = SIZEOF (.tdata))
                0x00000000200145c8                PROVIDE (metal_segment_data_source_start = LOADADDR (.data))
                0x0000000080000000                PROVIDE (metal_segment_data_target_start = ADDR (.data))
                0x00000000800004a8                PROVIDE (metal_segment_data_target_end = (ADDR (.tdata) + SIZEOF (.tdata)))

.tbss           0x00000000800004a8        0x0
 *(.tbss .tbss.* .gnu.linkonce.tb.*)
 *(.tcommon .tcommon.*)
                [!provide]                        PROVIDE (__tls_end = .)
                0x0000000000000000                PROVIDE (__tbss_size = SIZEOF (.tbss))
                [!provide]                        PROVIDE (__tls_size = (__tls_end - __tls_base))

.tbss_space     0x00000000800004a8        0x0
                0x00000000800004a8                . = (. + __tbss_size)

.bss            0x00000000800004a8       0x98
 *(.sbss*)
 .sbss._global_atexit
                0x00000000800004a8        0x4 /home/nicoladgg/Scrivania/SiFive_HiFive1_RevB/FreedomStudio-4.18.0.2021-04-1-x86_64-linux-ubuntu14/SiFive/riscv64-unknown-elf-toolchain-10.2.0-2020.12.8/bin/../lib/gcc/riscv64-unknown-elf/10.2.0/../../../../riscv64-unknown-elf/lib/rv32imac/ilp32/libc_nano.a(lib_a-__call_atexit.o)
                0x00000000800004a8                _global_atexit
 .sbss.init_done.1
                0x00000000800004ac        0x4 /home/nicoladgg/wsFreedomStudio/SiFive_HiFive_RevB_Projects/bsp/install/lib/debug//libmetal.a(init.o)
 .sbss.fini_done.0
                0x00000000800004b0        0x4 /home/nicoladgg/wsFreedomStudio/SiFive_HiFive_RevB_Projects/bsp/install/lib/debug//libmetal.a(init.o)
 *(.gnu.linkonce.sb.*)
 *(.bss .bss.*)
 .bss._global_atexit0
                0x00000000800004b4       0x8c /home/nicoladgg/Scrivania/SiFive_HiFive1_RevB/FreedomStudio-4.18.0.2021-04-1-x86_64-linux-ubuntu14/SiFive/riscv64-unknown-elf-toolchain-10.2.0-2020.12.8/bin/../lib/gcc/riscv64-unknown-elf/10.2.0/../../../../riscv64-unknown-elf/lib/rv32imac/ilp32/libc_nano.a(lib_a-__atexit.o)
 *(.gnu.linkonce.b.*)
 *(COMMON)
                [!provide]                        PROVIDE (metal_segment_bss_source_start = LOADADDR (.tbss))
                0x00000000800004a8                PROVIDE (metal_segment_bss_target_start = ADDR (.tbss))
                0x0000000080000540                PROVIDE (metal_segment_bss_target_end = (ADDR (.bss) + SIZEOF (.bss)))

.stack          0x0000000080000540      0x400
                [!provide]                        PROVIDE (metal_segment_stack_begin = .)
                0x0000000080000940                . = (. + __stack_size)
 *fill*         0x0000000080000540      0x400 
                0x0000000080000940                PROVIDE (_sp = .)
                [!provide]                        PROVIDE (metal_segment_stack_end = .)

.heap           0x0000000080000940      0x800
                [!provide]                        PROVIDE (__end = .)
                [!provide]                        PROVIDE (__heap_start = .)
                [!provide]                        PROVIDE (metal_segment_heap_target_start = .)
                0x0000000000000800                . = DEFINED (__heap_max)?MIN ((LENGTH (ram) - (. - ORIGIN (ram))), 0x10000000):__heap_size
 *fill*         0x0000000080000940      0x800 
                [!provide]                        PROVIDE (metal_segment_heap_target_end = .)
                [!provide]                        PROVIDE (_heap_end = .)
                [!provide]                        PROVIDE (__heap_end = .)

/DISCARD/
 *(.eh_frame .eh_frame.*)
OUTPUT(main elf32-littleriscv)

.debug_info     0x0000000000000000    0x162d1
 .debug_info    0x0000000000000000      0xc2b /tmp/ccBG2CIM.o
 .debug_info    0x0000000000000c2b       0x22 /home/nicoladgg/wsFreedomStudio/SiFive_HiFive_RevB_Projects/bsp/install/lib/debug//libmetal.a(entry.o)
 .debug_info    0x0000000000000c4d       0x26 /home/nicoladgg/wsFreedomStudio/SiFive_HiFive_RevB_Projects/bsp/install/lib/debug//libmetal.a(scrub.o)
 .debug_info    0x0000000000000c73       0x22 /home/nicoladgg/wsFreedomStudio/SiFive_HiFive_RevB_Projects/bsp/install/lib/debug//libmetal.a(trap.o)
 .debug_info    0x0000000000000c95       0x26 /home/nicoladgg/wsFreedomStudio/SiFive_HiFive_RevB_Projects/bsp/install/lib/debug//libmetal-gloss.a(crt0.o)
 .debug_info    0x0000000000000cbb      0x14e /home/nicoladgg/wsFreedomStudio/SiFive_HiFive_RevB_Projects/bsp/install/lib/debug//libmetal.a(init.o)
 .debug_info    0x0000000000000e09     0x1921 /home/nicoladgg/wsFreedomStudio/SiFive_HiFive_RevB_Projects/bsp/install/lib/debug//libmetal.a(synchronize_harts.o)
 .debug_info    0x000000000000272a     0x2229 /home/nicoladgg/wsFreedomStudio/SiFive_HiFive_RevB_Projects/bsp/install/lib/debug//libmetal.a(inline.o)
 .debug_info    0x0000000000004953     0x2109 /home/nicoladgg/wsFreedomStudio/SiFive_HiFive_RevB_Projects/bsp/install/lib/debug//libmetal.a(riscv_clint0.o)
 .debug_info    0x0000000000006a5c     0x2fbf /home/nicoladgg/wsFreedomStudio/SiFive_HiFive_RevB_Projects/bsp/install/lib/debug//libmetal.a(riscv_cpu.o)
 .debug_info    0x0000000000009a1b     0x1c12 /home/nicoladgg/wsFreedomStudio/SiFive_HiFive_RevB_Projects/bsp/install/lib/debug//libmetal.a(sifive_fe310-g000_hfrosc.o)
 .debug_info    0x000000000000b62d     0x1c12 /home/nicoladgg/wsFreedomStudio/SiFive_HiFive_RevB_Projects/bsp/install/lib/debug//libmetal.a(sifive_fe310-g000_hfxosc.o)
 .debug_info    0x000000000000d23f     0x2183 /home/nicoladgg/wsFreedomStudio/SiFive_HiFive_RevB_Projects/bsp/install/lib/debug//libmetal.a(sifive_fe310-g000_pll.o)
 .debug_info    0x000000000000f3c2     0x1a7c /home/nicoladgg/wsFreedomStudio/SiFive_HiFive_RevB_Projects/bsp/install/lib/debug//libmetal.a(sifive_fe310-g000_prci.o)
 .debug_info    0x0000000000010e3e      0x2c7 /home/nicoladgg/wsFreedomStudio/SiFive_HiFive_RevB_Projects/bsp/install/lib/debug//libmetal.a(clock.o)
 .debug_info    0x0000000000011105     0x1cc1 /home/nicoladgg/wsFreedomStudio/SiFive_HiFive_RevB_Projects/bsp/install/lib/debug//libmetal.a(cpu.o)
 .debug_info    0x0000000000012dc6     0x19cc /home/nicoladgg/wsFreedomStudio/SiFive_HiFive_RevB_Projects/bsp/install/lib/debug//libmetal.a(shutdown.o)
 .debug_info    0x0000000000014792       0x26 /home/nicoladgg/wsFreedomStudio/SiFive_HiFive_RevB_Projects/bsp/install/lib/debug//libmetal.a(vector.o)
 .debug_info    0x00000000000147b8     0x1aca /home/nicoladgg/wsFreedomStudio/SiFive_HiFive_RevB_Projects/bsp/install/lib/debug//libmetal.a(fixed-clock.o)
 .debug_info    0x0000000000016282       0x4f /home/nicoladgg/wsFreedomStudio/SiFive_HiFive_RevB_Projects/bsp/install/lib/debug//libmetal-gloss.a(sys_exit.o)

.debug_abbrev   0x0000000000000000     0x1c9b
 .debug_abbrev  0x0000000000000000      0x309 /tmp/ccBG2CIM.o
 .debug_abbrev  0x0000000000000309       0x12 /home/nicoladgg/wsFreedomStudio/SiFive_HiFive_RevB_Projects/bsp/install/lib/debug//libmetal.a(entry.o)
 .debug_abbrev  0x000000000000031b       0x14 /home/nicoladgg/wsFreedomStudio/SiFive_HiFive_RevB_Projects/bsp/install/lib/debug//libmetal.a(scrub.o)
 .debug_abbrev  0x000000000000032f       0x12 /home/nicoladgg/wsFreedomStudio/SiFive_HiFive_RevB_Projects/bsp/install/lib/debug//libmetal.a(trap.o)
 .debug_abbrev  0x0000000000000341       0x14 /home/nicoladgg/wsFreedomStudio/SiFive_HiFive_RevB_Projects/bsp/install/lib/debug//libmetal-gloss.a(crt0.o)
 .debug_abbrev  0x0000000000000355       0xa1 /home/nicoladgg/wsFreedomStudio/SiFive_HiFive_RevB_Projects/bsp/install/lib/debug//libmetal.a(init.o)
 .debug_abbrev  0x00000000000003f6      0x15d /home/nicoladgg/wsFreedomStudio/SiFive_HiFive_RevB_Projects/bsp/install/lib/debug//libmetal.a(synchronize_harts.o)
 .debug_abbrev  0x0000000000000553      0x181 /home/nicoladgg/wsFreedomStudio/SiFive_HiFive_RevB_Projects/bsp/install/lib/debug//libmetal.a(inline.o)
 .debug_abbrev  0x00000000000006d4      0x2dd /home/nicoladgg/wsFreedomStudio/SiFive_HiFive_RevB_Projects/bsp/install/lib/debug//libmetal.a(riscv_clint0.o)
 .debug_abbrev  0x00000000000009b1      0x359 /home/nicoladgg/wsFreedomStudio/SiFive_HiFive_RevB_Projects/bsp/install/lib/debug//libmetal.a(riscv_cpu.o)
 .debug_abbrev  0x0000000000000d0a      0x202 /home/nicoladgg/wsFreedomStudio/SiFive_HiFive_RevB_Projects/bsp/install/lib/debug//libmetal.a(sifive_fe310-g000_hfrosc.o)
 .debug_abbrev  0x0000000000000f0c      0x202 /home/nicoladgg/wsFreedomStudio/SiFive_HiFive_RevB_Projects/bsp/install/lib/debug//libmetal.a(sifive_fe310-g000_hfxosc.o)
 .debug_abbrev  0x000000000000110e      0x2f9 /home/nicoladgg/wsFreedomStudio/SiFive_HiFive_RevB_Projects/bsp/install/lib/debug//libmetal.a(sifive_fe310-g000_pll.o)
 .debug_abbrev  0x0000000000001407      0x1aa /home/nicoladgg/wsFreedomStudio/SiFive_HiFive_RevB_Projects/bsp/install/lib/debug//libmetal.a(sifive_fe310-g000_prci.o)
 .debug_abbrev  0x00000000000015b1      0x129 /home/nicoladgg/wsFreedomStudio/SiFive_HiFive_RevB_Projects/bsp/install/lib/debug//libmetal.a(clock.o)
 .debug_abbrev  0x00000000000016da      0x21b /home/nicoladgg/wsFreedomStudio/SiFive_HiFive_RevB_Projects/bsp/install/lib/debug//libmetal.a(cpu.o)
 .debug_abbrev  0x00000000000018f5      0x1aa /home/nicoladgg/wsFreedomStudio/SiFive_HiFive_RevB_Projects/bsp/install/lib/debug//libmetal.a(shutdown.o)
 .debug_abbrev  0x0000000000001a9f       0x14 /home/nicoladgg/wsFreedomStudio/SiFive_HiFive_RevB_Projects/bsp/install/lib/debug//libmetal.a(vector.o)
 .debug_abbrev  0x0000000000001ab3      0x19b /home/nicoladgg/wsFreedomStudio/SiFive_HiFive_RevB_Projects/bsp/install/lib/debug//libmetal.a(fixed-clock.o)
 .debug_abbrev  0x0000000000001c4e       0x4d /home/nicoladgg/wsFreedomStudio/SiFive_HiFive_RevB_Projects/bsp/install/lib/debug//libmetal-gloss.a(sys_exit.o)

.debug_aranges  0x0000000000000000      0x820
 .debug_aranges
                0x0000000000000000      0x110 /tmp/ccBG2CIM.o
 .debug_aranges
                0x0000000000000110       0x28 /home/nicoladgg/wsFreedomStudio/SiFive_HiFive_RevB_Projects/bsp/install/lib/debug//libmetal.a(entry.o)
 .debug_aranges
                0x0000000000000138       0x20 /home/nicoladgg/wsFreedomStudio/SiFive_HiFive_RevB_Projects/bsp/install/lib/debug//libmetal.a(scrub.o)
 .debug_aranges
                0x0000000000000158       0x28 /home/nicoladgg/wsFreedomStudio/SiFive_HiFive_RevB_Projects/bsp/install/lib/debug//libmetal.a(trap.o)
 .debug_aranges
                0x0000000000000180       0x20 /home/nicoladgg/wsFreedomStudio/SiFive_HiFive_RevB_Projects/bsp/install/lib/debug//libmetal-gloss.a(crt0.o)
 .debug_aranges
                0x00000000000001a0       0x38 /home/nicoladgg/wsFreedomStudio/SiFive_HiFive_RevB_Projects/bsp/install/lib/debug//libmetal.a(init.o)
 .debug_aranges
                0x00000000000001d8       0x20 /home/nicoladgg/wsFreedomStudio/SiFive_HiFive_RevB_Projects/bsp/install/lib/debug//libmetal.a(synchronize_harts.o)
 .debug_aranges
                0x00000000000001f8       0x18 /home/nicoladgg/wsFreedomStudio/SiFive_HiFive_RevB_Projects/bsp/install/lib/debug//libmetal.a(inline.o)
 .debug_aranges
                0x0000000000000210       0xa0 /home/nicoladgg/wsFreedomStudio/SiFive_HiFive_RevB_Projects/bsp/install/lib/debug//libmetal.a(riscv_clint0.o)
 .debug_aranges
                0x00000000000002b0      0x278 /home/nicoladgg/wsFreedomStudio/SiFive_HiFive_RevB_Projects/bsp/install/lib/debug//libmetal.a(riscv_cpu.o)
 .debug_aranges
                0x0000000000000528       0x48 /home/nicoladgg/wsFreedomStudio/SiFive_HiFive_RevB_Projects/bsp/install/lib/debug//libmetal.a(sifive_fe310-g000_hfrosc.o)
 .debug_aranges
                0x0000000000000570       0x48 /home/nicoladgg/wsFreedomStudio/SiFive_HiFive_RevB_Projects/bsp/install/lib/debug//libmetal.a(sifive_fe310-g000_hfxosc.o)
 .debug_aranges
                0x00000000000005b8       0xa0 /home/nicoladgg/wsFreedomStudio/SiFive_HiFive_RevB_Projects/bsp/install/lib/debug//libmetal.a(sifive_fe310-g000_pll.o)
 .debug_aranges
                0x0000000000000658       0x30 /home/nicoladgg/wsFreedomStudio/SiFive_HiFive_RevB_Projects/bsp/install/lib/debug//libmetal.a(sifive_fe310-g000_prci.o)
 .debug_aranges
                0x0000000000000688       0x48 /home/nicoladgg/wsFreedomStudio/SiFive_HiFive_RevB_Projects/bsp/install/lib/debug//libmetal.a(clock.o)
 .debug_aranges
                0x00000000000006d0       0xb8 /home/nicoladgg/wsFreedomStudio/SiFive_HiFive_RevB_Projects/bsp/install/lib/debug//libmetal.a(cpu.o)
 .debug_aranges
                0x0000000000000788       0x28 /home/nicoladgg/wsFreedomStudio/SiFive_HiFive_RevB_Projects/bsp/install/lib/debug//libmetal.a(shutdown.o)
 .debug_aranges
                0x00000000000007b0       0x20 /home/nicoladgg/wsFreedomStudio/SiFive_HiFive_RevB_Projects/bsp/install/lib/debug//libmetal.a(vector.o)
 .debug_aranges
                0x00000000000007d0       0x30 /home/nicoladgg/wsFreedomStudio/SiFive_HiFive_RevB_Projects/bsp/install/lib/debug//libmetal.a(fixed-clock.o)
 .debug_aranges
                0x0000000000000800       0x20 /home/nicoladgg/wsFreedomStudio/SiFive_HiFive_RevB_Projects/bsp/install/lib/debug//libmetal-gloss.a(sys_exit.o)

.debug_ranges   0x0000000000000000      0x700
 .debug_ranges  0x0000000000000000      0x100 /tmp/ccBG2CIM.o
 .debug_ranges  0x0000000000000100       0x20 /home/nicoladgg/wsFreedomStudio/SiFive_HiFive_RevB_Projects/bsp/install/lib/debug//libmetal.a(entry.o)
 .debug_ranges  0x0000000000000120       0x20 /home/nicoladgg/wsFreedomStudio/SiFive_HiFive_RevB_Projects/bsp/install/lib/debug//libmetal.a(trap.o)
 .debug_ranges  0x0000000000000140       0x28 /home/nicoladgg/wsFreedomStudio/SiFive_HiFive_RevB_Projects/bsp/install/lib/debug//libmetal.a(init.o)
 .debug_ranges  0x0000000000000168       0x10 /home/nicoladgg/wsFreedomStudio/SiFive_HiFive_RevB_Projects/bsp/install/lib/debug//libmetal.a(synchronize_harts.o)
 .debug_ranges  0x0000000000000178       0xd8 /home/nicoladgg/wsFreedomStudio/SiFive_HiFive_RevB_Projects/bsp/install/lib/debug//libmetal.a(riscv_clint0.o)
 .debug_ranges  0x0000000000000250      0x268 /home/nicoladgg/wsFreedomStudio/SiFive_HiFive_RevB_Projects/bsp/install/lib/debug//libmetal.a(riscv_cpu.o)
 .debug_ranges  0x00000000000004b8       0x38 /home/nicoladgg/wsFreedomStudio/SiFive_HiFive_RevB_Projects/bsp/install/lib/debug//libmetal.a(sifive_fe310-g000_hfrosc.o)
 .debug_ranges  0x00000000000004f0       0x38 /home/nicoladgg/wsFreedomStudio/SiFive_HiFive_RevB_Projects/bsp/install/lib/debug//libmetal.a(sifive_fe310-g000_hfxosc.o)
 .debug_ranges  0x0000000000000528       0x90 /home/nicoladgg/wsFreedomStudio/SiFive_HiFive_RevB_Projects/bsp/install/lib/debug//libmetal.a(sifive_fe310-g000_pll.o)
 .debug_ranges  0x00000000000005b8       0x20 /home/nicoladgg/wsFreedomStudio/SiFive_HiFive_RevB_Projects/bsp/install/lib/debug//libmetal.a(sifive_fe310-g000_prci.o)
 .debug_ranges  0x00000000000005d8       0x38 /home/nicoladgg/wsFreedomStudio/SiFive_HiFive_RevB_Projects/bsp/install/lib/debug//libmetal.a(clock.o)
 .debug_ranges  0x0000000000000610       0xa8 /home/nicoladgg/wsFreedomStudio/SiFive_HiFive_RevB_Projects/bsp/install/lib/debug//libmetal.a(cpu.o)
 .debug_ranges  0x00000000000006b8       0x18 /home/nicoladgg/wsFreedomStudio/SiFive_HiFive_RevB_Projects/bsp/install/lib/debug//libmetal.a(shutdown.o)
 .debug_ranges  0x00000000000006d0       0x20 /home/nicoladgg/wsFreedomStudio/SiFive_HiFive_RevB_Projects/bsp/install/lib/debug//libmetal.a(fixed-clock.o)
 .debug_ranges  0x00000000000006f0       0x10 /home/nicoladgg/wsFreedomStudio/SiFive_HiFive_RevB_Projects/bsp/install/lib/debug//libmetal-gloss.a(sys_exit.o)

.debug_line     0x0000000000000000     0x851d
 .debug_line    0x0000000000000000     0x1963 /tmp/ccBG2CIM.o
 .debug_line    0x0000000000001963      0x155 /home/nicoladgg/wsFreedomStudio/SiFive_HiFive_RevB_Projects/bsp/install/lib/debug//libmetal.a(entry.o)
 .debug_line    0x0000000000001ab8      0x18c /home/nicoladgg/wsFreedomStudio/SiFive_HiFive_RevB_Projects/bsp/install/lib/debug//libmetal.a(scrub.o)
 .debug_line    0x0000000000001c44       0xf3 /home/nicoladgg/wsFreedomStudio/SiFive_HiFive_RevB_Projects/bsp/install/lib/debug//libmetal.a(trap.o)
 .debug_line    0x0000000000001d37      0x2d1 /home/nicoladgg/wsFreedomStudio/SiFive_HiFive_RevB_Projects/bsp/install/lib/debug//libmetal-gloss.a(crt0.o)
 .debug_line    0x0000000000002008      0x201 /home/nicoladgg/wsFreedomStudio/SiFive_HiFive_RevB_Projects/bsp/install/lib/debug//libmetal.a(init.o)
 .debug_line    0x0000000000002209      0x49b /home/nicoladgg/wsFreedomStudio/SiFive_HiFive_RevB_Projects/bsp/install/lib/debug//libmetal.a(synchronize_harts.o)
 .debug_line    0x00000000000026a4      0x508 /home/nicoladgg/wsFreedomStudio/SiFive_HiFive_RevB_Projects/bsp/install/lib/debug//libmetal.a(inline.o)
 .debug_line    0x0000000000002bac      0xc62 /home/nicoladgg/wsFreedomStudio/SiFive_HiFive_RevB_Projects/bsp/install/lib/debug//libmetal.a(riscv_clint0.o)
 .debug_line    0x000000000000380e     0x18eb /home/nicoladgg/wsFreedomStudio/SiFive_HiFive_RevB_Projects/bsp/install/lib/debug//libmetal.a(riscv_cpu.o)
 .debug_line    0x00000000000050f9      0x619 /home/nicoladgg/wsFreedomStudio/SiFive_HiFive_RevB_Projects/bsp/install/lib/debug//libmetal.a(sifive_fe310-g000_hfrosc.o)
 .debug_line    0x0000000000005712      0x601 /home/nicoladgg/wsFreedomStudio/SiFive_HiFive_RevB_Projects/bsp/install/lib/debug//libmetal.a(sifive_fe310-g000_hfxosc.o)
 .debug_line    0x0000000000005d13      0xc47 /home/nicoladgg/wsFreedomStudio/SiFive_HiFive_RevB_Projects/bsp/install/lib/debug//libmetal.a(sifive_fe310-g000_pll.o)
 .debug_line    0x000000000000695a      0x545 /home/nicoladgg/wsFreedomStudio/SiFive_HiFive_RevB_Projects/bsp/install/lib/debug//libmetal.a(sifive_fe310-g000_prci.o)
 .debug_line    0x0000000000006e9f      0x20e /home/nicoladgg/wsFreedomStudio/SiFive_HiFive_RevB_Projects/bsp/install/lib/debug//libmetal.a(clock.o)
 .debug_line    0x00000000000070ad      0x858 /home/nicoladgg/wsFreedomStudio/SiFive_HiFive_RevB_Projects/bsp/install/lib/debug//libmetal.a(cpu.o)
 .debug_line    0x0000000000007905      0x4d0 /home/nicoladgg/wsFreedomStudio/SiFive_HiFive_RevB_Projects/bsp/install/lib/debug//libmetal.a(shutdown.o)
 .debug_line    0x0000000000007dd5      0x140 /home/nicoladgg/wsFreedomStudio/SiFive_HiFive_RevB_Projects/bsp/install/lib/debug//libmetal.a(vector.o)
 .debug_line    0x0000000000007f15      0x577 /home/nicoladgg/wsFreedomStudio/SiFive_HiFive_RevB_Projects/bsp/install/lib/debug//libmetal.a(fixed-clock.o)
 .debug_line    0x000000000000848c       0x91 /home/nicoladgg/wsFreedomStudio/SiFive_HiFive_RevB_Projects/bsp/install/lib/debug//libmetal-gloss.a(sys_exit.o)

.debug_str      0x0000000000000000     0x3f7b
 .debug_str     0x0000000000000000      0x635 /tmp/ccBG2CIM.o
                                        0x6d9 (size before relaxing)
 .debug_str     0x0000000000000635       0xaa /home/nicoladgg/wsFreedomStudio/SiFive_HiFive_RevB_Projects/bsp/install/lib/debug//libmetal.a(entry.o)
 .debug_str     0x00000000000006df       0x54 /home/nicoladgg/wsFreedomStudio/SiFive_HiFive_RevB_Projects/bsp/install/lib/debug//libmetal.a(scrub.o)
                                         0xaa (size before relaxing)
 .debug_str     0x0000000000000733       0x53 /home/nicoladgg/wsFreedomStudio/SiFive_HiFive_RevB_Projects/bsp/install/lib/debug//libmetal.a(trap.o)
                                         0xa9 (size before relaxing)
 .debug_str     0x0000000000000786       0x55 /home/nicoladgg/wsFreedomStudio/SiFive_HiFive_RevB_Projects/bsp/install/lib/debug//libmetal-gloss.a(crt0.o)
                                         0xab (size before relaxing)
 .debug_str     0x00000000000007db      0x12d /home/nicoladgg/wsFreedomStudio/SiFive_HiFive_RevB_Projects/bsp/install/lib/debug//libmetal.a(init.o)
                                        0x1f6 (size before relaxing)
 .debug_str     0x0000000000000908      0xfb7 /home/nicoladgg/wsFreedomStudio/SiFive_HiFive_RevB_Projects/bsp/install/lib/debug//libmetal.a(synchronize_harts.o)
                                       0x131d (size before relaxing)
 .debug_str     0x00000000000018bf      0x685 /home/nicoladgg/wsFreedomStudio/SiFive_HiFive_RevB_Projects/bsp/install/lib/debug//libmetal.a(inline.o)
                                       0x19b4 (size before relaxing)
 .debug_str     0x0000000000001f44      0x3aa /home/nicoladgg/wsFreedomStudio/SiFive_HiFive_RevB_Projects/bsp/install/lib/debug//libmetal.a(riscv_clint0.o)
                                       0x17b9 (size before relaxing)
 .debug_str     0x00000000000022ee      0xf0c /home/nicoladgg/wsFreedomStudio/SiFive_HiFive_RevB_Projects/bsp/install/lib/debug//libmetal.a(riscv_cpu.o)
                                       0x23d6 (size before relaxing)
 .debug_str     0x00000000000031fa      0x19a /home/nicoladgg/wsFreedomStudio/SiFive_HiFive_RevB_Projects/bsp/install/lib/debug//libmetal.a(sifive_fe310-g000_hfrosc.o)
                                       0x15a9 (size before relaxing)
 .debug_str     0x0000000000003394      0x16d /home/nicoladgg/wsFreedomStudio/SiFive_HiFive_RevB_Projects/bsp/install/lib/debug//libmetal.a(sifive_fe310-g000_hfxosc.o)
                                       0x15a9 (size before relaxing)
 .debug_str     0x0000000000003501      0x3d3 /home/nicoladgg/wsFreedomStudio/SiFive_HiFive_RevB_Projects/bsp/install/lib/debug//libmetal.a(sifive_fe310-g000_pll.o)
                                       0x19d2 (size before relaxing)
 .debug_str     0x00000000000038d4       0xcf /home/nicoladgg/wsFreedomStudio/SiFive_HiFive_RevB_Projects/bsp/install/lib/debug//libmetal.a(sifive_fe310-g000_prci.o)
                                       0x1420 (size before relaxing)
 .debug_str     0x00000000000039a3      0x12f /home/nicoladgg/wsFreedomStudio/SiFive_HiFive_RevB_Projects/bsp/install/lib/debug//libmetal.a(clock.o)
                                        0x2ff (size before relaxing)
 .debug_str     0x0000000000003ad2      0x27a /home/nicoladgg/wsFreedomStudio/SiFive_HiFive_RevB_Projects/bsp/install/lib/debug//libmetal.a(cpu.o)
                                       0x1537 (size before relaxing)
 .debug_str     0x0000000000003d4c       0x96 /home/nicoladgg/wsFreedomStudio/SiFive_HiFive_RevB_Projects/bsp/install/lib/debug//libmetal.a(shutdown.o)
                                       0x1352 (size before relaxing)
 .debug_str     0x0000000000003de2       0x55 /home/nicoladgg/wsFreedomStudio/SiFive_HiFive_RevB_Projects/bsp/install/lib/debug//libmetal.a(vector.o)
                                         0xab (size before relaxing)
 .debug_str     0x0000000000003e37       0xdf /home/nicoladgg/wsFreedomStudio/SiFive_HiFive_RevB_Projects/bsp/install/lib/debug//libmetal.a(fixed-clock.o)
                                       0x147f (size before relaxing)
 .debug_str     0x0000000000003f16       0x65 /home/nicoladgg/wsFreedomStudio/SiFive_HiFive_RevB_Projects/bsp/install/lib/debug//libmetal-gloss.a(sys_exit.o)
                                        0x134 (size before relaxing)

.comment        0x0000000000000000       0x30
 .comment       0x0000000000000000       0x30 /tmp/ccBG2CIM.o
                                         0x31 (size before relaxing)
 .comment       0x0000000000000030       0x31 /home/nicoladgg/Scrivania/SiFive_HiFive1_RevB/FreedomStudio-4.18.0.2021-04-1-x86_64-linux-ubuntu14/SiFive/riscv64-unknown-elf-toolchain-10.2.0-2020.12.8/bin/../lib/gcc/riscv64-unknown-elf/10.2.0/../../../../riscv64-unknown-elf/lib/rv32imac/ilp32/libc_nano.a(lib_a-atexit.o)
 .comment       0x0000000000000030       0x31 /home/nicoladgg/Scrivania/SiFive_HiFive1_RevB/FreedomStudio-4.18.0.2021-04-1-x86_64-linux-ubuntu14/SiFive/riscv64-unknown-elf-toolchain-10.2.0-2020.12.8/bin/../lib/gcc/riscv64-unknown-elf/10.2.0/../../../../riscv64-unknown-elf/lib/rv32imac/ilp32/libc_nano.a(lib_a-exit.o)
 .comment       0x0000000000000030       0x31 /home/nicoladgg/Scrivania/SiFive_HiFive1_RevB/FreedomStudio-4.18.0.2021-04-1-x86_64-linux-ubuntu14/SiFive/riscv64-unknown-elf-toolchain-10.2.0-2020.12.8/bin/../lib/gcc/riscv64-unknown-elf/10.2.0/../../../../riscv64-unknown-elf/lib/rv32imac/ilp32/libc_nano.a(lib_a-fini.o)
 .comment       0x0000000000000030       0x31 /home/nicoladgg/Scrivania/SiFive_HiFive1_RevB/FreedomStudio-4.18.0.2021-04-1-x86_64-linux-ubuntu14/SiFive/riscv64-unknown-elf-toolchain-10.2.0-2020.12.8/bin/../lib/gcc/riscv64-unknown-elf/10.2.0/../../../../riscv64-unknown-elf/lib/rv32imac/ilp32/libc_nano.a(lib_a-impure.o)
 .comment       0x0000000000000030       0x31 /home/nicoladgg/Scrivania/SiFive_HiFive1_RevB/FreedomStudio-4.18.0.2021-04-1-x86_64-linux-ubuntu14/SiFive/riscv64-unknown-elf-toolchain-10.2.0-2020.12.8/bin/../lib/gcc/riscv64-unknown-elf/10.2.0/../../../../riscv64-unknown-elf/lib/rv32imac/ilp32/libc_nano.a(lib_a-init.o)
 .comment       0x0000000000000030       0x31 /home/nicoladgg/Scrivania/SiFive_HiFive1_RevB/FreedomStudio-4.18.0.2021-04-1-x86_64-linux-ubuntu14/SiFive/riscv64-unknown-elf-toolchain-10.2.0-2020.12.8/bin/../lib/gcc/riscv64-unknown-elf/10.2.0/../../../../riscv64-unknown-elf/lib/rv32imac/ilp32/libc_nano.a(lib_a-__atexit.o)
 .comment       0x0000000000000030       0x31 /home/nicoladgg/Scrivania/SiFive_HiFive1_RevB/FreedomStudio-4.18.0.2021-04-1-x86_64-linux-ubuntu14/SiFive/riscv64-unknown-elf-toolchain-10.2.0-2020.12.8/bin/../lib/gcc/riscv64-unknown-elf/10.2.0/../../../../riscv64-unknown-elf/lib/rv32imac/ilp32/libc_nano.a(lib_a-__call_atexit.o)
 .comment       0x0000000000000030       0x31 /home/nicoladgg/wsFreedomStudio/SiFive_HiFive_RevB_Projects/bsp/install/lib/debug//libmetal.a(init.o)
 .comment       0x0000000000000030       0x31 /home/nicoladgg/wsFreedomStudio/SiFive_HiFive_RevB_Projects/bsp/install/lib/debug//libmetal.a(synchronize_harts.o)
 .comment       0x0000000000000030       0x31 /home/nicoladgg/wsFreedomStudio/SiFive_HiFive_RevB_Projects/bsp/install/lib/debug//libmetal.a(inline.o)
 .comment       0x0000000000000030       0x31 /home/nicoladgg/wsFreedomStudio/SiFive_HiFive_RevB_Projects/bsp/install/lib/debug//libmetal.a(riscv_clint0.o)
 .comment       0x0000000000000030       0x31 /home/nicoladgg/wsFreedomStudio/SiFive_HiFive_RevB_Projects/bsp/install/lib/debug//libmetal.a(riscv_cpu.o)
 .comment       0x0000000000000030       0x31 /home/nicoladgg/wsFreedomStudio/SiFive_HiFive_RevB_Projects/bsp/install/lib/debug//libmetal.a(sifive_fe310-g000_hfrosc.o)
 .comment       0x0000000000000030       0x31 /home/nicoladgg/wsFreedomStudio/SiFive_HiFive_RevB_Projects/bsp/install/lib/debug//libmetal.a(sifive_fe310-g000_hfxosc.o)
 .comment       0x0000000000000030       0x31 /home/nicoladgg/wsFreedomStudio/SiFive_HiFive_RevB_Projects/bsp/install/lib/debug//libmetal.a(sifive_fe310-g000_pll.o)
 .comment       0x0000000000000030       0x31 /home/nicoladgg/wsFreedomStudio/SiFive_HiFive_RevB_Projects/bsp/install/lib/debug//libmetal.a(sifive_fe310-g000_prci.o)
 .comment       0x0000000000000030       0x31 /home/nicoladgg/wsFreedomStudio/SiFive_HiFive_RevB_Projects/bsp/install/lib/debug//libmetal.a(clock.o)
 .comment       0x0000000000000030       0x31 /home/nicoladgg/wsFreedomStudio/SiFive_HiFive_RevB_Projects/bsp/install/lib/debug//libmetal.a(cpu.o)
 .comment       0x0000000000000030       0x31 /home/nicoladgg/wsFreedomStudio/SiFive_HiFive_RevB_Projects/bsp/install/lib/debug//libmetal.a(shutdown.o)
 .comment       0x0000000000000030       0x31 /home/nicoladgg/wsFreedomStudio/SiFive_HiFive_RevB_Projects/bsp/install/lib/debug//libmetal.a(fixed-clock.o)
 .comment       0x0000000000000030       0x31 /home/nicoladgg/wsFreedomStudio/SiFive_HiFive_RevB_Projects/bsp/install/lib/debug//libmetal-gloss.a(sys_exit.o)

.riscv.attributes
                0x0000000000000000       0x2f
 .riscv.attributes
                0x0000000000000000       0x2f /tmp/ccBG2CIM.o
 .riscv.attributes
                0x000000000000002f       0x2d /home/nicoladgg/wsFreedomStudio/SiFive_HiFive_RevB_Projects/bsp/install/lib/debug//libmetal.a(entry.o)
 .riscv.attributes
                0x000000000000005c       0x2d /home/nicoladgg/wsFreedomStudio/SiFive_HiFive_RevB_Projects/bsp/install/lib/debug//libmetal.a(scrub.o)
 .riscv.attributes
                0x0000000000000089       0x2d /home/nicoladgg/wsFreedomStudio/SiFive_HiFive_RevB_Projects/bsp/install/lib/debug//libmetal.a(trap.o)
 .riscv.attributes
                0x00000000000000b6       0x2d /home/nicoladgg/wsFreedomStudio/SiFive_HiFive_RevB_Projects/bsp/install/lib/debug//libmetal-gloss.a(crt0.o)
 .riscv.attributes
                0x00000000000000e3       0x2b /home/nicoladgg/Scrivania/SiFive_HiFive1_RevB/FreedomStudio-4.18.0.2021-04-1-x86_64-linux-ubuntu14/SiFive/riscv64-unknown-elf-toolchain-10.2.0-2020.12.8/bin/../lib/gcc/riscv64-unknown-elf/10.2.0/../../../../riscv64-unknown-elf/lib/rv32imac/ilp32/libc_nano.a(lib_a-atexit.o)
 .riscv.attributes
                0x000000000000010e       0x2b /home/nicoladgg/Scrivania/SiFive_HiFive1_RevB/FreedomStudio-4.18.0.2021-04-1-x86_64-linux-ubuntu14/SiFive/riscv64-unknown-elf-toolchain-10.2.0-2020.12.8/bin/../lib/gcc/riscv64-unknown-elf/10.2.0/../../../../riscv64-unknown-elf/lib/rv32imac/ilp32/libc_nano.a(lib_a-exit.o)
 .riscv.attributes
                0x0000000000000139       0x2b /home/nicoladgg/Scrivania/SiFive_HiFive1_RevB/FreedomStudio-4.18.0.2021-04-1-x86_64-linux-ubuntu14/SiFive/riscv64-unknown-elf-toolchain-10.2.0-2020.12.8/bin/../lib/gcc/riscv64-unknown-elf/10.2.0/../../../../riscv64-unknown-elf/lib/rv32imac/ilp32/libc_nano.a(lib_a-fini.o)
 .riscv.attributes
                0x0000000000000164       0x2b /home/nicoladgg/Scrivania/SiFive_HiFive1_RevB/FreedomStudio-4.18.0.2021-04-1-x86_64-linux-ubuntu14/SiFive/riscv64-unknown-elf-toolchain-10.2.0-2020.12.8/bin/../lib/gcc/riscv64-unknown-elf/10.2.0/../../../../riscv64-unknown-elf/lib/rv32imac/ilp32/libc_nano.a(lib_a-impure.o)
 .riscv.attributes
                0x000000000000018f       0x2b /home/nicoladgg/Scrivania/SiFive_HiFive1_RevB/FreedomStudio-4.18.0.2021-04-1-x86_64-linux-ubuntu14/SiFive/riscv64-unknown-elf-toolchain-10.2.0-2020.12.8/bin/../lib/gcc/riscv64-unknown-elf/10.2.0/../../../../riscv64-unknown-elf/lib/rv32imac/ilp32/libc_nano.a(lib_a-init.o)
 .riscv.attributes
                0x00000000000001ba       0x2b /home/nicoladgg/Scrivania/SiFive_HiFive1_RevB/FreedomStudio-4.18.0.2021-04-1-x86_64-linux-ubuntu14/SiFive/riscv64-unknown-elf-toolchain-10.2.0-2020.12.8/bin/../lib/gcc/riscv64-unknown-elf/10.2.0/../../../../riscv64-unknown-elf/lib/rv32imac/ilp32/libc_nano.a(lib_a-__atexit.o)
 .riscv.attributes
                0x00000000000001e5       0x2b /home/nicoladgg/Scrivania/SiFive_HiFive1_RevB/FreedomStudio-4.18.0.2021-04-1-x86_64-linux-ubuntu14/SiFive/riscv64-unknown-elf-toolchain-10.2.0-2020.12.8/bin/../lib/gcc/riscv64-unknown-elf/10.2.0/../../../../riscv64-unknown-elf/lib/rv32imac/ilp32/libc_nano.a(lib_a-__call_atexit.o)
 .riscv.attributes
                0x0000000000000210       0x2b /home/nicoladgg/wsFreedomStudio/SiFive_HiFive_RevB_Projects/bsp/install/lib/debug//libmetal.a(init.o)
 .riscv.attributes
                0x000000000000023b       0x2b /home/nicoladgg/wsFreedomStudio/SiFive_HiFive_RevB_Projects/bsp/install/lib/debug//libmetal.a(synchronize_harts.o)
 .riscv.attributes
                0x0000000000000266       0x2b /home/nicoladgg/wsFreedomStudio/SiFive_HiFive_RevB_Projects/bsp/install/lib/debug//libmetal.a(inline.o)
 .riscv.attributes
                0x0000000000000291       0x2f /home/nicoladgg/wsFreedomStudio/SiFive_HiFive_RevB_Projects/bsp/install/lib/debug//libmetal.a(riscv_clint0.o)
 .riscv.attributes
                0x00000000000002c0       0x2f /home/nicoladgg/wsFreedomStudio/SiFive_HiFive_RevB_Projects/bsp/install/lib/debug//libmetal.a(riscv_cpu.o)
 .riscv.attributes
                0x00000000000002ef       0x2b /home/nicoladgg/wsFreedomStudio/SiFive_HiFive_RevB_Projects/bsp/install/lib/debug//libmetal.a(sifive_fe310-g000_hfrosc.o)
 .riscv.attributes
                0x000000000000031a       0x2b /home/nicoladgg/wsFreedomStudio/SiFive_HiFive_RevB_Projects/bsp/install/lib/debug//libmetal.a(sifive_fe310-g000_hfxosc.o)
 .riscv.attributes
                0x0000000000000345       0x2b /home/nicoladgg/wsFreedomStudio/SiFive_HiFive_RevB_Projects/bsp/install/lib/debug//libmetal.a(sifive_fe310-g000_pll.o)
 .riscv.attributes
                0x0000000000000370       0x2b /home/nicoladgg/wsFreedomStudio/SiFive_HiFive_RevB_Projects/bsp/install/lib/debug//libmetal.a(sifive_fe310-g000_prci.o)
 .riscv.attributes
                0x000000000000039b       0x2b /home/nicoladgg/wsFreedomStudio/SiFive_HiFive_RevB_Projects/bsp/install/lib/debug//libmetal.a(clock.o)
 .riscv.attributes
                0x00000000000003c6       0x2f /home/nicoladgg/wsFreedomStudio/SiFive_HiFive_RevB_Projects/bsp/install/lib/debug//libmetal.a(cpu.o)
 .riscv.attributes
                0x00000000000003f5       0x2b /home/nicoladgg/wsFreedomStudio/SiFive_HiFive_RevB_Projects/bsp/install/lib/debug//libmetal.a(shutdown.o)
 .riscv.attributes
                0x0000000000000420       0x29 /home/nicoladgg/wsFreedomStudio/SiFive_HiFive_RevB_Projects/bsp/install/lib/debug//libmetal.a(vector.o)
 .riscv.attributes
                0x0000000000000449       0x2b /home/nicoladgg/wsFreedomStudio/SiFive_HiFive_RevB_Projects/bsp/install/lib/debug//libmetal.a(fixed-clock.o)
 .riscv.attributes
                0x0000000000000474       0x2b /home/nicoladgg/wsFreedomStudio/SiFive_HiFive_RevB_Projects/bsp/install/lib/debug//libmetal-gloss.a(sys_exit.o)

.debug_frame    0x0000000000000000     0x22ac
 .debug_frame   0x0000000000000000      0x4c0 /tmp/ccBG2CIM.o
 .debug_frame   0x00000000000004c0       0xb0 /home/nicoladgg/wsFreedomStudio/SiFive_HiFive_RevB_Projects/bsp/install/lib/debug//libmetal.a(init.o)
 .debug_frame   0x0000000000000570       0x34 /home/nicoladgg/wsFreedomStudio/SiFive_HiFive_RevB_Projects/bsp/install/lib/debug//libmetal.a(synchronize_harts.o)
 .debug_frame   0x00000000000005a4      0x2cc /home/nicoladgg/wsFreedomStudio/SiFive_HiFive_RevB_Projects/bsp/install/lib/debug//libmetal.a(riscv_clint0.o)
 .debug_frame   0x0000000000000870     0x1030 /home/nicoladgg/wsFreedomStudio/SiFive_HiFive_RevB_Projects/bsp/install/lib/debug//libmetal.a(riscv_cpu.o)
 .debug_frame   0x00000000000018a0       0xf0 /home/nicoladgg/wsFreedomStudio/SiFive_HiFive_RevB_Projects/bsp/install/lib/debug//libmetal.a(sifive_fe310-g000_hfrosc.o)
 .debug_frame   0x0000000000001990       0xf0 /home/nicoladgg/wsFreedomStudio/SiFive_HiFive_RevB_Projects/bsp/install/lib/debug//libmetal.a(sifive_fe310-g000_hfxosc.o)
 .debug_frame   0x0000000000001a80      0x290 /home/nicoladgg/wsFreedomStudio/SiFive_HiFive_RevB_Projects/bsp/install/lib/debug//libmetal.a(sifive_fe310-g000_pll.o)
 .debug_frame   0x0000000000001d10       0x84 /home/nicoladgg/wsFreedomStudio/SiFive_HiFive_RevB_Projects/bsp/install/lib/debug//libmetal.a(sifive_fe310-g000_prci.o)
 .debug_frame   0x0000000000001d94       0xfc /home/nicoladgg/wsFreedomStudio/SiFive_HiFive_RevB_Projects/bsp/install/lib/debug//libmetal.a(clock.o)
 .debug_frame   0x0000000000001e90      0x324 /home/nicoladgg/wsFreedomStudio/SiFive_HiFive_RevB_Projects/bsp/install/lib/debug//libmetal.a(cpu.o)
 .debug_frame   0x00000000000021b4       0x48 /home/nicoladgg/wsFreedomStudio/SiFive_HiFive_RevB_Projects/bsp/install/lib/debug//libmetal.a(shutdown.o)
 .debug_frame   0x00000000000021fc       0x84 /home/nicoladgg/wsFreedomStudio/SiFive_HiFive_RevB_Projects/bsp/install/lib/debug//libmetal.a(fixed-clock.o)
 .debug_frame   0x0000000000002280       0x2c /home/nicoladgg/wsFreedomStudio/SiFive_HiFive_RevB_Projects/bsp/install/lib/debug//libmetal-gloss.a(sys_exit.o)